I/vtest   ( 9394): -- content: i dont have FB , cuz of the same reason
I/vtest   ( 9394): -- author: TheShamwow23
I/vtest   ( 9394): -- published: 2014-02-23T18:43:24.000Z
I/vtest   ( 9394): entry: 17 of 25
I/vtest   ( 9394): comments for #17
I/vtest   ( 9394): -- title: Still better than ...
I/vtest   ( 9394): -- content: Still better than mine.
I/vtest   ( 9394): -- author: Renard Thatch
I/vtest   ( 9394): -- published: 2014-02-23T15:30:07.000Z
I/vtest   ( 9394): entry: 18 of 25
I/vtest   ( 9394): comments for #18
I/vtest   ( 9394): -- title: The people that ...
I/vtest   ( 9394): -- content: The people that post everything on FB are the real losers. I justify this 
I/vtest   ( 9394): with the reasoning that constant posters need confirmation. Why else would 
I/vtest   ( 9394): you post everything? Do you have to have someone tell you what you did was 
I/vtest   ( 9394): awesome? Do you have no goals other than oneupmanship?
I/vtest   ( 9394): Facebook is ok for the occasional post or to keep in contact but stop 
I/vtest   ( 9394): telling me about sour dog learning to sit or the tasty sandwich you just 
I/vtest   ( 9394): made. Yay you. Do things because you want to and not because you're jealous 
I/vtest   ( 9394): of things you FB friends did and you now wish to outdo it. 
I/vtest   ( 9394): -- author: bean420man
I/vtest   ( 9394): -- published: 2014-02-23T08:24:16.000Z
I/vtest   ( 9394): entry: 19 of 25
I/vtest   ( 9394): comments for #19
I/vtest   ( 9394): -- title: Dear losers
I/vtest   ( 9394): 
I/vtest   ( 9394): I dont ...
I/vtest   ( 9394): -- content: Dear losers
I/vtest   ( 9394): 
I/vtest   ( 9394): I dont have a facebook account. It's too mainstream.
I/vtest   ( 9394): 
I/vtest   ( 9394): Is it me or is it a little too cool in here?
I/vtest   ( 9394): yup its me. 
I/vtest   ( 9394): 
I/vtest   ( 9394): Please apply me to your burns.
I/vtest   ( 9394): 
I/vtest   ( 9394): TTFN
I/vtest   ( 9394): 
I/vtest   ( 9394): ("Ta ta for now" in case you losers dont get text speech. Thats right text, 
I/vtest   ( 9394): i dont even use whatsapp)
I/vtest   ( 9394): 
I/vtest   ( 9394): 
I/vtest   ( 9394): 
I/vtest   ( 9394): 
I/vtest   ( 9394): -- author: NSXgtA
I/vtest   ( 9394): -- published: 2014-02-23T00:08:51.000Z
I/vtest   ( 9394): entry: 20 of 25
I/vtest   ( 9394): comments for #20
I/vtest   ( 9394): -- title: Just delete it. ...
I/vtest   ( 9394): -- content: Just delete it. Most of the crap on fb is fake anyway. Stop basing your 
I/vtest   ( 9394): self-worth from comparing yourself to others. The only way to become a 
I/vtest   ( 9394): confident person is to go out and do things, building on what you could 
I/vtest   ( 9394): previously do. 
I/vtest   ( 9394): -- author: sisbrawny
I/vtest   ( 9394): -- published: 2014-02-22T23:00:55.000Z
I/vtest   ( 9394): entry: 21 of 25
I/vtest   ( 9394): comments for #21
I/vtest   ( 9394): -- title: It's depressing how ...
I/vtest   ( 9394): -- content: It's depressing how accurate this is
I/vtest   ( 9394): -- author: reggie amith
I/vtest   ( 9394): -- published: 2014-02-22T13:54:06.000Z
I/vtest   ( 9394): entry: 22 of 25
I/vtest   ( 9394): comments for #22
I/vtest   ( 9394): -- title: Hahaha! Mine was ...
I/vtest   ( 9394): -- content: Hahaha! Mine was like wtf! My other posts have more likes than what they 
I/vtest   ( 9394): have generated which have less than 10 likes. Hahaha...
I/vtest   ( 9394): -- author: Jae Ech
I/vtest   ( 9394): -- published: 2014-02-22T18:46:14.000Z
I/vtest   ( 9394): entry: 23 of 25
I/vtest   ( 9394): comments for #23
I/vtest   ( 9394): -- title: This is ...
I/vtest   ( 9394): -- content: This is depressingly true.
I/vtest   ( 9394): 
I/vtest   ( 9394): I'm going to go and cry myself to sleep over my lack of Facebook 
I/vtest   ( 9394): importance.
I/vtest   ( 9394): -- author: UndeadCookieMonster
I/vtest   ( 9394): -- published: 2014-02-22T07:45:07.000Z
I/vtest   ( 9394): entry: 24 of 25
I/vtest   ( 9394): comments for #24
I/vtest   ( 9394): -- title: It also depends on ...
I/vtest   ( 9394): -- content: It also depends on how much you want to share things on Facebook. There's 
I/vtest   ( 9394): nothing wrong if some people get excited and want to share things in their 
I/vtest   ( 9394): life, but some people just don't like sharing it via social media. But 
I/vtest   ( 9394): yeah, this feature makes it as if we have to share things on FB to prove 
I/vtest   ( 9394): that our life isn't pathetic.
I/vtest   ( 9394): 
I/vtest   ( 9394): Kinda scary.
I/vtest   ( 9394): -- author: Cobalt Blue
I/vtest   ( 9394): -- published: 2014-02-22T09:28:17.000Z
I/vtest   ( 9394): [main] playback comments updated (episode 6xvlzvNkj2o, 24 comments)
D/dalvikvm( 8484): GC_CONCURRENT freed 350K, 6% free 17656K/18720K, paused 4ms+18ms, total 60ms
D/YouTubeAndroidPlayerAPI( 8484): apps.youtube.core.player.sequencer.a.a:48 SequencerStage: VIDEO_PLAYBACK_LOADED
D/YouTubeAndroidPlayerAPI( 8484): apps.youtube.core.player.Director.a:473 VideoStage: NEW
D/YouTubeAndroidPlayerAPI( 8484): apps.youtube.core.player.Director.a:473 VideoStage: PLAYBACK_LOADED
I/vtest   ( 9394): [videoFragment] [video state] onLoading
I/vtest   ( 9394): [videoFragment] AHA! newX=1080, newY=610
I/vtest   ( 9394): [videoFragment] recording new video size: width=1080 height=610
D/YouTubeAndroidPlayerAPI( 8484): apps.youtube.core.player.Director.a:473 VideoStage: AD_LOADING
I/vtest   ( 9394): [videoFragment] AHA! newX=1080, newY=610
I/vtest   ( 9394): [videoFragment] recording new video size: width=1080 height=610
D/dalvikvm( 8484): GC_CONCURRENT freed 375K, 6% free 17765K/18720K, paused 2ms+5ms, total 28ms
D/dalvikvm( 8484): GC_CONCURRENT freed 185K, 4% free 18064K/18720K, paused 3ms+2ms, total 20ms
D/YouTubeAndroidPlayerAPI( 8484): apps.youtube.core.player.Director.a:473 VideoStage: READY
D/YouTubeAndroidPlayerAPI( 8484): apps.youtube.core.player.StatsTracker.a:403 Stats tracking NEW: 6xvlzvNkj2o
D/YouTubeAndroidPlayerAPI( 8484): apps.youtube.core.player.Director.a:473 VideoStage: MEDIA_VIDEO_PLAY_REQUESTED
I/vtest   ( 9394): [videoFragment] [video state] onLoaded
I/vtest   ( 9394): [videoFragment] [video state] onVideoStarted
I/vtest   ( 9394): [videoFragment] AHA! newX=1080, newY=610
I/vtest   ( 9394): [videoFragment] recording new video size: width=1080 height=610
D/YouTubeAndroidPlayerAPI( 8484): apps.youtube.core.player.Director.a:473 VideoStage: READY
D/MediaPlayer( 8484): Couldn't open file on client side, trying server side
I/AwesomePlayer(10344): setDataSource_l(URL suppressed)
D/YouTubeAndroidPlayerAPI( 8484): apps.youtube.core.player.StatsTracker.a:403 Stats tracking NEW: 6xvlzvNkj2o
D/YouTubeAndroidPlayerAPI( 8484): apps.youtube.core.client.QoeStatsClient.i:570 Pinging https://s.youtube.com/api/stats/qoe?fexp=945018%2C914921%2C916625%2C936112%2C937417%2C937416%2C913434%2C936910%2C936913%2C902907&event=streamingstats&plid=AATzWWO40dMMDl4o&ns=yt&docid=6xvlzvNkj2o&ei=RZcOU4rOHaq9ygHcnoHwCg&cpn=7ePPEohpRLQv4fA7&conn=3&fmt=22&cplatform=mobile&c=otherapp&cver=5.3.32&cos=Android&cosver=4.4.2&cbr=com.google.android.youtube.api&cbrver=5.3.32&cbrand=LGE&cmodel=Nexus%205&vps=0.000%3AN
D/YouTubeAndroidPlayerAPI( 8484): apps.youtube.core.player.Director.a:473 VideoStage: MEDIA_VIDEO_PLAY_REQUESTED
I/vtest   ( 9394): [videoFragment] [video state] onLoaded
I/vtest   ( 9394): [videoFragment] [video state] onVideoStarted
I/AwesomePlayer(10344): interrupting the connection process
I/AwesomePlayer(10344): mConnectingDataSource->connect() returned -107
D/YouTubeAndroidPlayerAPI( 8484): apps.youtube.core.player.l.handleMessage:1549 PlayerState: 0
D/MediaPlayer( 8484): Couldn't open file on client side, trying server side
D/YouTubeAndroidPlayerAPI( 8484): apps.youtube.core.player.l.handleMessage:1549 PlayerState: 5
I/AwesomePlayer(10344): setDataSource_l(URL suppressed)
D/YouTubeAndroidPlayerAPI( 8484): apps.youtube.core.player.l.handleMessage:1549 PlayerState: 6
I/vtest   ( 9394): [videoFragment] AHA! newX=1080, newY=610
I/vtest   ( 9394): [videoFragment] recording new video size: width=1080 height=610
D/YouTubeAndroidPlayerAPI( 8484): apps.youtube.core.player.l.handleMessage:1549 PlayerState: 4
E/YouTubeAndroidPlayerAPI( 8484): apps.youtube.core.player.Director.H:557 Unhandled state in setControlsState.
D/YouTubeAndroidPlayerAPI( 8484): apps.youtube.core.player.l.handleMessage:1549 PlayerState: 0
D/YouTubeAndroidPlayerAPI( 8484): apps.youtube.core.player.l.handleMessage:1549 PlayerState: 5
I/vtest   ( 9394): [videoFragment] video event: onBuffering=true
I/vtest   ( 9394): ** relay post: REPORT BUFFERING
I/vtest   ( 9394): [videoFragment] video event: onBuffering=false
I/vtest   ( 9394): ** relay post: REPORT BUFFERING
I/vtest   ( 9394): [videoFragment] video event: onStopped
I/vtest   ( 9394): [videoFragment] pending_restart is: false
I/vtest   ( 9394): [main] reset progress bar
I/vtest   ( 9394): -- number of comments: 25
I/vtest   ( 9394): entry: 0 of 25
I/vtest   ( 9394): comments for #0
I/vtest   ( 9394): -- title: Check out our new ...
I/vtest   ( 9394): -- content: Check out our new weekly series "Morning Drawfee" where the CollegeHumor 
I/vtest   ( 9394): illustrators draw your (often weird) suggestions! - 
I/vtest   ( 9394): http://youtu.be/gBIFWyViFSA
I/vtest   ( 9394): -- author: CollegeHumor
I/vtest   ( 9394): -- published: 2014-02-26T22:22:43.000Z
I/vtest   ( 9394): entry: 1 of 25
I/vtest   ( 9394): comments for #1
I/vtest   ( 9394): -- title: Don't be like Pat ...
I/vtest   ( 9394): -- content: Don't be like Pat Cassels
I/vtest   ( 9394): -- author: CollegeHumor
I/vtest   ( 9394): -- published: 2014-02-20T16:59:41.000Z
I/vtest   ( 9394): entry: 2 of 25
I/vtest   ( 9394): comments for #2
I/vtest   ( 9394): -- title: This is better than ...
I/vtest   ( 9394): -- content: This is better than my life.
I/vtest   ( 9394): -- author: Cracked
I/vtest   ( 9394): -- published: 2014-02-26T23:52:27.000Z
I/vtest   ( 9394): entry: 3 of 25
I/vtest   ( 9394): comments for #3
I/vtest   ( 9394): -- title: I wonder why ...
I/vtest   ( 9394): -- content: I wonder why Facebook didn't include the time he hosted a talk show on a 
I/vtest   ( 9394): subway car.  (For the record, we did NOT invite him to do that.)
I/vtest   ( 9394): -- author: Improv Everywhere
I/vtest   ( 9394): -- published: 2014-02-25T20:57:23.000Z
I/vtest   ( 9394): entry: 4 of 25
I/vtest   ( 9394): comments for #4
I/vtest   ( 9394): -- title: True Life: I have ...
I/vtest   ( 9394): -- content: True Life: I have FOMO
I/vtest   ( 9394): -- author: My Damn Channel
I/vtest   ( 9394): -- published: 2014-02-25T18:52:32.000Z
I/vtest   ( 9394): entry: 5 of 25
I/vtest   ( 9394): [main] track eof: was not tracking
I/vtest   ( 9394): comments for #5
I/vtest   ( 9394): -- title: In the future, ...
I/vtest   ( 9394): -- content: In the future, Facebook makes fun of YOU. 
I/vtest   ( 9394): -- author: Above Average
I/vtest   ( 9394): -- published: 2014-02-25T18:10:44.000Z
I/vtest   ( 9394): entry: 6 of 25
I/vtest   ( 9394): [videoFragment] onStopped: video was not started, won't move to next episode
I/vtest   ( 9394): comments for #6
I/vtest   ( 9394): -- title: That's sorta like ...
I/vtest   ( 9394): -- content: That's sorta like me lol. But only because I choose not to go parties or 
I/vtest   ( 9394): get drunk. I always a have a choice in these things, go get wasted in some 
I/vtest   ( 9394): party and wake up tomorrow with a hangover or go ride on my mountain bike 
I/vtest   ( 9394): and wake up in hospital with both arms in casts... mountain bike option 
I/vtest   ( 9394): wins every time.. 
I/vtest   ( 9394): -- author: Blankity Blank
I/vtest   ( 9394): -- published: 2014-02-26T21:28:12.000Z
I/vtest   ( 9394): [videoFragment] video event: onBuffering=true
I/vtest   ( 9394): entry: 7 of 25
I/vtest   ( 9394): comments for #7
I/vtest   ( 9394): -- title: That's so sad.
I/vtest   ( 9394): -- content: That's so sad.
I/vtest   ( 9394): -- author: l Vertigo
I/vtest   ( 9394): -- published: 2014-02-26T20:50:35.000Z
I/vtest   ( 9394): entry: 8 of 25
I/vtest   ( 9394): comments for #8
I/vtest   ( 9394): -- title: Not exactly fits me ...
I/vtest   ( 9394): -- content: Not exactly fits me but so close because I dislike taking photos of myself. 
I/vtest   ( 9394): BTW still looking for functional chrome extensions for replacing all baby 
I/vtest   ( 9394): faces with cats.
I/vtest   ( 9394): -- author: Shintaro Review
I/vtest   ( 9394): -- published: 2014-02-24T03:05:26.000Z
I/vtest   ( 9394): ** relay post: REPORT BUFFERING
I/vtest   ( 9394): entry: 9 of 25
I/vtest   ( 9394): comments for #9
I/vtest   ( 9394): -- title: LOL love that ...
I/vtest   ( 9394): -- content: LOL love that everyone in the photo flipping him
I/vtest   ( 9394): -- author: KINSLINK
I/vtest   ( 9394): -- published: 2014-02-25T13:39:19.000Z
I/vtest   ( 9394): entry: 10 of 25
I/vtest   ( 9394): comments for #10
I/vtest   ( 9394): -- title: This is why I ...
I/vtest   ( 9394): -- content: This is why I deleted my FaceBook account. I mean I was invited to parties 
I/vtest   ( 9394): and all, but I'm a bit too shy. xD
I/vtest   ( 9394): -- author: McKenna Worthy
I/vtest   ( 9394): -- published: 2014-02-25T02:46:07.000Z
I/vtest   ( 9394): entry: 11 of 25
I/vtest   ( 9394): comments for #11
I/vtest   ( 9394): -- title: mine was pretty ...
I/vtest   ( 9394): -- content: mine was pretty crap
I/vtest   ( 9394): -- author: chaser595
I/vtest   ( 9394): -- published: 2014-02-25T00:09:09.000Z
I/vtest   ( 9394): entry: 12 of 25
I/vtest   ( 9394): comments for #12
I/vtest   ( 9394): -- title: my b-day is in may ...
I/vtest   ( 9394): -- content: my b-day is in may 2nd!! :3 :D
I/vtest   ( 9394): -- author: Dilsoc
I/vtest   ( 9394): -- published: 2014-02-24T09:37:52.000Z
I/vtest   ( 9394): entry: 13 of 25
I/vtest   ( 9394): comments for #13
I/vtest   ( 9394): -- title: OK, so finally we ...
I/vtest   ( 9394): -- content: OK, so finally we have a video depicting the real nature of Facebook's 
I/vtest   ( 9394): worthlessness. Good job, guys. 
I/vtest   ( 9394): -- author: Anirban Chatterjee
I/vtest   ( 9394): -- published: 2014-02-23T08:25:15.000Z
I/vtest   ( 9394): entry: 14 of 25
I/vtest   ( 9394): comments for #14
I/vtest   ( 9394): -- title: Isnt FB video ...
I/vtest   ( 9394): -- content: Isnt FB video inversely proportional to real social life?
I/vtest   ( 9394): -- author: Vyshali R
I/vtest   ( 9394): -- published: 2014-02-24T00:52:36.000Z
I/vtest   ( 9394): entry: 15 of 25
I/vtest   ( 9394): comments for #15
I/vtest   ( 9394): -- title: Didn't they already ...
I/vtest   ( 9394): -- content: Didn't they already do this joke?
I/vtest   ( 9394): -- author: Stan Vincy
I/vtest   ( 9394): -- published: 2014-02-23T22:13:37.000Z
I/vtest   ( 9394): entry: 16 of 25
I/vtest   ( 9394): comments for #16
I/vtest   ( 9394): -- title: i dont have FB , ...
I/vtest   ( 9394): -- content: i dont have FB , cuz of the same reason
I/vtest   ( 9394): -- author: TheShamwow23
I/vtest   ( 9394): -- published: 2014-02-23T18:43:24.000Z
I/vtest   ( 9394): entry: 17 of 25
I/vtest   ( 9394): comments for #17
I/vtest   ( 9394): -- title: Still better than ...
I/vtest   ( 9394): -- content: Still better than mine.
I/vtest   ( 9394): -- author: Renard Thatch
I/vtest   ( 9394): -- published: 2014-02-23T15:30:07.000Z
I/vtest   ( 9394): entry: 18 of 25
I/vtest   ( 9394): comments for #18
I/vtest   ( 9394): -- title: The people that ...
I/vtest   ( 9394): -- content: The people that post everything on FB are the real losers. I justify this 
I/vtest   ( 9394): with the reasoning that constant posters need confirmation. Why else would 
I/vtest   ( 9394): you post everything? Do you have to have someone tell you what you did was 
I/vtest   ( 9394): awesome? Do you have no goals other than oneupmanship?
I/vtest   ( 9394): Facebook is ok for the occasional post or to keep in contact but stop 
I/vtest   ( 9394): telling me about sour dog learning to sit or the tasty sandwich you just 
I/vtest   ( 9394): made. Yay you. Do things because you want to and not because you're jealous 
I/vtest   ( 9394): of things you FB friends did and you now wish to outdo it. 
I/vtest   ( 9394): -- author: bean420man
I/vtest   ( 9394): -- published: 2014-02-23T08:24:16.000Z
I/vtest   ( 9394): entry: 19 of 25
I/vtest   ( 9394): comments for #19
I/vtest   ( 9394): -- title: Dear losers
I/vtest   ( 9394): 
I/vtest   ( 9394): I dont ...
I/vtest   ( 9394): -- content: Dear losers
I/vtest   ( 9394): 
I/vtest   ( 9394): I dont have a facebook account. It's too mainstream.
I/vtest   ( 9394): 
I/vtest   ( 9394): Is it me or is it a little too cool in here?
I/vtest   ( 9394): yup its me. 
I/vtest   ( 9394): 
I/vtest   ( 9394): Please apply me to your burns.
I/vtest   ( 9394): 
I/vtest   ( 9394): TTFN
I/vtest   ( 9394): 
I/vtest   ( 9394): ("Ta ta for now" in case you losers dont get text speech. Thats right text, 
I/vtest   ( 9394): i dont even use whatsapp)
I/vtest   ( 9394): 
I/vtest   ( 9394): 
I/vtest   ( 9394): 
I/vtest   ( 9394): 
I/vtest   ( 9394): -- author: NSXgtA
I/vtest   ( 9394): -- published: 2014-02-23T00:08:51.000Z
I/vtest   ( 9394): entry: 20 of 25
I/vtest   ( 9394): comments for #20
I/vtest   ( 9394): -- title: Just delete it. ...
I/vtest   ( 9394): -- content: Just delete it. Most of the crap on fb is fake anyway. Stop basing your 
I/vtest   ( 9394): self-worth from comparing yourself to others. The only way to become a 
I/vtest   ( 9394): confident person is to go out and do things, building on what you could 
I/vtest   ( 9394): previously do. 
I/vtest   ( 9394): -- author: sisbrawny
I/vtest   ( 9394): -- published: 2014-02-22T23:00:55.000Z
I/vtest   ( 9394): entry: 21 of 25
I/vtest   ( 9394): comments for #21
I/vtest   ( 9394): -- title: It's depressing how ...
I/vtest   ( 9394): -- content: It's depressing how accurate this is
I/vtest   ( 9394): -- author: reggie amith
I/vtest   ( 9394): -- published: 2014-02-22T13:54:06.000Z
I/vtest   ( 9394): entry: 22 of 25
I/vtest   ( 9394): comments for #22
I/vtest   ( 9394): -- title: Hahaha! Mine was ...
I/vtest   ( 9394): -- content: Hahaha! Mine was like wtf! My other posts have more likes than what they 
I/vtest   ( 9394): have generated which have less than 10 likes. Hahaha...
I/vtest   ( 9394): -- author: Jae Ech
I/vtest   ( 9394): -- published: 2014-02-22T18:46:14.000Z
I/vtest   ( 9394): entry: 23 of 25
I/vtest   ( 9394): comments for #23
I/vtest   ( 9394): -- title: This is ...
I/vtest   ( 9394): -- content: This is depressingly true.
I/vtest   ( 9394): 
I/vtest   ( 9394): I'm going to go and cry myself to sleep over my lack of Facebook 
I/vtest   ( 9394): importance.
I/vtest   ( 9394): -- author: UndeadCookieMonster
I/vtest   ( 9394): -- published: 2014-02-22T07:45:07.000Z
I/vtest   ( 9394): entry: 24 of 25
I/vtest   ( 9394): comments for #24
I/vtest   ( 9394): -- title: It also depends on ...
I/vtest   ( 9394): -- content: It also depends on how much you want to share things on Facebook. There's 
I/vtest   ( 9394): nothing wrong if some people get excited and want to share things in their 
I/vtest   ( 9394): life, but some people just don't like sharing it via social media. But 
I/vtest   ( 9394): yeah, this feature makes it as if we have to share things on FB to prove 
I/vtest   ( 9394): that our life isn't pathetic.
I/vtest   ( 9394): 
I/vtest   ( 9394): Kinda scary.
I/vtest   ( 9394): -- author: Cobalt Blue
I/vtest   ( 9394): -- published: 2014-02-22T09:28:17.000Z
I/vtest   ( 9394): [videoFragment] AHA! newX=1080, newY=610
I/vtest   ( 9394): [videoFragment] recording new video size: width=1080 height=610
I/vtest   ( 9394): [main] playback comments updated (episode 6xvlzvNkj2o, 24 comments)
D/dalvikvm( 8484): GC_CONCURRENT freed 294K, 4% free 18155K/18720K, paused 1ms+1ms, total 14ms
D/YouTubeAndroidPlayerAPI( 8484): apps.youtube.core.player.overlay.o.a:267 Got FeaturedChannel image from [uri=http://i1.ytimg.com/an/PDXXXJj9nax0fr0Wfc048g/featured_channel.jpg?v=52cf19d2]
I/vtest   ( 9394): [videoFragment] AHA! newX=1080, newY=610
I/vtest   ( 9394): [videoFragment] recording new video size: width=1080 height=610
D/dalvikvm( 8484): GC_FOR_ALLOC freed 120K, 3% free 18188K/18720K, paused 31ms, total 31ms
I/dalvikvm-heap( 8484): Grow heap (frag case) to 18.098MB for 259216-byte allocation
D/dalvikvm( 8484): GC_FOR_ALLOC freed <1K, 3% free 18441K/18976K, paused 17ms, total 17ms
D/YouTubeAndroidPlayerAPI( 8484): apps.youtube.core.player.overlay.p.a:275 Got FeaturedVideo image from [uri=https://i1.ytimg.com/vi/AaH7A-qQRRk/default.jpg]
E/OMX-VDEC-1080P(10344): In OMX vdec Constructor
E/OMX-VDEC-1080P(10344): vidc.dec.debug.ts value is 0
E/OMX-VDEC-1080P(10344): vidc.dec.debug.concealedmb value is 0
E/OMX-VDEC-1080P(10344): vidc.dec.profile.check value is 0
E/OMX-VDEC-1080P(10344): vidc.dec.debug.extradata value is 0
E/OMX-VDEC-1080P(10344): 
E/OMX-VDEC-1080P(10344):  omx_vdec::component_init(): Open returned fd 29, errno 0
E/OMX-VDEC-1080P(10344): Capabilities: driver_name = msm_vidc_driver, card = msm_vdec_8974, bus_info = , version = 1, capabilities = 4003000
E/OMX-VDEC-1080P(10344): fmt: description: Y/CbCr 4:2:0, fmt: 3231564e, flags = 0
E/OMX-VDEC-1080P(10344): fmt: description: Mpeg4 compressed format, fmt: 3447504d, flags = 1
E/OMX-VDEC-1080P(10344): fmt: description: Mpeg2 compressed format, fmt: 3247504d, flags = 1
E/OMX-VDEC-1080P(10344): fmt: description: H263 compressed format, fmt: 33363248, flags = 1
E/OMX-VDEC-1080P(10344): fmt: description: VC-1 compressed format, fmt: 47314356, flags = 1
E/OMX-VDEC-1080P(10344): fmt: description: VC-1 compressed format G, fmt: 4c314356, flags = 1
E/OMX-VDEC-1080P(10344): fmt: description: H264 compressed format, fmt: 34363248, flags = 1
E/OMX-VDEC-1080P(10344): fmt: description: HEVC compressed format, fmt: 43564548, flags = 1
E/OMX-VDEC-1080P(10344): fmt: description: VP8 compressed format, fmt: 30385056, flags = 1
E/OMX-VDEC-1080P(10344): fmt: description: DIVX 311 compressed format, fmt: 33564944, flags = 1
E/OMX-VDEC-1080P(10344): fmt: description: DIVX 4/5/6 compressed format, fmt: 58564944, flags = 1
E/OMX-VDEC-1080P(10344): NOTE_CIF: W/H 320 (0), 240 (0)
E/OMX-VDEC-1080P(10344): omx_vdec: Async thread start
E/OMX-VDEC-1080P(10344): 
E/OMX-VDEC-1080P(10344):  Set Format was successful 
E/OMX-VDEC-1080P(10344):  
E/OMX-VDEC-1080P(10344): 
E/OMX-VDEC-1080P(10344):  Set Format was successful 
E/OMX-VDEC-1080P(10344):  
E/OMX-VDEC-1080P(10344): NOTE: enable_extradata: actual[0] requested[131072] enable[1], is_internal: 1
E/OMX-VDEC-1080P(10344): Count = 18 
E/OMX-VDEC-1080P(10344):  
E/OMX-VDEC-1080P(10344): Buffer Size = 147584 
E/OMX-VDEC-1080P(10344):  
E/OMX-VDEC-1080P(10344): 
E/OMX-VDEC-1080P(10344):  video session supported
E/OMX-VDEC-1080P(10344): 
E/OMX-VDEC-1080P(10344):  No color conversion required
E/OMX-VDEC-1080P(10344): Count = 4 
E/OMX-VDEC-1080P(10344):  
E/OMX-VDEC-1080P(10344): Buffer Size = 11059200 
E/OMX-VDEC-1080P(10344):  
E/OMX-VDEC-1080P(10344): 
E/OMX-VDEC-1080P(10344):  video session supported
E/OMX-VDEC-1080P(10344): Input Buffer Size =11059200 
E/OMX-VDEC-1080P(10344):  
E/OMX-VDEC-1080P(10344): Count = 18 
E/OMX-VDEC-1080P(10344):  
E/OMX-VDEC-1080P(10344): Buffer Size = 147584 
E/OMX-VDEC-1080P(10344):  
E/OMX-VDEC-1080P(10344): 
E/OMX-VDEC-1080P(10344):  video session supported
E/OMX-VDEC-1080P(10344): 
E/OMX-VDEC-1080P(10344):  No color conversion required
E/OMX-VDEC-1080P(10344): 
E/OMX-VDEC-1080P(10344):  omx_vdec::component_init() success
E/OMX-VDEC-1080P(10344): omx_vdec: message thread start
I/OMXCodec(10344): [OMX.qcom.video.decoder.avc] AVC profile = 100 (High), level = 31
E/OMX-VDEC-1080P(10344): Count = 18 
E/OMX-VDEC-1080P(10344):  
E/OMX-VDEC-1080P(10344): Buffer Size = 147584 
E/OMX-VDEC-1080P(10344):  
E/OMX-VDEC-1080P(10344): 
E/OMX-VDEC-1080P(10344):  video session supported
E/OMX-VDEC-1080P(10344): 
E/OMX-VDEC-1080P(10344):  No color conversion required
E/OMX-VDEC-1080P(10344): update_portdef Width = 320 Height = 240 Stride = 384 SliceHeight = 256 
E/OMX-VDEC-1080P(10344): NOTE_CIF: W/H 1280 (320), 720 (240)
E/OMX-VDEC-1080P(10344): 
E/OMX-VDEC-1080P(10344):  video session supported
E/OMX-VDEC-1080P(10344): Count = 18 
E/OMX-VDEC-1080P(10344):  
E/OMX-VDEC-1080P(10344): Buffer Size = 1413376 
E/OMX-VDEC-1080P(10344):  
E/OMX-VDEC-1080P(10344): 
E/OMX-VDEC-1080P(10344):  video session supported
E/OMX-VDEC-1080P(10344): 
E/OMX-VDEC-1080P(10344):  No color conversion required
E/OMX-VDEC-1080P(10344): 
E/OMX-VDEC-1080P(10344):  No color conversion required
E/OMX-VDEC-1080P(10344): 
E/OMX-VDEC-1080P(10344):  No color conversion required
E/OMX-VDEC-1080P(10344): update_portdef Width = 1280 Height = 720 Stride = 1280 SliceHeight = 736 
E/OMX-VDEC-1080P(10344): 
E/OMX-VDEC-1080P(10344):  No color conversion required
E/OMX-VDEC-1080P(10344): update_portdef Width = 1280 Height = 720 Stride = 1280 SliceHeight = 736 
E/OMX-VDEC-1080P(10344): 
E/OMX-VDEC-1080P(10344):  No color conversion required
E/OMX-VDEC-1080P(10344): update_portdef Width = 1280 Height = 720 Stride = 1280 SliceHeight = 736 
E/OMX-VDEC-1080P(10344): 
E/OMX-VDEC-1080P(10344):  No color conversion required
E/OMX-VDEC-1080P(10344): update_portdef Width = 1280 Height = 720 Stride = 1280 SliceHeight = 736 
I/OMXCodec(10344): [OMX.qcom.video.decoder.avc] video dimensions are 1280 x 720
I/OMXCodec(10344): [OMX.qcom.video.decoder.avc] Crop rect is 1280 x 720 @ (0, 0)
E/OMX-VDEC-1080P(10344): 
E/OMX-VDEC-1080P(10344):  send_command_proxy(): Current State 1, Expected State 2
E/OMX-VDEC-1080P(10344): 
E/OMX-VDEC-1080P(10344):  send_command_proxy(): OMX_CommandStateSet issued
E/OMX-VDEC-1080P(10344): 
E/OMX-VDEC-1080P(10344):  Current State 1, Expected State 2
E/OMX-VDEC-1080P(10344): update_portdef Width = 1280 Height = 720 Stride = 1280 SliceHeight = 736 
E/OMX-VDEC-1080P(10344): 
E/OMX-VDEC-1080P(10344):  Allocate i/p buffer Header: Cnt(4) Sz(11059200)
E/OMX-VDEC-1080P(10344): Allocate done for all i/p buffers
E/OMX-VDEC-1080P(10344): 
E/OMX-VDEC-1080P(10344):  No color conversion required
E/OMX-VDEC-1080P(10344): update_portdef Width = 1280 Height = 720 Stride = 1280 SliceHeight = 736 
E/OMX-VDEC-1080P(10344): 
E/OMX-VDEC-1080P(10344):  No color conversion required
E/OMX-VDEC-1080P(10344): 
E/OMX-VDEC-1080P(10344):  No color conversion required
E/OMX-VDEC-1080P(10344): update_portdef Width = 1280 Height = 720 Stride = 1280 SliceHeight = 736 
E/OMX-VDEC-1080P(10344): Use_op_buf:Allocating output headers
E/OMX-VDEC-1080P(10344): 
E/OMX-VDEC-1080P(10344):  Use o/p buffer case - Header List allocation
E/OMX-VDEC-1080P(10344): 
E/OMX-VDEC-1080P(10344):  Set the Output Buffer Idx: 0 Addr: 0xb301f000, pmem_fd=0x46
E/OMX-VDEC-1080P(10344): Allocate done for all i/p buffers
E/OMX-VDEC-1080P(10344): 
E/OMX-VDEC-1080P(10344):  No color conversion required
E/OMX-VDEC-1080P(10344): update_portdef Width = 1280 Height = 720 Stride = 1280 SliceHeight = 736 
E/OMX-VDEC-1080P(10344): 
E/OMX-VDEC-1080P(10344):  Set the Output Buffer Idx: 1 Addr: 0xaa1cd000, pmem_fd=0x4a
E/OMX-VDEC-1080P(10344): Allocate done for all i/p buffers
E/OMX-VDEC-1080P(10344): 
E/OMX-VDEC-1080P(10344):  No color conversion required
E/OMX-VDEC-1080P(10344): update_portdef Width = 1280 Height = 720 Stride = 1280 SliceHeight = 736 
E/OMX-VDEC-1080P(10344): 
E/OMX-VDEC-1080P(10344):  Set the Output Buffer Idx: 2 Addr: 0xa9a04000, pmem_fd=0x4c
E/OMX-VDEC-1080P(10344): Allocate done for all i/p buffers
E/OMX-VDEC-1080P(10344): 
E/OMX-VDEC-1080P(10344):  No color conversion required
E/OMX-VDEC-1080P(10344): update_portdef Width = 1280 Height = 720 Stride = 1280 SliceHeight = 736 
E/OMX-VDEC-1080P(10344): 
E/OMX-VDEC-1080P(10344):  Set the Output Buffer Idx: 3 Addr: 0xa9750000, pmem_fd=0x4e
E/OMX-VDEC-1080P(10344): Allocate done for all i/p buffers
E/OMX-VDEC-1080P(10344): 
E/OMX-VDEC-1080P(10344):  No color conversion required
E/OMX-VDEC-1080P(10344): update_portdef Width = 1280 Height = 720 Stride = 1280 SliceHeight = 736 
E/OMX-VDEC-1080P(10344): 
E/OMX-VDEC-1080P(10344):  Set the Output Buffer Idx: 4 Addr: 0xa949b000, pmem_fd=0x50
E/OMX-VDEC-1080P(10344): Allocate done for all i/p buffers
E/OMX-VDEC-1080P(10344): 
E/OMX-VDEC-1080P(10344):  No color conversion required
E/OMX-VDEC-1080P(10344): update_portdef Width = 1280 Height = 720 Stride = 1280 SliceHeight = 736 
E/OMX-VDEC-1080P(10344): 
E/OMX-VDEC-1080P(10344):  Set the Output Buffer Idx: 5 Addr: 0xa91e6000, pmem_fd=0x52
E/OMX-VDEC-1080P(10344): Allocate done for all i/p buffers
E/OMX-VDEC-1080P(10344): 
E/OMX-VDEC-1080P(10344):  No color conversion required
E/OMX-VDEC-1080P(10344): update_portdef Width = 1280 Height = 720 Stride = 1280 SliceHeight = 736 
E/OMX-VDEC-1080P(10344): 
E/OMX-VDEC-1080P(10344):  Set the Output Buffer Idx: 6 Addr: 0xa8f31000, pmem_fd=0x54
E/OMX-VDEC-1080P(10344): Allocate done for all i/p buffers
E/OMX-VDEC-1080P(10344): 
E/OMX-VDEC-1080P(10344):  No color conversion required
E/OMX-VDEC-1080P(10344): update_portdef Width = 1280 Height = 720 Stride = 1280 SliceHeight = 736 
E/OMX-VDEC-1080P(10344): 
E/OMX-VDEC-1080P(10344):  Set the Output Buffer Idx: 7 Addr: 0xa8c7c000, pmem_fd=0x56
E/OMX-VDEC-1080P(10344): Allocate done for all i/p buffers
E/OMX-VDEC-1080P(10344): 
E/OMX-VDEC-1080P(10344):  No color conversion required
E/OMX-VDEC-1080P(10344): update_portdef Width = 1280 Height = 720 Stride = 1280 SliceHeight = 736 
E/OMX-VDEC-1080P(10344): 
E/OMX-VDEC-1080P(10344):  Set the Output Buffer Idx: 8 Addr: 0xa8559000, pmem_fd=0x58
E/OMX-VDEC-1080P(10344): Allocate done for all i/p buffers
E/OMX-VDEC-1080P(10344): 
E/OMX-VDEC-1080P(10344):  No color conversion required
E/OMX-VDEC-1080P(10344): update_portdef Width = 1280 Height = 720 Stride = 1280 SliceHeight = 736 
E/OMX-VDEC-1080P(10344): 
E/OMX-VDEC-1080P(10344):  Set the Output Buffer Idx: 9 Addr: 0xa8103000, pmem_fd=0x5a
E/OMX-VDEC-1080P(10344): Allocate done for all i/p buffers
E/OMX-VDEC-1080P(10344): 
E/OMX-VDEC-1080P(10344):  No color conversion required
E/OMX-VDEC-1080P(10344): update_portdef Width = 1280 Height = 720 Stride = 1280 SliceHeight = 736 
E/OMX-VDEC-1080P(10344): 
E/OMX-VDEC-1080P(10344):  Set the Output Buffer Idx: 10 Addr: 0xa7e4e000, pmem_fd=0x5c
E/OMX-VDEC-1080P(10344): Allocate done for all i/p buffers
E/OMX-VDEC-1080P(10344): 
E/OMX-VDEC-1080P(10344):  No color conversion required
E/OMX-VDEC-1080P(10344): update_portdef Width = 1280 Height = 720 Stride = 1280 SliceHeight = 736 
E/OMX-VDEC-1080P(10344): 
E/OMX-VDEC-1080P(10344):  Set the Output Buffer Idx: 11 Addr: 0xa7b99000, pmem_fd=0x5e
E/OMX-VDEC-1080P(10344): Allocate done for all i/p buffers
E/OMX-VDEC-1080P(10344): 
E/OMX-VDEC-1080P(10344):  No color conversion required
E/OMX-VDEC-1080P(10344): update_portdef Width = 1280 Height = 720 Stride = 1280 SliceHeight = 736 
E/OMX-VDEC-1080P(10344): 
E/OMX-VDEC-1080P(10344):  Set the Output Buffer Idx: 12 Addr: 0xa78e4000, pmem_fd=0x60
E/OMX-VDEC-1080P(10344): Allocate done for all i/p buffers
E/OMX-VDEC-1080P(10344): 
E/OMX-VDEC-1080P(10344):  No color conversion required
E/OMX-VDEC-1080P(10344): update_portdef Width = 1280 Height = 720 Stride = 1280 SliceHeight = 736 
E/OMX-VDEC-1080P(10344): 
E/OMX-VDEC-1080P(10344):  Set the Output Buffer Idx: 13 Addr: 0xa762f000, pmem_fd=0x62
E/OMX-VDEC-1080P(10344): Allocate done for all i/p buffers
E/OMX-VDEC-1080P(10344): 
E/OMX-VDEC-1080P(10344):  No color conversion required
E/OMX-VDEC-1080P(10344): update_portdef Width = 1280 Height = 720 Stride = 1280 SliceHeight = 736 
E/OMX-VDEC-1080P(10344): 
E/OMX-VDEC-1080P(10344):  Set the Output Buffer Idx: 14 Addr: 0xa7069000, pmem_fd=0x64
E/OMX-VDEC-1080P(10344): Allocate done for all i/p buffers
E/OMX-VDEC-1080P(10344): 
E/OMX-VDEC-1080P(10344):  No color conversion required
E/OMX-VDEC-1080P(10344): update_portdef Width = 1280 Height = 720 Stride = 1280 SliceHeight = 736 
E/OMX-VDEC-1080P(10344): 
E/OMX-VDEC-1080P(10344):  Set the Output Buffer Idx: 15 Addr: 0xa6db4000, pmem_fd=0x66
E/OMX-VDEC-1080P(10344): Allocate done for all i/p buffers
E/OMX-VDEC-1080P(10344): 
E/OMX-VDEC-1080P(10344):  No color conversion required
E/OMX-VDEC-1080P(10344): update_portdef Width = 1280 Height = 720 Stride = 1280 SliceHeight = 736 
E/OMX-VDEC-1080P(10344): 
E/OMX-VDEC-1080P(10344):  Set the Output Buffer Idx: 16 Addr: 0xa6aff000, pmem_fd=0x68
E/OMX-VDEC-1080P(10344): Allocate done for all i/p buffers
E/OMX-VDEC-1080P(10344): 
E/OMX-VDEC-1080P(10344):  No color conversion required
E/OMX-VDEC-1080P(10344): update_portdef Width = 1280 Height = 720 Stride = 1280 SliceHeight = 736 
E/OMX-VDEC-1080P(10344): 
E/OMX-VDEC-1080P(10344):  Set the Output Buffer Idx: 17 Addr: 0xa684a000, pmem_fd=0x6a
E/OMX-VDEC-1080P(10344): Allocate done for all i/p buffers
E/OMX-VDEC-1080P(10344): 
E/OMX-VDEC-1080P(10344):  No color conversion required
E/OMX-VDEC-1080P(10344): update_portdef Width = 1280 Height = 720 Stride = 1280 SliceHeight = 736 
E/OMX-VDEC-1080P(10344): 
E/OMX-VDEC-1080P(10344):  Set the Output Buffer Idx: 18 Addr: 0xa6595000, pmem_fd=0x6c
E/OMX-VDEC-1080P(10344): Allocate done for all i/p buffers
E/OMX-VDEC-1080P(10344): Allocate done for all o/p buffers
E/OMX-VDEC-1080P(10344): 
E/OMX-VDEC-1080P(10344):  OMX_CommandStateSet complete, m_state = 2
E/OMX-VDEC-1080P(10344): 
E/OMX-VDEC-1080P(10344):  send_command_proxy(): Current State 2, Expected State 3
E/OMX-VDEC-1080P(10344): 
E/OMX-VDEC-1080P(10344):  send_command_proxy(): OMX_CommandStateSet issued
E/OMX-VDEC-1080P(10344): 
E/OMX-VDEC-1080P(10344):  Current State 2, Expected State 3
E/OMX-VDEC-1080P(10344): Stream On CAPTURE Was successful
E/OMX-VDEC-1080P(10344): 
E/OMX-VDEC-1080P(10344):  OMX_CommandStateSet complete, m_state = 3
I/vtest   ( 9394): [main] ============================= pdr?
V/GAV3    ( 9394): Thread[GAThread,5,main]: putHit called
V/GAV3    ( 9394): Thread[GAThread,5,main]: Sending hit to store  PATH: https:  PARAMS: ul=en-us,  ev=0,  ht=1393465162995,  sr=1080x1776,  aid=us.collegehumor.player9x9tv,  ea=epWatched,  cid=9d0cb075-78e8-4ade-8e77-83d2a4efe344,  ec=p30683/e6xvlzvNkj2o,  av=5.0.0.71,  v=1,  t=event,  el=Latest/Facebook's Look Back Mocks Your Lame Social Life,  an=Collegehumor on Flipr Unofficial,  tid=UA-48217322-2,  _u=.ryAAAAAKnL,  cd=home,  
I/vtest   ( 9394): [main] submitting PDR for 454z9z40t9t14Sz5R3ua (watched 30683)
I/vtest   ( 9394): [main] ============================= pdr?
I/vtest   ( 9394): [main] submitting PDR for 454z9z40t9t14Sz5R3ua (watched 30683)
I/vtest   ( 9394): [main] toggle OSD
I/vtest   ( 9394): [main] Portrait layout
I/vtest   ( 9394): [videoFragment] AHA! newX=1080, newY=610
I/vtest   ( 9394): [videoFragment] recording new video size: width=1080 height=610
I/vtest   ( 9394): pdr response: 0	SUCCESS
I/vtest   ( 9394): pdr response: 0	SUCCESS
D/dalvikvm( 2342): GC_CONCURRENT freed 3616K, 54% free 27797K/60196K, paused 8ms+5ms, total 69ms
E/MediaPlayer( 8484): Should have subtitle controller already set
D/YouTubeAndroidPlayerAPI( 8484): apps.youtube.core.player.l.handleMessage:1549 PlayerState: 1
D/YouTubeAndroidPlayerAPI( 8484): apps.youtube.core.player.l.handleMessage:1549 PlayerState: 6
E/YouTubeAndroidPlayerAPI( 8484): apps.youtube.core.player.Director.H:557 Unhandled state in setControlsState.
D/YouTubeAndroidPlayerAPI( 8484): apps.youtube.core.player.l.handleMessage:1549 PlayerState: 2
D/YouTubeAndroidPlayerAPI( 8484): apps.youtube.core.player.Director.a:473 VideoStage: MEDIA_PLAYING_VIDEO
I/vtest   ( 9394): [videoFragment] video event: onBuffering=false
I/vtest   ( 9394): ** relay post: REPORT BUFFERING
I/vtest   ( 9394): [videoFragment] AHA! newX=1080, newY=610
I/vtest   ( 9394): [videoFragment] recording new video size: width=1080 height=610
D/YouTubeAndroidPlayerAPI( 8484): apps.youtube.core.player.l.handleMessage:1549 PlayerState: 10
D/YouTubeAndroidPlayerAPI( 8484): apps.youtube.core.client.PlaybackOffsetClient.a:77 Pinging https://googleads.g.doubleclick.net/pagead/viewthroughconversion/962985656/?label=followon_view&data=type%3Dview%3Butuid%3DPDXXXJj9nax0fr0Wfc048g%3Butvid%3D6xvlzvNkj2o&bundleid=com.google.android.youtube&idtype=ssaid&foc_id=PDXXXJj9nax0fr0Wfc048g&ms=N98hcZj4xb_HpS9X2pTOM5WoeVHisI7-kEuf3Ux-y2JKOvnDnizsM6E5Ml8N1OcXE73JYuMzn6k8oM-ujuKKY69uFrSA-PKE9X-MgqudpoDJ7wMNPUSm04lTbnV9HTkPHmF0xdfKqa30gMFYSGMGlQC-mRvwF-BZIrFYVqHdMkBJKo-bMESFClv6kBBbXcr7hoMxCED-obS32B23GtHPa1UgVxVZafpYdnts5FRYnPM8JZjRiJgn3rFd3m0OjpjxDm_S8ghXn4zuZRW_iRxkoDNNsrgow7PfhsQ5Ns8wpkAKuih44prnnLe1MFOqFSOrWFtIk3hFYinu4BHa0ODYDw
D/YouTubeAndroidPlayerAPI( 8484): apps.youtube.core.client.PtrackingClient.a:132 Ptracking: http://www.youtube.com/ptracking?oid=UAbnMSktGjAQLh67zDcAmw&plid=AATzWWO40dMMDl4o&ptchn=PDXXXJj9nax0fr0Wfc048g&ptk=collegehumor&video_id=6xvlzvNkj2o&pltype=content
E/OMX-VDEC-1080P(10344): Streamon on OUTPUT Plane was successful 
D/YouTubeAndroidPlayerAPI( 8484): apps.youtube.core.client.VideoStats2Client.a:723 Pinging https://s.youtube.com/api/stats/playback?fexp=945018%2C914921%2C916625%2C936112%2C937417%2C937416%2C913434%2C936910%2C936913%2C902907&plid=AATzWWO40dMMDl4o&ns=yt&len=76&docid=6xvlzvNkj2o&ei=RZcOU4rOHaq9ygHcnoHwCg&cpn=7ePPEohpRLQv4fA7&rt=8.4&ver=2&cplatform=mobile&c=otherapp&cver=5.3.32&cos=Android&cosver=4.4.2&cbr=com.google.android.youtube.api&cbrver=5.3.32&cbrand=LGE&cmodel=Nexus%205&el=detailpage&fmt=22&cmt=4.3&conn=3&vis=0&splay=1&feature=player_embedded
E/OMX-VDEC-1080P(10344): 
E/OMX-VDEC-1080P(10344):  VIDC Port Reconfig recieved insufficient
E/OMX-VDEC-1080P(10344): 
E/OMX-VDEC-1080P(10344):  Port settings changed
E/OMX-VDEC-1080P(10344): 
E/OMX-VDEC-1080P(10344):  Rxd OMX_COMPONENT_GENERATE_PORT_RECONFIG
E/OMX-VDEC-1080P(10344): 
E/OMX-VDEC-1080P(10344):  send_command_proxy(): Current State 3, Expected State 1
E/OMX-VDEC-1080P(10344): 
E/OMX-VDEC-1080P(10344):  send_command_proxy(): OMX_CommandPortDisable issuedwith param1: 1
E/OMX-VDEC-1080P(10344): in bool omx_vdec::execute_omx_flush(OMX_U32): reconfig? 1
E/OMX-VDEC-1080P(10344): VIDC Input Flush Done Recieved 
E/OMX-VDEC-1080P(10344): VIDC Output Flush Done Recieved 
E/OMX-VDEC-1080P(10344): 
E/OMX-VDEC-1080P(10344):  Driver flush i/p Port complete
E/OMX-VDEC-1080P(10344): 
E/OMX-VDEC-1080P(10344):  WARNING: Unexpected flush from driver
E/OMX-VDEC-1080P(10344): 
E/OMX-VDEC-1080P(10344):  Driver flush o/p Port complete
E/OMX-VDEC-1080P(10344): 
E/OMX-VDEC-1080P(10344):  ALL output buffers are freed/released
E/OMX-VDEC-1080P(10344): 
E/OMX-VDEC-1080P(10344):  OMX flush o/p Port complete PenBuf(0)
E/OMX-VDEC-1080P(10344): 
E/OMX-VDEC-1080P(10344):  OMX_CommandPortDisable complete for port [1]
E/OMX-VDEC-1080P(10344): Streaming off 0 port
E/OMX-VDEC-1080P(10344): Count = 3 
E/OMX-VDEC-1080P(10344):  
E/OMX-VDEC-1080P(10344): Buffer Size = 1413376 
E/OMX-VDEC-1080P(10344):  
E/OMX-VDEC-1080P(10344): 
E/OMX-VDEC-1080P(10344):  video session supported
E/OMX-VDEC-1080P(10344): 
E/OMX-VDEC-1080P(10344):  No color conversion required
E/OMX-VDEC-1080P(10344): update_portdef Width = 1280 Height = 720 Stride = 1280 SliceHeight = 736 
I/OMXCodec(10344): [OMX.qcom.video.decoder.avc] video dimensions are 1280 x 720
I/OMXCodec(10344): [OMX.qcom.video.decoder.avc] Crop rect is 1280 x 720 @ (0, 0)
E/OMX-VDEC-1080P(10344): 
E/OMX-VDEC-1080P(10344):  send_command_proxy(): Current State 3, Expected State 1
E/OMX-VDEC-1080P(10344): 
E/OMX-VDEC-1080P(10344):  send_command_proxy(): OMX_CommandPortEnable issuedwith param1: 1
E/OMX-VDEC-1080P(10344): 
E/OMX-VDEC-1080P(10344):  No color conversion required
E/OMX-VDEC-1080P(10344): update_portdef Width = 1280 Height = 720 Stride = 1280 SliceHeight = 736 
E/OMX-VDEC-1080P(10344): 
E/OMX-VDEC-1080P(10344):  No color conversion required
I/vtest   ( 9394): [videoFragment] video event: onPlaying
I/vtest   ( 9394): ** relay post: REPORT PLAYING
I/vtest   ( 9394): ** relay post: REPORT VOLUME 6 15
I/vtest   ( 9394): [main] track unpause: was not tracking
I/vtest   ( 9394): [videoFragment] AHA! newX=1080, newY=610
I/vtest   ( 9394): [videoFragment] recording new video size: width=1080 height=610
E/OMX-VDEC-1080P(10344): 
E/OMX-VDEC-1080P(10344):  No color conversion required
E/OMX-VDEC-1080P(10344): update_portdef Width = 1280 Height = 720 Stride = 1280 SliceHeight = 736 
E/OMX-VDEC-1080P(10344): Use_op_buf:Allocating output headers
E/OMX-VDEC-1080P(10344): 
E/OMX-VDEC-1080P(10344):  Use o/p buffer case - Header List allocation
E/OMX-VDEC-1080P(10344): 
E/OMX-VDEC-1080P(10344):  Set the Output Buffer Idx: 0 Addr: 0xb301f000, pmem_fd=0x46
E/OMX-VDEC-1080P(10344): Allocate done for all i/p buffers
E/OMX-VDEC-1080P(10344): 
E/OMX-VDEC-1080P(10344):  No color conversion required
E/OMX-VDEC-1080P(10344): update_portdef Width = 1280 Height = 720 Stride = 1280 SliceHeight = 736 
E/OMX-VDEC-1080P(10344): 
E/OMX-VDEC-1080P(10344):  Set the Output Buffer Idx: 1 Addr: 0xaa1cd000, pmem_fd=0x4c
E/OMX-VDEC-1080P(10344): Allocate done for all i/p buffers
E/OMX-VDEC-1080P(10344): 
E/OMX-VDEC-1080P(10344):  No color conversion required
E/OMX-VDEC-1080P(10344): update_portdef Width = 1280 Height = 720 Stride = 1280 SliceHeight = 736 
E/OMX-VDEC-1080P(10344): 
E/OMX-VDEC-1080P(10344):  Set the Output Buffer Idx: 2 Addr: 0xa9a04000, pmem_fd=0x4e
E/OMX-VDEC-1080P(10344): Allocate done for all i/p buffers
E/OMX-VDEC-1080P(10344): 
E/OMX-VDEC-1080P(10344):  No color conversion required
E/OMX-VDEC-1080P(10344): update_portdef Width = 1280 Height = 720 Stride = 1280 SliceHeight = 736 
E/OMX-VDEC-1080P(10344): 
E/OMX-VDEC-1080P(10344):  Set the Output Buffer Idx: 3 Addr: 0xa9750000, pmem_fd=0x50
E/OMX-VDEC-1080P(10344): Allocate done for all i/p buffers
E/OMX-VDEC-1080P(10344): Allocate done for all o/p buffers
E/OMX-VDEC-1080P(10344): 
E/OMX-VDEC-1080P(10344):  OMX_CommandPortEnable complete for port [1]
I/SoftAAC2(10344): Reconfiguring decoder: 0->44100 Hz, 0->2 channels
D/audio_hw_primary(10344): out_set_parameters: enter: usecase(1: low-latency-playback) kvpairs: routing=2
W/MediaPlayer( 8484): info/warning (3, 0)
I/L       ( 8484): apps.youtube.medialib.player.o.a:827 media player info 3 0
D/audio_hw_primary(10344): select_devices: out_snd_device(2: speaker) in_snd_device(0: )
I/qtaguid ( 8484): Failed write_ctrl(u 91) res=-1 errno=22
I/qtaguid ( 8484): Untagging socket 91 failed errno=-22
W/NetworkManagementSocketTagger( 8484): untagSocket(91) failed with errno -22
I/vtest   ( 9394): [main] Tick! episode: 6xvlzvNkj2o offset: 4337, duration: 75302, pct: 0.05759475
I/vtest   ( 9394): [videoFragment] AHA! newX=1080, newY=610
I/vtest   ( 9394): [videoFragment] recording new video size: width=1080 height=610
E/AudioSink(10344): received unknown event type: 1 inside CallbackWrapper !
I/AwesomePlayer(10344): cache is running low (0.11 secs) , pausing.
W/MediaPlayer( 8484): info/warning (703, 0)
W/MediaPlayer( 8484): info/warning (701, 0)
I/L       ( 8484): apps.youtube.medialib.player.o.a:827 media player info 2bf 0
I/L       ( 8484): apps.youtube.medialib.player.o.a:827 media player info 2bd 0
I/L       ( 8484): apps.youtube.medialib.player.o.a:830 Buffering data from v:{6xvlzvNkj2o} t:{76000} i:{22} s:{1280x720} m:{video/mp4; codecs="avc1.64001F, mp4a.40.2"} u:{https://r3---sn-nvopjoxu-25ve.googlevideo.com/videoplayback?id=eb1be5cef3648f6a&ipbits=0&expire=1393489146&ms=au&clen=11971654&requiressl=yes&mime=video%2Fmp4&fexp=945018%2C914921%2C916625%2C936112%2C937417%2C937416%2C913434%2C936910%2C936913%2C902907&mt=1393465036&mv=m&upn=5fQ6VpGeJ_I&dur=75.302&itag=22&ip=173.228.60.169&key=yt5&lmt=1393095103287425&signature=1829972251C7FA3A38B6A2723DC74B3F45F6FC17.B550C5AD22557C146729288F5FD79DF3595717FE&sver=3&source=youtube&gir=yes&sparams=clen%2Cdur%2Cgir%2Cid%2Cip%2Cipbits%2Citag%2Clmt%2Crequiressl%2Csource%2Cupn%2Cexpire&dnc=1}
D/YouTubeAndroidPlayerAPI( 8484): apps.youtube.core.player.l.handleMessage:1549 PlayerState: 5
I/vtest   ( 9394): [videoFragment] AHA! newX=1080, newY=610
I/vtest   ( 9394): [videoFragment] recording new video size: width=1080 height=610
D/dalvikvm( 8484): GC_CONCURRENT freed 707K, 5% free 18248K/19052K, paused 3ms+38ms, total 80ms
I/vtest   ( 9394): [videoFragment] video event: onBuffering=true
I/vtest   ( 9394): ** relay post: REPORT BUFFERING
D/MobileDataStateTracker(  758): default: setPolicyDataEnable(enabled=true)
I/vtest   ( 9394): [main] Tick! episode: 6xvlzvNkj2o offset: 6673, duration: 75302, pct: 0.088616505
I/vtest   ( 9394): [main] Tick! episode: 6xvlzvNkj2o offset: 6673, duration: 75302, pct: 0.088616505
I/ActivityManager(  758): Killing 6809:system:ui/1000 (adj 15): empty for 1803s
I/vtest   ( 9394): [main] Tick! episode: 6xvlzvNkj2o offset: 6673, duration: 75302, pct: 0.088616505
I/vtest   ( 9394): [main] Tick! episode: 6xvlzvNkj2o offset: 6673, duration: 75302, pct: 0.088616505
I/vtest   ( 9394): [main] Tick! episode: 6xvlzvNkj2o offset: 6673, duration: 75302, pct: 0.088616505
I/vtest   ( 9394): [main] [dispatch] ACTION DOWN, x=813.0, y=153.0
I/vtest   ( 9394): [main] [dispatch] ACTION UP, x=813.0, y=153.0
D/audio_hw_primary(10344): out_set_parameters: enter: usecase(1: low-latency-playback) kvpairs: routing=2
D/audio_hw_primary(10344): select_devices: out_snd_device(2: speaker) in_snd_device(0: )
I/vtest   ( 9394): [main] Tick! episode: 6xvlzvNkj2o offset: 6673, duration: 75302, pct: 0.088616505
I/vtest   ( 9394): [main] CCX onRouteSelected
I/vtest   ( 9394): [main] CCX onRouteSelected
D/audio_hw_primary(10344): out_set_parameters: enter: usecase(1: low-latency-playback) kvpairs: routing=2
D/dalvikvm( 1071): GC_FOR_ALLOC freed 262K, 10% free 19643K/21652K, paused 31ms, total 32ms
I/dalvikvm-heap( 1071): Grow heap (frag case) to 19.397MB for 131088-byte allocation
I/AwesomePlayer(10344): cache has filled up (5.05 secs), resuming.
W/MediaPlayer( 8484): info/warning (702, 0)
I/L       ( 8484): apps.youtube.medialib.player.o.a:827 media player info 2be 0
D/YouTubeAndroidPlayerAPI( 8484): apps.youtube.core.player.l.handleMessage:1549 PlayerState: 6
I/vtest   ( 9394): [videoFragment] video event: onBuffering=false
I/vtest   ( 9394): ** relay post: REPORT BUFFERING
I/vtest   ( 9394): [videoFragment] AHA! newX=1080, newY=610
I/vtest   ( 9394): [videoFragment] recording new video size: width=1080 height=610
D/audio_hw_primary(10344): out_set_parameters: enter: usecase(1: low-latency-playback) kvpairs: routing=2
D/dalvikvm( 1071): GC_FOR_ALLOC freed <1K, 10% free 19770K/21784K, paused 46ms, total 46ms
D/dalvikvm( 1071): GC_FOR_ALLOC freed 9K, 10% free 19802K/21784K, paused 20ms, total 20ms
I/dalvikvm-heap( 1071): Grow heap (frag case) to 19.553MB for 131088-byte allocation
D/dalvikvm( 1071): GC_FOR_ALLOC freed <1K, 10% free 19930K/21916K, paused 20ms, total 20ms
D/dalvikvm( 1071): GC_FOR_ALLOC freed <1K, 10% free 19930K/21916K, paused 17ms, total 17ms
I/dalvikvm-heap( 1071): Grow heap (frag case) to 19.678MB for 131088-byte allocation
D/dalvikvm( 1071): GC_FOR_ALLOC freed 0K, 10% free 20058K/22048K, paused 18ms, total 18ms
I/vtest   ( 9394): [main] Tick! episode: 6xvlzvNkj2o offset: 6673, duration: 75302, pct: 0.088616505
I/vtest   ( 9394): [main] CCX onConnected
I/vtest   ( 9394): [main] CCX onConnected
I/vtest   ( 9394): [main] CCX ApplicationConnectionResultCallback.onResult: statusCode 2002
I/vtest   ( 9394): [main] CCX application could not launch
I/vtest   ( 9394): [main] ALERT: Chromecast could not launch! code 2002
I/vtest   ( 9394): [main] **** resuming episode, position: 4337
I/vtest   ( 9394): [main] load channel 30683 then: has episodes
I/vtest   ( 9394): [main] play_inner
I/vtest   ( 9394): [main] try to play episode: 3
I/vtest   ( 9394): [main] Programs in channel "30683": 28
I/vtest   ( 9394): [main] ++ analytics enter (30683, 6xvlzvNkj2o)
I/vtest   ( 9394): [main] ++ analytics exit (30683, 6xvlzvNkj2o)
I/vtest   ( 9394): [main] SEND MESSAGE: {"type":"play","data":{"episodeId":"6xvlzvNkj2o","channelArena":[{"id":"30686","contentType":"4","programCount":10,"youtubeId":"uKg-WhduhknV63WBbgqmMO6pqa-MCTRm","thumb":"https:\/\/i1.ytimg.com\/vi\/ZrAKfF5FTtg\/default.jpg","description":"Welcome to Camp Wanaykaka, where the kids have fun and counselors hook up.","name":"CAMP"},{"id":"30685","contentType":"4","programCount":4,"youtubeId":"uKg-WhduhkmGHSgTGuQhbHi3yHdQqj1k","thumb":"https:\/\/i1.ytimg.com\/vi\/bTrMgfPqJCk\/default.jpg","description":"Season 2 of Fox Digital Studio's Season 2","name":"Suit Up Season 2"},{"id":"30684","contentType":"4","programCount":8,"youtubeId":"uKg-WhduhkmOciEz8sALOd_TeDxcGQNT","thumb":"https:\/\/i1.ytimg.com\/vi\/eQo60XgvAEQ\/default.jpg","description":"","name":"Pranks"},{"id":"30683","contentType":"4","programCount":28,"youtubeId":"uKg-WhduhkmIcFMN7wxfVWYu8qnk0jMN","thumb":"https:\/\/i1.ytimg.com\/vi\/_mz31OFDDdk\/default.jpg","description":"What's new at CH","name":"Latest"},{"id":"30682","contentType":"4","programCount":9,"youtubeId":"uKg-Whduhkl6ptHtl8habPHYdratPOCi","thumb":"https:\/\/i1.ytimg.com\/vi\/i0LNjX1RKTk\/default.jpg","description":"","name":"Jake and Amir: Road Trip"}],"mso":{"region":"en","title":"collegehumor","preferredLangCode":"en","supported-region":"en English","name":"collegehumor"},"channelId":"30683","startSeconds":0}}
I/vtest   ( 9394): [main] CCX: not sent
I/vtest   ( 9394): [main] CCX: gcast_api_client is null
I/vtest   ( 9394): [main] CCX: gcast_channel is null
I/vtest   ( 9394): [main] episode "6xvlzvNkj2o" has no subepisodes, url is: http://www.youtube.com/watch?v=6xvlzvNkj2o
I/vtest   ( 9394): [main] [playvideo] YouTube id: 6xvlzvNkj2o
I/vtest   ( 9394): [main] play youtube with new API: 6xvlzvNkj2o, start_msec: 4337, end_msec: -1
I/vtest   ( 9394): [main] load video id: 6xvlzvNkj2o
D/YouTubeAndroidPlayerAPI( 8484): apps.youtube.core.player.sequencer.a.<init>:43 SequencerStage: New o
D/YouTubeAndroidPlayerAPI( 8484): apps.youtube.core.player.sequencer.a.a:48 SequencerStage: NEW
I/vtest   ( 9394): [main] =================> submit pdr (queuing)
I/vtest   ( 9394): [main] toggle OSD
I/vtest   ( 9394): [main] Portrait layout
W/TimedEventQueue(10344): Event 111 was not found in the queue, already cancelled?
