I/vtest   ( 9394): (ch 30683, ep 6xvlzvNkj2o) url: http://i1.ytimg.com/vi/6xvlzvNkj2o/hqdefault.jpg
I/vtest   ( 9394): (ch 30683, ep IzIlpd9oH_A) url: http://i1.ytimg.com/vi/IzIlpd9oH_A/hqdefault.jpg
I/vtest   ( 9394): (ch 30683, ep N5kWu1ifBGU) url: http://i1.ytimg.com/vi/N5kWu1ifBGU/hqdefault.jpg
I/vtest   ( 9394): [main] CCX onRouteUnselected: info=MediaRouter.RouteInfo{ uniqueId=com.google.android.gms/.cast.media.CastMediaRouteProviderService:2835a564c452ac82b8ab7e9c331707f4, name=SonyTV, description=Chromecast Home Screen, enabled=true, connecting=false, playbackType=1, playbackStream=-1, volumeHandling=1, volume=20, volumeMax=20, presentationDisplayId=-1, extras=Bundle[{com.google.android.gms.cast.EXTRA_CAST_DEVICE="SonyTV" (2835a564c452ac82b8ab7e9c331707f4)}], providerPackageName=com.google.android.gms }
E/OMX-VDEC-1080P(10344): 
E/OMX-VDEC-1080P(10344):  Rxd OMX_COMPONENT_GENERATE_STOP_DONE
E/OMX-VDEC-1080P(10344): 
E/OMX-VDEC-1080P(10344):  send_command_proxy(): Current State 2, Expected State 1
E/OMX-VDEC-1080P(10344): 
E/OMX-VDEC-1080P(10344):  send_command_proxy(): OMX_CommandStateSet issued
E/OMX-VDEC-1080P(10344): 
E/OMX-VDEC-1080P(10344):  Current State 2, Expected State 1
I/vtest   ( 9394): [main] **** resuming episode, position: 4337
I/vtest   ( 9394): [main] load channel 30683 then: has episodes
I/vtest   ( 9394): [main] play_inner
I/vtest   ( 9394): [main] try to play episode: 3
I/vtest   ( 9394): [main] Programs in channel "30683": 28
I/vtest   ( 9394): [main] ++ analytics enter (30683, 6xvlzvNkj2o)
I/vtest   ( 9394): [main] ++ analytics exit (30683, 6xvlzvNkj2o)
I/vtest   ( 9394): [main] SEND MESSAGE: {"type":"play","data":{"episodeId":"6xvlzvNkj2o","channelArena":[{"id":"30686","contentType":"4","programCount":10,"youtubeId":"uKg-WhduhknV63WBbgqmMO6pqa-MCTRm","thumb":"https:\/\/i1.ytimg.com\/vi\/ZrAKfF5FTtg\/default.jpg","description":"Welcome to Camp Wanaykaka, where the kids have fun and counselors hook up.","name":"CAMP"},{"id":"30685","contentType":"4","programCount":4,"youtubeId":"uKg-WhduhkmGHSgTGuQhbHi3yHdQqj1k","thumb":"https:\/\/i1.ytimg.com\/vi\/bTrMgfPqJCk\/default.jpg","description":"Season 2 of Fox Digital Studio's Season 2","name":"Suit Up Season 2"},{"id":"30684","contentType":"4","programCount":8,"youtubeId":"uKg-WhduhkmOciEz8sALOd_TeDxcGQNT","thumb":"https:\/\/i1.ytimg.com\/vi\/eQo60XgvAEQ\/default.jpg","description":"","name":"Pranks"},{"id":"30683","contentType":"4","programCount":28,"youtubeId":"uKg-WhduhkmIcFMN7wxfVWYu8qnk0jMN","thumb":"https:\/\/i1.ytimg.com\/vi\/_mz31OFDDdk\/default.jpg","description":"What's new at CH","name":"Latest"},{"id":"30682","contentType":"4","programCount":9,"youtubeId":"uKg-Whduhkl6ptHtl8habPHYdratPOCi","thumb":"https:\/\/i1.ytimg.com\/vi\/i0LNjX1RKTk\/default.jpg","description":"","name":"Jake and Amir: Road Trip"}],"mso":{"region":"en","title":"collegehumor","preferredLangCode":"en","supported-region":"en English","name":"collegehumor"},"channelId":"30683","startSeconds":0}}
I/vtest   ( 9394): [main] CCX: not sent
I/vtest   ( 9394): [main] CCX: gcast_api_client is null
I/vtest   ( 9394): [main] CCX: gcast_channel is null
I/vtest   ( 9394): [main] episode "6xvlzvNkj2o" has no subepisodes, url is: http://www.youtube.com/watch?v=6xvlzvNkj2o
I/vtest   ( 9394): [main] [playvideo] YouTube id: 6xvlzvNkj2o
I/vtest   ( 9394): [main] play youtube with new API: 6xvlzvNkj2o, start_msec: 4337, end_msec: -1
I/vtest   ( 9394): [main] load video id: 6xvlzvNkj2o
I/vtest   ( 9394): [main] =================> submit pdr (queuing)
I/vtest   ( 9394): [main] onVideoActivityRefreshMetadata
I/vtest   ( 9394): [main] playback comments updated (episode 6xvlzvNkj2o, 24 comments)
I/vtest   ( 9394): ----------- Download episode thumbnails for channel: 30683
I/vtest   ( 9394): (ch 30683, ep _mz31OFDDdk) url: http://i1.ytimg.com/vi/_mz31OFDDdk/hqdefault.jpg
I/vtest   ( 9394): (ch 30683, ep eO3DvfWhcuc) url: http://i1.ytimg.com/vi/eO3DvfWhcuc/hqdefault.jpg
I/vtest   ( 9394): (ch 30683, ep s_F23P7uD1M) url: http://i1.ytimg.com/vi/s_F23P7uD1M/hqdefault.jpg
I/vtest   ( 9394): (ch 30683, ep h1Dyqas6Sm8) url: http://i1.ytimg.com/vi/h1Dyqas6Sm8/hqdefault.jpg
I/vtest   ( 9394): (ch 30683, ep bLoRPielarA) url: http://i1.ytimg.com/vi/bLoRPielarA/hqdefault.jpg
I/vtest   ( 9394): (ch 30683, ep n4Sp9Q3pu_w) url: http://i1.ytimg.com/vi/n4Sp9Q3pu_w/hqdefault.jpg
I/vtest   ( 9394): (ch 30683, ep YuOBzWF0Aws) url: http://i1.ytimg.com/vi/YuOBzWF0Aws/hqdefault.jpg
I/vtest   ( 9394): (ch 30683, ep mPOEmHczkCw) url: http://i1.ytimg.com/vi/mPOEmHczkCw/hqdefault.jpg
I/vtest   ( 9394): (ch 30683, ep Or79YxzWpqE) url: http://i1.ytimg.com/vi/Or79YxzWpqE/hqdefault.jpg
I/vtest   ( 9394): Requesting YouTube comments: 6xvlzvNkj2o
I/vtest   ( 9394): calling YouTube API: http://gdata.youtube.com/feeds/api/videos/6xvlzvNkj2o/comments?v=2&alt=json&start-index=1&prettyprint=true
I/vtest   ( 9394): (ch 30683, ep XOuadhhUWaQ) url: http://i1.ytimg.com/vi/XOuadhhUWaQ/hqdefault.jpg
I/vtest   ( 9394): (ch 30683, ep jjncr7DeRHU) url: http://i1.ytimg.com/vi/jjncr7DeRHU/hqdefault.jpg
I/vtest   ( 9394): (ch 30683, ep 6xvlzvNkj2o) url: http://i1.ytimg.com/vi/6xvlzvNkj2o/hqdefault.jpg
I/vtest   ( 9394): (ch 30683, ep IzIlpd9oH_A) url: http://i1.ytimg.com/vi/IzIlpd9oH_A/hqdefault.jpg
I/vtest   ( 9394): (ch 30683, ep N5kWu1ifBGU) url: http://i1.ytimg.com/vi/N5kWu1ifBGU/hqdefault.jpg
I/vtest   ( 9394): (ch 30683, ep _mz31OFDDdk) url: http://i1.ytimg.com/vi/_mz31OFDDdk/hqdefault.jpg
I/vtest   ( 9394): (ch 30683, ep eO3DvfWhcuc) url: http://i1.ytimg.com/vi/eO3DvfWhcuc/hqdefault.jpg
I/vtest   ( 9394): (ch 30683, ep s_F23P7uD1M) url: http://i1.ytimg.com/vi/s_F23P7uD1M/hqdefault.jpg
I/vtest   ( 9394): (ch 30683, ep h1Dyqas6Sm8) url: http://i1.ytimg.com/vi/h1Dyqas6Sm8/hqdefault.jpg
I/vtest   ( 9394): (ch 30683, ep bLoRPielarA) url: http://i1.ytimg.com/vi/bLoRPielarA/hqdefault.jpg
I/vtest   ( 9394): (ch 30683, ep n4Sp9Q3pu_w) url: http://i1.ytimg.com/vi/n4Sp9Q3pu_w/hqdefault.jpg
I/vtest   ( 9394): (ch 30683, ep YuOBzWF0Aws) url: http://i1.ytimg.com/vi/YuOBzWF0Aws/hqdefault.jpg
I/vtest   ( 9394): (ch 30683, ep mPOEmHczkCw) url: http://i1.ytimg.com/vi/mPOEmHczkCw/hqdefault.jpg
I/vtest   ( 9394): (ch 30683, ep Or79YxzWpqE) url: http://i1.ytimg.com/vi/Or79YxzWpqE/hqdefault.jpg
I/vtest   ( 9394): [videoFragment] AHA! newX=1080, newY=610
I/vtest   ( 9394): [videoFragment] recording new video size: width=1080 height=610
I/vtest   ( 9394): (ch 30683, ep YfReIQEQeDA) url: http://i1.ytimg.com/vi/YfReIQEQeDA/hqdefault.jpg
I/vtest   ( 9394): (ch 30683, ep fUjuPh4jf-Y) url: http://i1.ytimg.com/vi/fUjuPh4jf-Y/hqdefault.jpg
I/vtest   ( 9394): (ch 30683, ep -EALhTc-hE8) url: http://i1.ytimg.com/vi/-EALhTc-hE8/hqdefault.jpg
I/vtest   ( 9394): (ch 30683, ep BjbeOa4uKik) url: http://i1.ytimg.com/vi/BjbeOa4uKik/hqdefault.jpg
I/vtest   ( 9394): (ch 30683, ep PAN6Rz3YTEI) url: http://i1.ytimg.com/vi/PAN6Rz3YTEI/hqdefault.jpg
I/vtest   ( 9394): (ch 30683, ep YfReIQEQeDA) url: http://i1.ytimg.com/vi/YfReIQEQeDA/hqdefault.jpg
E/OMX-VDEC-1080P(10344): 
E/OMX-VDEC-1080P(10344):  ALL input buffers are freed/released
I/vtest   ( 9394): (ch 30683, ep fUjuPh4jf-Y) url: http://i1.ytimg.com/vi/fUjuPh4jf-Y/hqdefault.jpg
I/vtest   ( 9394): (ch 30683, ep -EALhTc-hE8) url: http://i1.ytimg.com/vi/-EALhTc-hE8/hqdefault.jpg
I/vtest   ( 9394): (ch 30683, ep BjbeOa4uKik) url: http://i1.ytimg.com/vi/BjbeOa4uKik/hqdefault.jpg
I/vtest   ( 9394): (ch 30683, ep PAN6Rz3YTEI) url: http://i1.ytimg.com/vi/PAN6Rz3YTEI/hqdefault.jpg
I/vtest   ( 9394): (ch 30683, ep ymkA1N3oFwg) url: http://i1.ytimg.com/vi/ymkA1N3oFwg/hqdefault.jpg
I/vtest   ( 9394): (ch 30683, ep NUrFeWJDByw) url: http://i1.ytimg.com/vi/NUrFeWJDByw/hqdefault.jpg
I/vtest   ( 9394): (ch 30683, ep 0KP7g2xrqKE) url: http://i1.ytimg.com/vi/0KP7g2xrqKE/hqdefault.jpg
E/OMX-VDEC-1080P(10344): 
E/OMX-VDEC-1080P(10344):  ALL output buffers are freed/released
I/vtest   ( 9394): (ch 30683, ep qPxSU7zDmOE) url: http://i1.ytimg.com/vi/qPxSU7zDmOE/hqdefault.jpg
I/vtest   ( 9394): (ch 30683, ep eHD22hqiDGU) url: http://i1.ytimg.com/vi/eHD22hqiDGU/hqdefault.jpg
I/vtest   ( 9394): (ch 30683, ep gQNNcXEvk7I) url: http://i1.ytimg.com/vi/gQNNcXEvk7I/hqdefault.jpg
I/vtest   ( 9394): (ch 30683, ep vCM-9BgRKfw) url: http://i1.ytimg.com/vi/vCM-9BgRKfw/hqdefault.jpg
E/OMX-VDEC-1080P(10344): 
E/OMX-VDEC-1080P(10344):  OMX_CommandStateSet complete, m_state = 1
E/OMX-VDEC-1080P(10344): 
E/OMX-VDEC-1080P(10344):  Playback Ended - PASSED
E/OMX-VDEC-1080P(10344): 
E/OMX-VDEC-1080P(10344):  ALL output buffers are freed/released
E/OMX-VDEC-1080P(10344): 
E/OMX-VDEC-1080P(10344):  Close the driver instance
E/OMX-VDEC-1080P(10344): 
E/OMX-VDEC-1080P(10344):  omx_vdec::component_deinit() complete
E/OMX-VDEC-1080P(10344): In OMX vdec Destructor
E/OMX-VDEC-1080P(10344): Waiting on OMX Msg Thread exit
E/OMX-VDEC-1080P(10344): omx_vdec: message thread stop
E/OMX-VDEC-1080P(10344): Waiting on OMX Async Thread exit
I/vtest   ( 9394): (ch 30683, ep ymkA1N3oFwg) url: http://i1.ytimg.com/vi/ymkA1N3oFwg/hqdefault.jpg
I/vtest   ( 9394): (ch 30683, ep NUrFeWJDByw) url: http://i1.ytimg.com/vi/NUrFeWJDByw/hqdefault.jpg
I/vtest   ( 9394): (ch 30683, ep 0KP7g2xrqKE) url: http://i1.ytimg.com/vi/0KP7g2xrqKE/hqdefault.jpg
I/vtest   ( 9394): (ch 30683, ep qPxSU7zDmOE) url: http://i1.ytimg.com/vi/qPxSU7zDmOE/hqdefault.jpg
I/vtest   ( 9394): (ch 30683, ep eHD22hqiDGU) url: http://i1.ytimg.com/vi/eHD22hqiDGU/hqdefault.jpg
I/vtest   ( 9394): (ch 30683, ep gQNNcXEvk7I) url: http://i1.ytimg.com/vi/gQNNcXEvk7I/hqdefault.jpg
E/OMX-VDEC-1080P(10344): 
E/OMX-VDEC-1080P(10344):  VIDC Close Done Recieved and async_message_thread Exited 
E/OMX-VDEC-1080P(10344): omx_vdec: Async thread stop
I/vtest   ( 9394): (ch 30683, ep cwQAyskqG0g) url: http://i1.ytimg.com/vi/cwQAyskqG0g/hqdefault.jpg
I/vtest   ( 9394): (ch 30683, ep vCM-9BgRKfw) url: http://i1.ytimg.com/vi/vCM-9BgRKfw/hqdefault.jpg
E/OMX-VDEC-1080P(10344): Exit OMX vdec Destructor
E/        (10344): 
E/        (10344):  Destroy C2D instance
E/        (10344): 
E/        (10344):  Destroy C2D instance
I/vtest   ( 9394): (ch 30683, ep cwQAyskqG0g) url: http://i1.ytimg.com/vi/cwQAyskqG0g/hqdefault.jpg
I/vtest   ( 9394): (ch 30683, ep iRM0-FT0tUA) url: http://i1.ytimg.com/vi/iRM0-FT0tUA/hqdefault.jpg
W/AudioFlinger(10344): session id 9279 not found for pid 8484
D/YouTubeAndroidPlayerAPI( 8484): apps.youtube.core.client.QoeStatsClient.i:570 Pinging https://s.youtube.com/api/stats/qoe?plid=AATzWWS-09tp-LCt&event=streamingstats&fexp=935620%2C931919%2C914095%2C916612%2C936117%2C937417%2C937416%2C913434%2C936910%2C936913%2C902907&docid=6xvlzvNkj2o&ns=yt&ei=VpcOU7-4J-iIygGUs4HABw&cpn=aI_-q6oofZxgh2en&conn=3&fmt=22&cplatform=mobile&c=otherapp&cver=5.3.32&cos=Android&cosver=4.4.2&cbr=com.google.android.youtube.api&cbrver=5.3.32&cbrand=LGE&cmodel=Nexus%205&vfs=11.117%3A22%3A22%3A%3Ai&vps=0.000%3AN%2C0.014%3AB%2C11.114%3APL%2C12.123%3AB%2C15.871%3AEN
I/vtest   ( 9394): (ch 30683, ep iRM0-FT0tUA) url: http://i1.ytimg.com/vi/iRM0-FT0tUA/hqdefault.jpg
D/YouTubeAndroidPlayerAPI( 8484): apps.youtube.core.client.VideoStats2Client.a:723 Pinging https://s.youtube.com/api/stats/watchtime?len=76&plid=AATzWWS-09tp-LCt&fexp=935620%2C931919%2C914095%2C916612%2C936117%2C937417%2C937416%2C913434%2C936910%2C936913%2C902907&docid=6xvlzvNkj2o&ns=yt&ei=VpcOU7-4J-iIygGUs4HABw&cpn=aI_-q6oofZxgh2en&rt=15.9&ver=2&cplatform=mobile&c=otherapp&cver=5.3.32&cos=Android&cosver=4.4.2&cbr=com.google.android.youtube.api&cbrver=5.3.32&cbrand=LGE&cmodel=Nexus%205&el=detailpage&fmt=22&state=paused&st=4.3&et=7.0&conn=3&vis=0&final=1
D/YouTubeAndroidPlayerAPI( 8484): apps.youtube.core.player.Director.a:627 PlaybackState reset by init
D/YouTubeAndroidPlayerAPI( 8484): apps.youtube.core.player.Director.a:473 VideoStage: NEW
D/YouTubeAndroidPlayerAPI( 8484): apps.youtube.core.client.QoeStatsClient.i:540 No ping as there is nothing new to report
I/vtest   ( 9394): [main] update_metadata: channel=|Latest|
I/vtest   ( 9394): [main] update_metadata: episode=|Facebook's Look Back Mocks Your Lame Social Life|
D/dalvikvm( 8484): GC_CONCURRENT freed 566K, 4% free 18333K/19052K, paused 1ms+2ms, total 31ms
D/dalvikvm( 8484): WAIT_FOR_CONCURRENT_GC blocked 7ms
I/vtest   ( 9394): [main] update_metadata: channel=|Latest|
I/vtest   ( 9394): [main] update_metadata: episode=|Facebook's Look Back Mocks Your Lame Social Life|
D/dalvikvm( 8484): WAIT_FOR_CONCURRENT_GC blocked 8ms
D/YouTubeAndroidPlayerAPI( 8484): apps.youtube.core.player.sequencer.a.a:48 SequencerStage: VIDEO_LOADING
D/YouTubeAndroidPlayerAPI( 8484): apps.youtube.core.player.l.handleMessage:1549 PlayerState: 6
D/YouTubeAndroidPlayerAPI( 8484): apps.youtube.core.player.l.handleMessage:1549 PlayerState: 4
D/YouTubeAndroidPlayerAPI( 8484): apps.youtube.core.player.sequencer.a.<init>:43 SequencerStage: New o
D/YouTubeAndroidPlayerAPI( 8484): apps.youtube.core.player.sequencer.a.a:48 SequencerStage: NEW
D/YouTubeAndroidPlayerAPI( 8484): apps.youtube.core.player.Director.a:627 PlaybackState reset by init
D/YouTubeAndroidPlayerAPI( 8484): apps.youtube.core.player.sequencer.a.a:48 SequencerStage: VIDEO_LOADING
I/vtest   ( 9394): [videoFragment] [video state] onLoading
I/vtest   ( 9394): [videoFragment] video event: onBuffering=false
I/vtest   ( 9394): ** relay post: REPORT BUFFERING
I/vtest   ( 9394): [videoFragment] video event: onStopped
I/vtest   ( 9394): [videoFragment] pending_restart is: false
I/vtest   ( 9394): [main] reset progress bar
I/vtest   ( 9394): [main] track eof: was not tracking
I/vtest   ( 9394): [videoFragment] onStopped: video was not started, won't move to next episode
I/vtest   ( 9394): [videoFragment] AHA! newX=1080, newY=610
I/vtest   ( 9394): [videoFragment] recording new video size: width=1080 height=610
I/qtaguid ( 8484): Failed write_ctrl(u 91) res=-1 errno=22
I/qtaguid ( 8484): Untagging socket 91 failed errno=-22
W/NetworkManagementSocketTagger( 8484): untagSocket(91) failed with errno -22
E/YouTubeAndroidPlayerAPI( 8484): apps.youtube.core.player.Director.F:521 Media progress reported outside media playback
I/qtaguid ( 8484): Failed write_ctrl(u 54) res=-1 errno=22
I/qtaguid ( 8484): Untagging socket 54 failed errno=-22
W/NetworkManagementSocketTagger( 8484): untagSocket(54) failed with errno -22
D/YouTubeAndroidPlayerAPI( 8484): apps.youtube.core.player.sequencer.a.a:48 SequencerStage: VIDEO_PLAYBACK_LOADED
D/YouTubeAndroidPlayerAPI( 8484): apps.youtube.core.player.Director.a:473 VideoStage: PLAYBACK_LOADED
D/YouTubeAndroidPlayerAPI( 8484): apps.youtube.core.player.Director.a:473 VideoStage: AD_LOADING
I/vtest   ( 9394): [videoFragment] AHA! newX=1080, newY=610
I/vtest   ( 9394): [videoFragment] recording new video size: width=1080 height=610
I/qtaguid ( 8484): Failed write_ctrl(u 103) res=-1 errno=22
I/qtaguid ( 8484): Untagging socket 103 failed errno=-22
W/NetworkManagementSocketTagger( 8484): untagSocket(103) failed with errno -22
D/YouTubeAndroidPlayerAPI( 8484): apps.youtube.core.player.Director.a:473 VideoStage: READY
D/YouTubeAndroidPlayerAPI( 8484): apps.youtube.core.player.StatsTracker.a:403 Stats tracking NEW: 6xvlzvNkj2o
D/YouTubeAndroidPlayerAPI( 8484): apps.youtube.core.player.Director.a:473 VideoStage: MEDIA_VIDEO_PLAY_REQUESTED
I/vtest   ( 9394): [videoFragment] [video state] onLoaded
I/vtest   ( 9394): [videoFragment] AHA! newX=1080, newY=610
I/vtest   ( 9394): [videoFragment] recording new video size: width=1080 height=610
D/YouTubeAndroidPlayerAPI( 8484): apps.youtube.core.player.overlay.o.a:267 Got FeaturedChannel image from [uri=http://i1.ytimg.com/an/PDXXXJj9nax0fr0Wfc048g/featured_channel.jpg?v=52cf19d2]
D/YouTubeAndroidPlayerAPI( 8484): apps.youtube.core.player.overlay.p.a:275 Got FeaturedVideo image from [uri=https://i1.ytimg.com/vi/AaH7A-qQRRk/default.jpg]
D/MediaPlayer( 8484): Couldn't open file on client side, trying server side
I/AwesomePlayer(10344): setDataSource_l(URL suppressed)
D/YouTubeAndroidPlayerAPI( 8484): apps.youtube.core.player.l.handleMessage:1549 PlayerState: 0
D/YouTubeAndroidPlayerAPI( 8484): apps.youtube.core.player.l.handleMessage:1549 PlayerState: 5
I/vtest   ( 9394): -- number of comments: 25
I/vtest   ( 9394): entry: 0 of 25
I/vtest   ( 9394): comments for #0
I/vtest   ( 9394): -- title: Check out our new ...
I/vtest   ( 9394): -- content: Check out our new weekly series "Morning Drawfee" where the CollegeHumor 
I/vtest   ( 9394): illustrators draw your (often weird) suggestions! - 
I/vtest   ( 9394): http://youtu.be/gBIFWyViFSA
I/vtest   ( 9394): -- author: CollegeHumor
I/vtest   ( 9394): -- published: 2014-02-26T22:22:43.000Z
I/vtest   ( 9394): entry: 1 of 25
I/vtest   ( 9394): comments for #1
I/vtest   ( 9394): -- title: Don't be like Pat ...
I/vtest   ( 9394): -- content: Don't be like Pat Cassels
I/vtest   ( 9394): -- author: CollegeHumor
I/vtest   ( 9394): -- published: 2014-02-20T16:59:41.000Z
I/vtest   ( 9394): entry: 2 of 25
I/vtest   ( 9394): comments for #2
I/vtest   ( 9394): -- title: This is better than ...
I/vtest   ( 9394): -- content: This is better than my life.
I/vtest   ( 9394): -- author: Cracked
I/vtest   ( 9394): -- published: 2014-02-26T23:52:27.000Z
I/vtest   ( 9394): entry: 3 of 25
I/vtest   ( 9394): comments for #3
I/vtest   ( 9394): -- title: I wonder why ...
I/vtest   ( 9394): -- content: I wonder why Facebook didn't include the time he hosted a talk show on a 
I/vtest   ( 9394): subway car.  (For the record, we did NOT invite him to do that.)
I/vtest   ( 9394): -- author: Improv Everywhere
I/vtest   ( 9394): -- published: 2014-02-25T20:57:23.000Z
I/vtest   ( 9394): entry: 4 of 25
I/vtest   ( 9394): comments for #4
I/vtest   ( 9394): -- title: True Life: I have ...
I/vtest   ( 9394): -- content: True Life: I have FOMO
I/vtest   ( 9394): -- author: My Damn Channel
I/vtest   ( 9394): -- published: 2014-02-25T18:52:32.000Z
I/vtest   ( 9394): entry: 5 of 25
I/vtest   ( 9394): comments for #5
I/vtest   ( 9394): -- title: In the future, ...
I/vtest   ( 9394): -- content: In the future, Facebook makes fun of YOU. 
I/vtest   ( 9394): -- author: Above Average
I/vtest   ( 9394): -- published: 2014-02-25T18:10:44.000Z
I/vtest   ( 9394): entry: 6 of 25
I/vtest   ( 9394): comments for #6
I/vtest   ( 9394): -- title: That's sorta like ...
I/vtest   ( 9394): -- content: That's sorta like me lol. But only because I choose not to go parties or 
I/vtest   ( 9394): get drunk. I always a have a choice in these things, go get wasted in some 
I/vtest   ( 9394): party and wake up tomorrow with a hangover or go ride on my mountain bike 
I/vtest   ( 9394): and wake up in hospital with both arms in casts... mountain bike option 
I/vtest   ( 9394): wins every time.. 
I/vtest   ( 9394): -- author: Blankity Blank
I/vtest   ( 9394): -- published: 2014-02-26T21:28:12.000Z
I/vtest   ( 9394): entry: 7 of 25
I/vtest   ( 9394): comments for #7
I/vtest   ( 9394): -- title: That's so sad.
I/vtest   ( 9394): -- content: That's so sad.
I/vtest   ( 9394): -- author: l Vertigo
I/vtest   ( 9394): -- published: 2014-02-26T20:50:35.000Z
I/vtest   ( 9394): entry: 8 of 25
I/vtest   ( 9394): comments for #8
I/vtest   ( 9394): -- title: Not exactly fits me ...
I/vtest   ( 9394): -- content: Not exactly fits me but so close because I dislike taking photos of myself. 
I/vtest   ( 9394): BTW still looking for functional chrome extensions for replacing all baby 
I/vtest   ( 9394): faces with cats.
I/vtest   ( 9394): -- author: Shintaro Review
I/vtest   ( 9394): -- published: 2014-02-24T03:05:26.000Z
I/vtest   ( 9394): entry: 9 of 25
I/vtest   ( 9394): comments for #9
I/vtest   ( 9394): -- title: LOL love that ...
I/vtest   ( 9394): -- content: LOL love that everyone in the photo flipping him
I/vtest   ( 9394): -- author: KINSLINK
I/vtest   ( 9394): -- published: 2014-02-25T13:39:19.000Z
I/vtest   ( 9394): entry: 10 of 25
I/vtest   ( 9394): comments for #10
I/vtest   ( 9394): -- title: This is why I ...
I/vtest   ( 9394): -- content: This is why I deleted my FaceBook account. I mean I was invited to parties 
I/vtest   ( 9394): and all, but I'm a bit too shy. xD
I/vtest   ( 9394): -- author: McKenna Worthy
I/vtest   ( 9394): -- published: 2014-02-25T02:46:07.000Z
I/vtest   ( 9394): entry: 11 of 25
I/vtest   ( 9394): comments for #11
I/vtest   ( 9394): -- title: mine was pretty ...
I/vtest   ( 9394): -- content: mine was pretty crap
I/vtest   ( 9394): -- author: chaser595
I/vtest   ( 9394): -- published: 2014-02-25T00:09:09.000Z
I/vtest   ( 9394): entry: 12 of 25
I/vtest   ( 9394): comments for #12
I/vtest   ( 9394): -- title: my b-day is in may ...
I/vtest   ( 9394): -- content: my b-day is in may 2nd!! :3 :D
I/vtest   ( 9394): -- author: Dilsoc
I/vtest   ( 9394): -- published: 2014-02-24T09:37:52.000Z
I/vtest   ( 9394): entry: 13 of 25
I/vtest   ( 9394): comments for #13
I/vtest   ( 9394): -- title: OK, so finally we ...
I/vtest   ( 9394): -- content: OK, so finally we have a video depicting the real nature of Facebook's 
I/vtest   ( 9394): worthlessness. Good job, guys. 
I/vtest   ( 9394): -- author: Anirban Chatterjee
I/vtest   ( 9394): -- published: 2014-02-23T08:25:15.000Z
I/vtest   ( 9394): entry: 14 of 25
I/vtest   ( 9394): comments for #14
I/vtest   ( 9394): -- title: Isnt FB video ...
I/vtest   ( 9394): -- content: Isnt FB video inversely proportional to real social life?
I/vtest   ( 9394): -- author: Vyshali R
I/vtest   ( 9394): -- published: 2014-02-24T00:52:36.000Z
I/vtest   ( 9394): entry: 15 of 25
I/vtest   ( 9394): comments for #15
I/vtest   ( 9394): -- title: Didn't they already ...
I/vtest   ( 9394): -- content: Didn't they already do this joke?
I/vtest   ( 9394): -- author: Stan Vincy
I/vtest   ( 9394): -- published: 2014-02-23T22:13:37.000Z
I/vtest   ( 9394): entry: 16 of 25
I/vtest   ( 9394): comments for #16
I/vtest   ( 9394): -- title: i dont have FB , ...
I/vtest   ( 9394): -- content: i dont have FB , cuz of the same reason
I/vtest   ( 9394): -- author: TheShamwow23
I/vtest   ( 9394): -- published: 2014-02-23T18:43:24.000Z
I/vtest   ( 9394): entry: 17 of 25
I/vtest   ( 9394): comments for #17
I/vtest   ( 9394): -- title: Still better than ...
I/vtest   ( 9394): -- content: Still better than mine.
I/vtest   ( 9394): -- author: Renard Thatch
I/vtest   ( 9394): -- published: 2014-02-23T15:30:07.000Z
I/vtest   ( 9394): entry: 18 of 25
I/vtest   ( 9394): comments for #18
I/vtest   ( 9394): -- title: The people that ...
D/dalvikvm( 8484): GC_CONCURRENT freed 449K, 4% free 18385K/19052K, paused 2ms+6ms, total 31ms
I/vtest   ( 9394): -- content: The people that post everything on FB are the real losers. I justify this 
I/vtest   ( 9394): with the reasoning that constant posters need confirmation. Why else would 
I/vtest   ( 9394): you post everything? Do you have to have someone tell you what you did was 
I/vtest   ( 9394): awesome? Do you have no goals other than oneupmanship?
I/vtest   ( 9394): Facebook is ok for the occasional post or to keep in contact but stop 
I/vtest   ( 9394): telling me about sour dog learning to sit or the tasty sandwich you just 
I/vtest   ( 9394): made. Yay you. Do things because you want to and not because you're jealous 
I/vtest   ( 9394): of things you FB friends did and you now wish to outdo it. 
I/vtest   ( 9394): -- author: bean420man
I/vtest   ( 9394): -- published: 2014-02-23T08:24:16.000Z
I/vtest   ( 9394): entry: 19 of 25
I/vtest   ( 9394): comments for #19
I/vtest   ( 9394): -- title: Dear losers
I/vtest   ( 9394): 
I/vtest   ( 9394): I dont ...
I/vtest   ( 9394): -- content: Dear losers
I/vtest   ( 9394): 
I/vtest   ( 9394): I dont have a facebook account. It's too mainstream.
I/vtest   ( 9394): 
I/vtest   ( 9394): Is it me or is it a little too cool in here?
I/vtest   ( 9394): yup its me. 
I/vtest   ( 9394): 
I/vtest   ( 9394): Please apply me to your burns.
I/vtest   ( 9394): 
I/vtest   ( 9394): TTFN
I/vtest   ( 9394): 
I/vtest   ( 9394): ("Ta ta for now" in case you losers dont get text speech. Thats right text, 
I/vtest   ( 9394): i dont even use whatsapp)
I/vtest   ( 9394): 
I/vtest   ( 9394): 
I/vtest   ( 9394): 
I/vtest   ( 9394): 
I/vtest   ( 9394): -- author: NSXgtA
I/vtest   ( 9394): -- published: 2014-02-23T00:08:51.000Z
I/vtest   ( 9394): entry: 20 of 25
I/vtest   ( 9394): comments for #20
I/vtest   ( 9394): -- title: Just delete it. ...
I/vtest   ( 9394): -- content: Just delete it. Most of the crap on fb is fake anyway. Stop basing your 
I/vtest   ( 9394): self-worth from comparing yourself to others. The only way to become a 
I/vtest   ( 9394): confident person is to go out and do things, building on what you could 
I/vtest   ( 9394): previously do. 
I/vtest   ( 9394): -- author: sisbrawny
I/vtest   ( 9394): -- published: 2014-02-22T23:00:55.000Z
I/vtest   ( 9394): entry: 21 of 25
I/vtest   ( 9394): comments for #21
I/vtest   ( 9394): -- title: It's depressing how ...
I/vtest   ( 9394): -- content: It's depressing how accurate this is
I/vtest   ( 9394): -- author: reggie amith
I/vtest   ( 9394): -- published: 2014-02-22T13:54:06.000Z
I/vtest   ( 9394): entry: 22 of 25
I/vtest   ( 9394): comments for #22
I/vtest   ( 9394): -- title: Hahaha! Mine was ...
I/vtest   ( 9394): -- content: Hahaha! Mine was like wtf! My other posts have more likes than what they 
I/vtest   ( 9394): have generated which have less than 10 likes. Hahaha...
I/vtest   ( 9394): -- author: Jae Ech
I/vtest   ( 9394): -- published: 2014-02-22T18:46:14.000Z
I/vtest   ( 9394): entry: 23 of 25
I/vtest   ( 9394): comments for #23
I/vtest   ( 9394): -- title: This is ...
I/vtest   ( 9394): -- content: This is depressingly true.
I/vtest   ( 9394): 
I/vtest   ( 9394): I'm going to go and cry myself to sleep over my lack of Facebook 
I/vtest   ( 9394): importance.
I/vtest   ( 9394): -- author: UndeadCookieMonster
I/vtest   ( 9394): -- published: 2014-02-22T07:45:07.000Z
I/vtest   ( 9394): entry: 24 of 25
I/vtest   ( 9394): comments for #24
I/vtest   ( 9394): -- title: It also depends on ...
I/vtest   ( 9394): -- content: It also depends on how much you want to share things on Facebook. There's 
I/vtest   ( 9394): nothing wrong if some people get excited and want to share things in their 
I/vtest   ( 9394): life, but some people just don't like sharing it via social media. But 
I/vtest   ( 9394): yeah, this feature makes it as if we have to share things on FB to prove 
I/vtest   ( 9394): that our life isn't pathetic.
I/vtest   ( 9394): 
I/vtest   ( 9394): Kinda scary.
I/vtest   ( 9394): -- author: Cobalt Blue
I/vtest   ( 9394): -- published: 2014-02-22T09:28:17.000Z
I/vtest   ( 9394): [videoFragment] [video state] onVideoStarted
I/vtest   ( 9394): [videoFragment] video event: onBuffering=true
I/vtest   ( 9394): ** relay post: REPORT BUFFERING
I/vtest   ( 9394): [main] playback comments updated (episode 6xvlzvNkj2o, 24 comments)
I/vtest   ( 9394): [videoFragment] AHA! newX=1080, newY=610
I/vtest   ( 9394): [videoFragment] recording new video size: width=1080 height=610
D/dalvikvm( 9394): GC_CONCURRENT freed 7360K, 23% free 57757K/74188K, paused 2ms+7ms, total 40ms
D/dalvikvm( 9394): WAIT_FOR_CONCURRENT_GC blocked 29ms
I/vtest   ( 9394): -- number of comments: 25
I/vtest   ( 9394): entry: 0 of 25
I/vtest   ( 9394): comments for #0
I/vtest   ( 9394): -- title: Check out our new ...
I/vtest   ( 9394): -- content: Check out our new weekly series "Morning Drawfee" where the CollegeHumor 
I/vtest   ( 9394): illustrators draw your (often weird) suggestions! - 
I/vtest   ( 9394): http://youtu.be/gBIFWyViFSA
I/vtest   ( 9394): -- author: CollegeHumor
I/vtest   ( 9394): -- published: 2014-02-26T22:22:43.000Z
I/vtest   ( 9394): entry: 1 of 25
I/vtest   ( 9394): comments for #1
I/vtest   ( 9394): -- title: Don't be like Pat ...
I/vtest   ( 9394): -- content: Don't be like Pat Cassels
I/vtest   ( 9394): -- author: CollegeHumor
I/vtest   ( 9394): -- published: 2014-02-20T16:59:41.000Z
I/vtest   ( 9394): entry: 2 of 25
I/vtest   ( 9394): comments for #2
I/vtest   ( 9394): -- title: This is better than ...
I/vtest   ( 9394): -- content: This is better than my life.
I/vtest   ( 9394): -- author: Cracked
I/vtest   ( 9394): -- published: 2014-02-26T23:52:27.000Z
I/vtest   ( 9394): entry: 3 of 25
I/vtest   ( 9394): comments for #3
I/vtest   ( 9394): -- title: I wonder why ...
I/vtest   ( 9394): -- content: I wonder why Facebook didn't include the time he hosted a talk show on a 
I/vtest   ( 9394): subway car.  (For the record, we did NOT invite him to do that.)
I/vtest   ( 9394): -- author: Improv Everywhere
I/vtest   ( 9394): -- published: 2014-02-25T20:57:23.000Z
I/vtest   ( 9394): entry: 4 of 25
I/vtest   ( 9394): comments for #4
I/vtest   ( 9394): -- title: True Life: I have ...
I/vtest   ( 9394): -- content: True Life: I have FOMO
I/vtest   ( 9394): -- author: My Damn Channel
I/vtest   ( 9394): -- published: 2014-02-25T18:52:32.000Z
I/vtest   ( 9394): entry: 5 of 25
I/vtest   ( 9394): comments for #5
I/vtest   ( 9394): -- title: In the future, ...
I/vtest   ( 9394): -- content: In the future, Facebook makes fun of YOU. 
I/vtest   ( 9394): -- author: Above Average
I/vtest   ( 9394): -- published: 2014-02-25T18:10:44.000Z
I/vtest   ( 9394): entry: 6 of 25
I/vtest   ( 9394): comments for #6
I/vtest   ( 9394): -- title: That's sorta like ...
I/vtest   ( 9394): -- content: That's sorta like me lol. But only because I choose not to go parties or 
I/vtest   ( 9394): get drunk. I always a have a choice in these things, go get wasted in some 
I/vtest   ( 9394): party and wake up tomorrow with a hangover or go ride on my mountain bike 
I/vtest   ( 9394): and wake up in hospital with both arms in casts... mountain bike option 
I/vtest   ( 9394): wins every time.. 
I/vtest   ( 9394): -- author: Blankity Blank
I/vtest   ( 9394): -- published: 2014-02-26T21:28:12.000Z
I/vtest   ( 9394): entry: 7 of 25
I/vtest   ( 9394): comments for #7
I/vtest   ( 9394): -- title: That's so sad.
I/vtest   ( 9394): -- content: That's so sad.
I/vtest   ( 9394): -- author: l Vertigo
I/vtest   ( 9394): -- published: 2014-02-26T20:50:35.000Z
I/vtest   ( 9394): entry: 8 of 25
I/vtest   ( 9394): comments for #8
I/vtest   ( 9394): -- title: Not exactly fits me ...
I/vtest   ( 9394): -- content: Not exactly fits me but so close because I dislike taking photos of myself. 
I/vtest   ( 9394): BTW still looking for functional chrome extensions for replacing all baby 
I/vtest   ( 9394): faces with cats.
I/vtest   ( 9394): -- author: Shintaro Review
I/vtest   ( 9394): -- published: 2014-02-24T03:05:26.000Z
I/vtest   ( 9394): entry: 9 of 25
I/vtest   ( 9394): comments for #9
I/vtest   ( 9394): -- title: LOL love that ...
I/vtest   ( 9394): -- content: LOL love that everyone in the photo flipping him
I/vtest   ( 9394): -- author: KINSLINK
I/vtest   ( 9394): -- published: 2014-02-25T13:39:19.000Z
I/vtest   ( 9394): entry: 10 of 25
I/vtest   ( 9394): comments for #10
I/vtest   ( 9394): -- title: This is why I ...
I/vtest   ( 9394): -- content: This is why I deleted my FaceBook account. I mean I was invited to parties 
I/vtest   ( 9394): and all, but I'm a bit too shy. xD
I/vtest   ( 9394): -- author: McKenna Worthy
I/vtest   ( 9394): -- published: 2014-02-25T02:46:07.000Z
I/vtest   ( 9394): entry: 11 of 25
I/vtest   ( 9394): comments for #11
I/vtest   ( 9394): -- title: mine was pretty ...
I/vtest   ( 9394): -- content: mine was pretty crap
I/vtest   ( 9394): -- author: chaser595
I/vtest   ( 9394): -- published: 2014-02-25T00:09:09.000Z
I/vtest   ( 9394): entry: 12 of 25
I/vtest   ( 9394): comments for #12
I/vtest   ( 9394): -- title: my b-day is in may ...
I/vtest   ( 9394): -- content: my b-day is in may 2nd!! :3 :D
I/vtest   ( 9394): -- author: Dilsoc
I/vtest   ( 9394): -- published: 2014-02-24T09:37:52.000Z
I/vtest   ( 9394): entry: 13 of 25
I/vtest   ( 9394): comments for #13
I/vtest   ( 9394): -- title: OK, so finally we ...
I/vtest   ( 9394): -- content: OK, so finally we have a video depicting the real nature of Facebook's 
I/vtest   ( 9394): worthlessness. Good job, guys. 
I/vtest   ( 9394): -- author: Anirban Chatterjee
I/vtest   ( 9394): -- published: 2014-02-23T08:25:15.000Z
I/vtest   ( 9394): entry: 14 of 25
I/vtest   ( 9394): comments for #14
I/vtest   ( 9394): -- title: Isnt FB video ...
I/vtest   ( 9394): -- content: Isnt FB video inversely proportional to real social life?
I/vtest   ( 9394): -- author: Vyshali R
I/vtest   ( 9394): -- published: 2014-02-24T00:52:36.000Z
I/vtest   ( 9394): entry: 15 of 25
I/vtest   ( 9394): comments for #15
I/vtest   ( 9394): -- title: Didn't they already ...
I/vtest   ( 9394): -- content: Didn't they already do this joke?
I/vtest   ( 9394): -- author: Stan Vincy
I/vtest   ( 9394): -- published: 2014-02-23T22:13:37.000Z
I/vtest   ( 9394): entry: 16 of 25
I/vtest   ( 9394): comments for #16
I/vtest   ( 9394): -- title: i dont have FB , ...
I/vtest   ( 9394): -- content: i dont have FB , cuz of the same reason
I/vtest   ( 9394): -- author: TheShamwow23
I/vtest   ( 9394): -- published: 2014-02-23T18:43:24.000Z
I/vtest   ( 9394): entry: 17 of 25
I/vtest   ( 9394): comments for #17
I/vtest   ( 9394): -- title: Still better than ...
I/vtest   ( 9394): -- content: Still better than mine.
I/vtest   ( 9394): -- author: Renard Thatch
I/vtest   ( 9394): -- published: 2014-02-23T15:30:07.000Z
I/vtest   ( 9394): entry: 18 of 25
I/vtest   ( 9394): comments for #18
I/vtest   ( 9394): -- title: The people that ...
I/vtest   ( 9394): -- content: The people that post everything on FB are the real losers. I justify this 
I/vtest   ( 9394): with the reasoning that constant posters need confirmation. Why else would 
I/vtest   ( 9394): you post everything? Do you have to have someone tell you what you did was 
I/vtest   ( 9394): awesome? Do you have no goals other than oneupmanship?
I/vtest   ( 9394): Facebook is ok for the occasional post or to keep in contact but stop 
I/vtest   ( 9394): telling me about sour dog learning to sit or the tasty sandwich you just 
I/vtest   ( 9394): made. Yay you. Do things because you want to and not because you're jealous 
I/vtest   ( 9394): of things you FB friends did and you now wish to outdo it. 
I/vtest   ( 9394): -- author: bean420man
I/vtest   ( 9394): -- published: 2014-02-23T08:24:16.000Z
I/vtest   ( 9394): entry: 19 of 25
I/vtest   ( 9394): comments for #19
I/vtest   ( 9394): -- title: Dear losers
I/vtest   ( 9394): 
I/vtest   ( 9394): I dont ...
I/vtest   ( 9394): -- content: Dear losers
I/vtest   ( 9394): 
I/vtest   ( 9394): I dont have a facebook account. It's too mainstream.
I/vtest   ( 9394): 
I/vtest   ( 9394): Is it me or is it a little too cool in here?
I/vtest   ( 9394): yup its me. 
I/vtest   ( 9394): 
I/vtest   ( 9394): Please apply me to your burns.
I/vtest   ( 9394): 
I/vtest   ( 9394): TTFN
I/vtest   ( 9394): 
I/vtest   ( 9394): ("Ta ta for now" in case you losers dont get text speech. Thats right text, 
I/vtest   ( 9394): i dont even use whatsapp)
I/vtest   ( 9394): 
I/vtest   ( 9394): 
I/vtest   ( 9394): 
I/vtest   ( 9394): 
I/vtest   ( 9394): -- author: NSXgtA
I/vtest   ( 9394): -- published: 2014-02-23T00:08:51.000Z
I/vtest   ( 9394): entry: 20 of 25
I/vtest   ( 9394): comments for #20
I/vtest   ( 9394): -- title: Just delete it. ...
I/vtest   ( 9394): -- content: Just delete it. Most of the crap on fb is fake anyway. Stop basing your 
I/vtest   ( 9394): self-worth from comparing yourself to others. The only way to become a 
I/vtest   ( 9394): confident person is to go out and do things, building on what you could 
I/vtest   ( 9394): previously do. 
I/vtest   ( 9394): -- author: sisbrawny
I/vtest   ( 9394): -- published: 2014-02-22T23:00:55.000Z
I/vtest   ( 9394): entry: 21 of 25
I/vtest   ( 9394): comments for #21
I/vtest   ( 9394): -- title: It's depressing how ...
I/vtest   ( 9394): -- content: It's depressing how accurate this is
I/vtest   ( 9394): -- author: reggie amith
I/vtest   ( 9394): -- published: 2014-02-22T13:54:06.000Z
I/vtest   ( 9394): entry: 22 of 25
I/vtest   ( 9394): comments for #22
I/vtest   ( 9394): -- title: Hahaha! Mine was ...
I/vtest   ( 9394): -- content: Hahaha! Mine was like wtf! My other posts have more likes than what they 
I/vtest   ( 9394): have generated which have less than 10 likes. Hahaha...
I/vtest   ( 9394): -- author: Jae Ech
I/vtest   ( 9394): -- published: 2014-02-22T18:46:14.000Z
I/vtest   ( 9394): entry: 23 of 25
I/vtest   ( 9394): comments for #23
I/vtest   ( 9394): -- title: This is ...
I/vtest   ( 9394): -- content: This is depressingly true.
I/vtest   ( 9394): 
I/vtest   ( 9394): I'm going to go and cry myself to sleep over my lack of Facebook 
I/vtest   ( 9394): importance.
I/vtest   ( 9394): -- author: UndeadCookieMonster
I/vtest   ( 9394): -- published: 2014-02-22T07:45:07.000Z
I/vtest   ( 9394): entry: 24 of 25
I/vtest   ( 9394): comments for #24
I/vtest   ( 9394): -- title: It also depends on ...
I/vtest   ( 9394): -- content: It also depends on how much you want to share things on Facebook. There's 
I/vtest   ( 9394): nothing wrong if some people get excited and want to share things in their 
I/vtest   ( 9394): life, but some people just don't like sharing it via social media. But 
I/vtest   ( 9394): yeah, this feature makes it as if we have to share things on FB to prove 
I/vtest   ( 9394): that our life isn't pathetic.
I/vtest   ( 9394): 
I/vtest   ( 9394): Kinda scary.
I/vtest   ( 9394): -- author: Cobalt Blue
I/vtest   ( 9394): -- published: 2014-02-22T09:28:17.000Z
I/vtest   ( 9394): [main] playback comments updated (episode 6xvlzvNkj2o, 24 comments)
I/vtest   ( 9394): [main] [dispatch] ACTION DOWN, x=802.0, y=191.0
I/vtest   ( 9394): [main] [dispatch] ACTION MOVE, x=801.0, y=189.0
I/vtest   ( 9394): [main] [dispatch] ACTION UP, x=801.0, y=189.0
D/audio_hw_primary(10344): out_set_parameters: enter: usecase(1: low-latency-playback) kvpairs: routing=2
I/qtaguid ( 8484): Failed write_ctrl(u 53) res=-1 errno=22
I/qtaguid ( 8484): Untagging socket 53 failed errno=-22
W/NetworkManagementSocketTagger( 8484): untagSocket(53) failed with errno -22
D/YouTubeAndroidPlayerAPI( 8484): apps.youtube.core.player.sequencer.a.a:48 SequencerStage: VIDEO_PLAYBACK_LOADED
D/YouTubeAndroidPlayerAPI( 8484): apps.youtube.core.player.Director.a:473 VideoStage: NEW
I/vtest   ( 9394): [videoFragment] AHA! newX=1080, newY=610
I/vtest   ( 9394): [videoFragment] recording new video size: width=1080 height=610
D/YouTubeAndroidPlayerAPI( 8484): apps.youtube.core.client.QoeStatsClient.i:570 Pinging https://s.youtube.com/api/stats/qoe?docid=6xvlzvNkj2o&event=streamingstats&plid=AATzWWXAeX-UFlG7&fexp=906398%2C941404%2C941263%2C916623%2C937417%2C937416%2C913434%2C936910%2C936913%2C902907&ei=Z5cOU4y4IKnSywHW8YHQDQ&ns=yt&cpn=ar0-BKWB2wg4pAF5&conn=3&fmt=22&cplatform=mobile&c=otherapp&cver=5.3.32&cos=Android&cosver=4.4.2&cbr=com.google.android.youtube.api&cbrver=5.3.32&cbrand=LGE&cmodel=Nexus%205&vps=0.000%3AN%2C0.019%3AB
D/YouTubeAndroidPlayerAPI( 8484): apps.youtube.core.player.Director.a:473 VideoStage: PLAYBACK_LOADED
I/vtest   ( 9394): [videoFragment] [video state] onLoading
I/vtest   ( 9394): [videoFragment] AHA! newX=1080, newY=610
I/vtest   ( 9394): [videoFragment] recording new video size: width=1080 height=610
D/YouTubeAndroidPlayerAPI( 8484): apps.youtube.core.player.Director.a:473 VideoStage: AD_LOADING
D/YouTubeAndroidPlayerAPI( 8484): apps.youtube.core.player.l.handleMessage:1549 PlayerState: 6
D/YouTubeAndroidPlayerAPI( 8484): apps.youtube.core.player.l.handleMessage:1549 PlayerState: 4
I/vtest   ( 9394): [videoFragment] AHA! newX=1080, newY=610
I/vtest   ( 9394): [videoFragment] recording new video size: width=1080 height=610
I/AwesomePlayer(10344): Prepare cancelled while waiting for initial cache fill.
I/vtest   ( 9394): [videoFragment] video event: onBuffering=false
I/vtest   ( 9394): ** relay post: REPORT BUFFERING
I/vtest   ( 9394): [videoFragment] video event: onStopped
I/vtest   ( 9394): [videoFragment] pending_restart is: false
I/vtest   ( 9394): [main] reset progress bar
I/vtest   ( 9394): [main] track eof: was not tracking
I/vtest   ( 9394): [videoFragment] onStopped: video was not started, won't move to next episode
I/qtaguid ( 8484): Failed write_ctrl(u 103) res=-1 errno=22
I/qtaguid ( 8484): Untagging socket 103 failed errno=-22
W/NetworkManagementSocketTagger( 8484): untagSocket(103) failed with errno -22
D/YouTubeAndroidPlayerAPI( 8484): apps.youtube.core.client.PtrackingClient.a:132 Ptracking: http://www.youtube.com/ptracking?pltype=content&ptk=collegehumor&oid=UAbnMSktGjAQLh67zDcAmw&plid=AATzWWXAeX-UFlG7&ptchn=PDXXXJj9nax0fr0Wfc048g&video_id=6xvlzvNkj2o
E/YouTubeAndroidPlayerAPI( 8484): apps.youtube.core.player.Director.F:521 Media progress reported outside media playback
D/YouTubeAndroidPlayerAPI( 8484): apps.youtube.core.player.Director.a:473 VideoStage: READY
D/YouTubeAndroidPlayerAPI( 8484): apps.youtube.core.player.StatsTracker.a:403 Stats tracking NEW: 6xvlzvNkj2o
D/YouTubeAndroidPlayerAPI( 8484): apps.youtube.core.player.Director.a:473 VideoStage: MEDIA_VIDEO_PLAY_REQUESTED
I/vtest   ( 9394): [videoFragment] [video state] onLoaded
I/vtest   ( 9394): [videoFragment] [video state] onVideoStarted
D/YouTubeAndroidPlayerAPI( 8484): apps.youtube.core.player.overlay.o.a:267 Got FeaturedChannel image from [uri=http://i1.ytimg.com/an/PDXXXJj9nax0fr0Wfc048g/featured_channel.jpg?v=52cf19d2]
D/YouTubeAndroidPlayerAPI( 8484): apps.youtube.core.player.overlay.p.a:275 Got FeaturedVideo image from [uri=https://i1.ytimg.com/vi/AaH7A-qQRRk/default.jpg]
D/MediaPlayer( 8484): Couldn't open file on client side, trying server side
D/YouTubeAndroidPlayerAPI( 8484): apps.youtube.core.player.l.handleMessage:1549 PlayerState: 0
I/AwesomePlayer(10344): setDataSource_l(URL suppressed)
I/vtest   ( 9394): [videoFragment] AHA! newX=1080, newY=610
I/vtest   ( 9394): [videoFragment] recording new video size: width=1080 height=610
D/YouTubeAndroidPlayerAPI( 8484): apps.youtube.core.player.l.handleMessage:1549 PlayerState: 5
I/vtest   ( 9394): [videoFragment] video event: onBuffering=true
I/vtest   ( 9394): ** relay post: REPORT BUFFERING
I/vtest   ( 9394): [videoFragment] AHA! newX=1080, newY=610
I/vtest   ( 9394): [videoFragment] recording new video size: width=1080 height=610
I/qtaguid ( 8484): Failed write_ctrl(u 99) res=-1 errno=22
I/qtaguid ( 8484): Untagging socket 99 failed errno=-22
W/NetworkManagementSocketTagger( 8484): untagSocket(99) failed with errno -22
D/YouTubeAndroidPlayerAPI( 8484): apps.youtube.core.client.PlaybackOffsetClient.a:77 Pinging https://googleads.g.doubleclick.net/pagead/viewthroughconversion/962985656/?bundleid=com.google.android.youtube&label=followon_view&foc_id=PDXXXJj9nax0fr0Wfc048g&idtype=ssaid&data=type%3Dview%3Butuid%3DPDXXXJj9nax0fr0Wfc048g%3Butvid%3D6xvlzvNkj2o&ms=SPl2Mr5NqDaLwLJyAKw-ou4vSzWu2MmmugQgc2E21a9pQCBrPfUvpTrZFrpS1UP5DJgZoCPBxP-I2GoMXwXhzK60AFT0nSNuek7eArlmIr_rDkooyyaJ1W1I39_XG5FMnN82WIvqqRGRVmqJNrWXIdQcjHe6Ugt-CYa-uq5b3yHLlMF5yTbZgj9o-1PNlvt997TrnZNV2M8Y7Yxo4IAsCpm3-d0qPUFAygPwmeWixuVWbmhWcCXwRQyJVYq_9wpAngMKiplDaCVWwZXcMPBGsuFetT-GRMIUW5Zot333cTIeZ14Tot1RqqCTHuAfsaB7dtLPtRDJIjtimzH9b0xLIg
D/YouTubeAndroidPlayerAPI( 8484): apps.youtube.core.client.PtrackingClient.a:132 Ptracking: http://www.youtube.com/ptracking?oid=UAbnMSktGjAQLh67zDcAmw&ptchn=PDXXXJj9nax0fr0Wfc048g&ptk=collegehumor&video_id=6xvlzvNkj2o&pltype=content&plid=AATzWWW_QKgb8krn
D/YouTubeAndroidPlayerAPI( 8484): apps.youtube.core.client.VideoStats2Client.a:723 Pinging https://s.youtube.com/api/stats/playback?fexp=926551%2C906388%2C927905%2C914921%2C916623%2C937417%2C937416%2C913434%2C936910%2C936913%2C902907&ei=Z5cOU-XfHIq4yAHRloFw&ns=yt&docid=6xvlzvNkj2o&plid=AATzWWW_QKgb8krn&len=76&cpn=N0bZ0VTK9EtM5Npv&rt=0.9&ver=2&cplatform=mobile&c=otherapp&cver=5.3.32&cos=Android&cosver=4.4.2&cbr=com.google.android.youtube.api&cbrver=5.3.32&cbrand=LGE&cmodel=Nexus%205&el=detailpage&fmt=22&cmt=4.3&conn=3&vis=0&splay=1&feature=player_embedded
D/dalvikvm( 8484): GC_CONCURRENT freed 500K, 4% free 18421K/19052K, paused 3ms+1ms, total 19ms
I/vtest   ( 9394): [main] CCX onRouteSelected
D/audio_hw_primary(10344): out_set_parameters: enter: usecase(1: low-latency-playback) kvpairs: routing=2
I/vtest   ( 9394): [main] CCX onRouteSelected
D/dalvikvm( 1071): GC_FOR_ALLOC freed 661K, 11% free 19823K/22048K, paused 19ms, total 19ms
I/qtaguid ( 8484): Failed write_ctrl(u 99) res=-1 errno=22
I/qtaguid ( 8484): Untagging socket 99 failed errno=-22
W/NetworkManagementSocketTagger( 8484): untagSocket(99) failed with errno -22
D/dalvikvm( 1071): GC_FOR_ALLOC freed 16K, 9% free 20107K/22048K, paused 20ms, total 20ms
I/dalvikvm-heap( 1071): Grow heap (frag case) to 19.851MB for 131088-byte allocation
I/qtaguid ( 8484): Failed write_ctrl(u 103) res=-1 errno=22
I/qtaguid ( 8484): Untagging socket 103 failed errno=-22
W/NetworkManagementSocketTagger( 8484): untagSocket(103) failed with errno -22
D/dalvikvm( 1071): GC_FOR_ALLOC freed <1K, 9% free 20235K/22180K, paused 19ms, total 19ms
I/qtaguid ( 8484): Failed write_ctrl(u 97) res=-1 errno=22
I/qtaguid ( 8484): Untagging socket 97 failed errno=-22
W/NetworkManagementSocketTagger( 8484): untagSocket(97) failed with errno -22
D/dalvikvm( 1071): GC_FOR_ALLOC freed 0K, 9% free 20235K/22180K, paused 18ms, total 18ms
I/dalvikvm-heap( 1071): Grow heap (frag case) to 19.976MB for 131088-byte allocation
D/dalvikvm( 1071): GC_FOR_ALLOC freed 0K, 9% free 20363K/22312K, paused 18ms, total 18ms
I/vtest   ( 9394): [main] CCX onConnected
I/vtest   ( 9394): [main] CCX: gcast_api_client says it is not connected
I/vtest   ( 9394): [main] CCX onConnected
I/vtest   ( 9394): [main] CCX volume changed
I/vtest   ( 9394): [main] CCX volume changed
E/OMX-VDEC-1080P(10344): In OMX vdec Constructor
E/OMX-VDEC-1080P(10344): vidc.dec.debug.ts value is 0
E/OMX-VDEC-1080P(10344): vidc.dec.debug.concealedmb value is 0
E/OMX-VDEC-1080P(10344): vidc.dec.profile.check value is 0
E/OMX-VDEC-1080P(10344): vidc.dec.debug.extradata value is 0
E/OMX-VDEC-1080P(10344): 
E/OMX-VDEC-1080P(10344):  omx_vdec::component_init(): Open returned fd 29, errno 0
E/OMX-VDEC-1080P(10344): Capabilities: driver_name = msm_vidc_driver, card = msm_vdec_8974, bus_info = , version = 1, capabilities = 4003000
E/OMX-VDEC-1080P(10344): fmt: description: Y/CbCr 4:2:0, fmt: 3231564e, flags = 0
E/OMX-VDEC-1080P(10344): fmt: description: Mpeg4 compressed format, fmt: 3447504d, flags = 1
E/OMX-VDEC-1080P(10344): fmt: description: Mpeg2 compressed format, fmt: 3247504d, flags = 1
E/OMX-VDEC-1080P(10344): fmt: description: H263 compressed format, fmt: 33363248, flags = 1
E/OMX-VDEC-1080P(10344): fmt: description: VC-1 compressed format, fmt: 47314356, flags = 1
E/OMX-VDEC-1080P(10344): fmt: description: VC-1 compressed format G, fmt: 4c314356, flags = 1
E/OMX-VDEC-1080P(10344): fmt: description: H264 compressed format, fmt: 34363248, flags = 1
E/OMX-VDEC-1080P(10344): fmt: description: HEVC compressed format, fmt: 43564548, flags = 1
E/OMX-VDEC-1080P(10344): fmt: description: VP8 compressed format, fmt: 30385056, flags = 1
E/OMX-VDEC-1080P(10344): fmt: description: DIVX 311 compressed format, fmt: 33564944, flags = 1
E/OMX-VDEC-1080P(10344): fmt: description: DIVX 4/5/6 compressed format, fmt: 58564944, flags = 1
E/OMX-VDEC-1080P(10344): NOTE_CIF: W/H 320 (0), 240 (0)
E/OMX-VDEC-1080P(10344): omx_vdec: Async thread start
E/OMX-VDEC-1080P(10344): 
E/OMX-VDEC-1080P(10344):  Set Format was successful 
E/OMX-VDEC-1080P(10344):  
E/OMX-VDEC-1080P(10344): 
E/OMX-VDEC-1080P(10344):  Set Format was successful 
E/OMX-VDEC-1080P(10344):  
E/OMX-VDEC-1080P(10344): NOTE: enable_extradata: actual[0] requested[131072] enable[1], is_internal: 1
E/OMX-VDEC-1080P(10344): Count = 18 
E/OMX-VDEC-1080P(10344):  
E/OMX-VDEC-1080P(10344): Buffer Size = 147584 
E/OMX-VDEC-1080P(10344):  
E/OMX-VDEC-1080P(10344): 
E/OMX-VDEC-1080P(10344):  video session supported
E/OMX-VDEC-1080P(10344): 
E/OMX-VDEC-1080P(10344):  No color conversion required
E/OMX-VDEC-1080P(10344): Count = 4 
E/OMX-VDEC-1080P(10344):  
E/OMX-VDEC-1080P(10344): Buffer Size = 11059200 
E/OMX-VDEC-1080P(10344):  
E/OMX-VDEC-1080P(10344): 
E/OMX-VDEC-1080P(10344):  video session supported
E/OMX-VDEC-1080P(10344): Input Buffer Size =11059200 
E/OMX-VDEC-1080P(10344):  
E/OMX-VDEC-1080P(10344): Count = 18 
E/OMX-VDEC-1080P(10344):  
E/OMX-VDEC-1080P(10344): Buffer Size = 147584 
E/OMX-VDEC-1080P(10344):  
E/OMX-VDEC-1080P(10344): 
E/OMX-VDEC-1080P(10344):  video session supported
E/OMX-VDEC-1080P(10344): 
E/OMX-VDEC-1080P(10344):  No color conversion required
E/OMX-VDEC-1080P(10344): 
E/OMX-VDEC-1080P(10344):  omx_vdec::component_init() success
I/OMXCodec(10344): [OMX.qcom.video.decoder.avc] AVC profile = 100 (High), level = 31
E/OMX-VDEC-1080P(10344): omx_vdec: message thread start
E/OMX-VDEC-1080P(10344): Count = 18 
E/OMX-VDEC-1080P(10344):  
E/OMX-VDEC-1080P(10344): Buffer Size = 147584 
E/OMX-VDEC-1080P(10344):  
E/OMX-VDEC-1080P(10344): 
E/OMX-VDEC-1080P(10344):  video session supported
E/OMX-VDEC-1080P(10344): 
E/OMX-VDEC-1080P(10344):  No color conversion required
E/OMX-VDEC-1080P(10344): update_portdef Width = 320 Height = 240 Stride = 384 SliceHeight = 256 
E/OMX-VDEC-1080P(10344): NOTE_CIF: W/H 1280 (320), 720 (240)
E/OMX-VDEC-1080P(10344): 
E/OMX-VDEC-1080P(10344):  video session supported
E/OMX-VDEC-1080P(10344): Count = 18 
E/OMX-VDEC-1080P(10344):  
E/OMX-VDEC-1080P(10344): Buffer Size = 1413376 
E/OMX-VDEC-1080P(10344):  
E/OMX-VDEC-1080P(10344): 
E/OMX-VDEC-1080P(10344):  video session supported
E/OMX-VDEC-1080P(10344): 
E/OMX-VDEC-1080P(10344):  No color conversion required
E/OMX-VDEC-1080P(10344): 
E/OMX-VDEC-1080P(10344):  No color conversion required
E/OMX-VDEC-1080P(10344): 
E/OMX-VDEC-1080P(10344):  No color conversion required
E/OMX-VDEC-1080P(10344): update_portdef Width = 1280 Height = 720 Stride = 1280 SliceHeight = 736 
E/OMX-VDEC-1080P(10344): 
E/OMX-VDEC-1080P(10344):  No color conversion required
E/OMX-VDEC-1080P(10344): update_portdef Width = 1280 Height = 720 Stride = 1280 SliceHeight = 736 
