I/ActivityManager(  758): START u0 {act=android.intent.action.VIEW dat=content://com.android.gmail.ui/proxy flg=0x90000 cmp=com.google.android.gm/.ViewProxyActivity (has extras)} from pid 20942
I/ActivityManager(  758): START u0 {act=android.intent.action.VIEW dat=http://readwrite.com/2014/02/25/chromecast-apps flg=0x80000 cmp=android/com.android.internal.app.ResolverActivity (has extras)} from pid 20942
I/PackageManager(  758): Adding preferred activity ComponentInfo{com.android.chrome/com.google.android.apps.chrome.Main} for user 0 :
I/ActivityManager(  758): START u0 {act=android.intent.action.VIEW dat=http://readwrite.com/2014/02/25/chromecast-apps flg=0x3080000 cmp=com.android.chrome/com.google.android.apps.chrome.Main (has extras)} from pid 31037
I/ActivityManager(  758): Start proc com.android.chrome:sandboxed_process0 for service com.android.chrome/org.chromium.content.app.SandboxedProcessService0: pid=31077 uid=99078 gids={}
I/ActivityManager(  758): Process com.google.android.feedback (pid 28240) has died.
I/ActivityManager(  758): Process com.android.vending (pid 21882) has died.
I/ActivityManager(  758): Process com.nike.plusgps (pid 22279) has died.
I/ActivityManager(  758): Process com.google.android.calendar (pid 25068) has died.
I/ActivityManager(  758): Process com.android.providers.calendar (pid 25049) has died.
I/ActivityManager(  758): Process com.google.android.youtube.player (pid 29146) has died.
I/ActivityManager(  758): Start proc com.android.chrome:sandboxed_process1 for service com.android.chrome/org.chromium.content.app.SandboxedProcessService1: pid=31255 uid=99079 gids={}
I/ActivityManager(  758): Process com.android.chrome:sandboxed_process1 (pid 31255) has died.
I/ActivityManager(  758): Start proc com.android.providers.partnerbookmarks for content provider com.android.providers.partnerbookmarks/.PartnerBookmarksProvider: pid=31317 uid=10061 gids={50061}
D/ConnectivityService(  758): handleInetConditionHoldEnd: net=1, condition=100, published condition=100
D/ConnectivityService(  758): handleInetConditionHoldEnd: net=1, condition=100, published condition=100
I/ActivityManager(  758): Process com.costco.app.android (pid 9742) has died.
I/WindowState(  758): WIN DEATH: Window{433caf68 u0 com.costco.app.android/com.bb.apps.costco.activity.LaunchActivity}
D/MobileDataStateTracker(  758): default: setPolicyDataEnable(enabled=true)
I/ProcessStatsService(  758): Prepared write state in 16ms
I/ProcessStatsService(  758): Pruning old procstats: /data/system/procstats/state-2014-02-25-00-34-26.bin
I/ActivityManager(  758): moveTaskToBack: 415
I/ActivityManager(  758): Process com.android.chrome:sandboxed_process0 (pid 31077) has died.
I/ActivityManager(  758): START u0 {act=android.intent.action.MAIN cat=[android.intent.category.HOME] flg=0x10200000 cmp=com.google.android.googlequicksearchbox/com.google.android.launcher.GEL} from pid 758
I/PowerManagerService(  758): Going to sleep by user request...
D/ConnectivityService(  758): handleInetConditionHoldEnd: net=1, condition=100, published condition=100
I/ActivityManager(  758): Start proc com.costco.app.android for broadcast com.costco.app.android/com.xtify.sdk.wi.AlarmReceiver: pid=31905 uid=10112 gids={50112, 3003, 1028, 1015}
D/ConnectivityService(  758): Sampling interval elapsed, updating statistics ..
D/ConnectivityService(  758): Done.
D/ConnectivityService(  758): Setting timer for 720seconds
D/ConnectivityService(  758): handleInetConditionHoldEnd: net=1, condition=100, published condition=100
I/ActivityManager(  758): Start proc com.android.providers.calendar for content provider com.android.providers.calendar/.CalendarProvider2: pid=32109 uid=10001 gids={50001, 3003, 1028, 1015}
I/ActivityManager(  758): Start proc com.google.android.calendar for broadcast com.google.android.calendar/com.android.calendar.alerts.AlertReceiver: pid=32127 uid=10028 gids={50028, 3003}
I/ActivityManager(  758): Start proc com.evernote for service com.evernote/.sync.SystemSyncService: pid=32251 uid=10097 gids={50097, 3003, 1028, 1015}
D/ConnectivityService(  758): handleInetConditionHoldEnd: net=1, condition=100, published condition=100
I/ActivityManager(  758): Start proc com.android.vending for service com.android.vending/com.google.android.finsky.billing.iab.InAppBillingService: pid=32334 uid=10014 gids={50014, 3003, 1028, 1015}
W/ProcessCpuTracker(  758): Skipping unknown process pid 32345
W/ProcessCpuTracker(  758): Skipping unknown process pid 32348
I/PowerManagerService(  758): Waking up from sleep...
I/WindowManager(  758): Lock screen displayed!
W/InputMethodManagerService(  758): Window already focused, ignoring focus gain of: com.android.internal.view.IInputMethodClient$Stub$Proxy@42bc9870 attribute=android.view.inputmethod.EditorInfo@433391c8, token = android.os.BinderProxy@42f31078
W/InputMethodManagerService(  758): Window already focused, ignoring focus gain of: com.android.internal.view.IInputMethodClient$Stub$Proxy@436e3520 attribute=null, token = android.os.BinderProxy@42f31078
I/PowerManagerService(  758): Going to sleep by user request...
D/ConnectivityService(  758): handleInetConditionHoldEnd: net=1, condition=100, published condition=100
D/ConnectivityService(  758): handleInetConditionHoldEnd: net=1, condition=100, published condition=100
D/ConnectivityService(  758): handleInetConditionHoldEnd: net=1, condition=100, published condition=100
D/ConnectivityService(  758): Sampling interval elapsed, updating statistics ..
D/ConnectivityService(  758): Done.
D/ConnectivityService(  758): Setting timer for 720seconds
I/ActivityManager(  758): Start proc com.popularapp.periodcalendar for broadcast com.popularapp.periodcalendar/.AlertBroadcastReceiver: pid=32764 uid=10100 gids={50100, 1028, 1015, 3003}
D/ConnectivityService(  758): handleInetConditionHoldEnd: net=1, condition=100, published condition=100
I/ActivityManager(  758): Start proc com.google.android.apps.maps for service com.google.android.apps.maps/com.google.android.apps.gmm.prefetch.PrefetcherService: pid=462 uid=10057 gids={50057, 3003, 1028, 1015}
W/ActivityThread(  462): ClassLoader.loadClass: The class loader returned by Thread.getContextClassLoader() may fail for processes that host multiple applications. You should explicitly specify a context class loader. For example: Thread.setContextClassLoader(getClass().getClassLoader());
D/MobileDataStateTracker(  758): default: setPolicyDataEnable(enabled=true)
I/ActivityManager(  758): Start proc com.google.android.tts for service com.google.android.tts/.service.GoogleTTSService: pid=519 uid=10048 gids={50048, 3003, 1028, 1015}
I/ActivityManager(  758): Process system:ui (pid 31037) has died.
I/ActivityManager(  758): Process com.google.android.calendar (pid 32127) has died.
D/ConnectivityService(  758): handleInetConditionHoldEnd: net=1, condition=100, published condition=100
D/ConnectivityService(  758): handleInetConditionHoldEnd: net=1, condition=100, published condition=100
D/ConnectivityService(  758): handleInetConditionHoldEnd: net=1, condition=100, published condition=100
I/PowerManagerService(  758): Waking up from sleep...
I/WindowManager(  758): Lock screen displayed!
I/ActivityManager(  758): Process com.evernote (pid 32251) has died.
W/InputMethodManagerService(  758): Window already focused, ignoring focus gain of: com.android.internal.view.IInputMethodClient$Stub$Proxy@42fe30b0 attribute=android.view.inputmethod.EditorInfo@42fd9280, token = android.os.BinderProxy@42f31078
D/ConnectivityService(  758): handleInetConditionHoldEnd: net=1, condition=100, published condition=100
W/InputMethodManagerService(  758): Window already focused, ignoring focus gain of: com.android.internal.view.IInputMethodClient$Stub$Proxy@43c04c48 attribute=null, token = android.os.BinderProxy@42f31078
I/PowerManagerService(  758): Going to sleep by user request...
D/ConnectivityService(  758): handleInetConditionHoldEnd: net=1, condition=100, published condition=100
D/ConnectivityService(  758): handleInetConditionHoldEnd: net=1, condition=100, published condition=100
I/ActivityManager(  758): Delay finish: com.google.android.gsf/.subscribedfeeds.SubscribedFeedsGCMBroadcastReceiver
I/ActivityManager(  758): Resuming delayed broadcast
D/ConnectivityService(  758): handleInetConditionHoldEnd: net=1, condition=100, published condition=100
D/ConnectivityService(  758): Sampling interval elapsed, updating statistics ..
D/ConnectivityService(  758): Done.
D/ConnectivityService(  758): Setting timer for 720seconds
D/ConnectivityService(  758): handleInetConditionHoldEnd: net=1, condition=100, published condition=100
D/ConnectivityService(  758): handleInetConditionHoldEnd: net=1, condition=100, published condition=100
V/BackupManagerService(  758): Running a backup pass
V/BackupManagerService(  758): clearing pending backups
V/PerformBackupTask(  758): Beginning backup of 1 targets
D/PerformBackupTask(  758): invokeAgentForBackup on @pm@
I/PerformBackupTask(  758): no backup data written; not calling transport
D/PerformBackupTask(  758): starting agent for backup of BackupRequest{pkg=android}
D/BackupManagerService(  758): awaiting agent for ApplicationInfo{427d0830 android}
D/BackupManagerService(  758): agentConnected pkg=android agent=android.app.backup.BackupAgent$BackupServiceBinder@436277c8
I/BackupManagerService(  758): got agent android.app.backup.BackupAgent$BackupServiceBinder@436277c8
D/PerformBackupTask(  758): invokeAgentForBackup on android
I/PerformBackupTask(  758): Backup pass finished.
D/ConnectivityService(  758): handleInetConditionHoldEnd: net=1, condition=100, published condition=100
D/ConnectivityService(  758): handleInetConditionHoldEnd: net=1, condition=100, published condition=100
D/ConnectivityService(  758): Sampling interval elapsed, updating statistics ..
D/ConnectivityService(  758): Done.
D/ConnectivityService(  758): Setting timer for 720seconds
D/ConnectivityService(  758): handleInetConditionHoldEnd: net=1, condition=100, published condition=100
I/PowerManagerService(  758): Waking up from sleep...
I/WindowManager(  758): Lock screen displayed!
W/InputMethodManagerService(  758): Window already focused, ignoring focus gain of: com.android.internal.view.IInputMethodClient$Stub$Proxy@42fd1ea8 attribute=android.view.inputmethod.EditorInfo@43060808, token = android.os.BinderProxy@42f31078
W/InputMethodManagerService(  758): Window already focused, ignoring focus gain of: com.android.internal.view.IInputMethodClient$Stub$Proxy@42b2baf8 attribute=null, token = android.os.BinderProxy@42f31078
I/ActivityManager(  758): START u0 {act=android.intent.action.MAIN cat=[android.intent.category.LAUNCHER] flg=0x10200000 cmp=com.google.android.GoogleCamera/com.android.camera.CameraLauncher bnds=[849,1532][1050,1784]} from pid 1041
I/ActivityManager(  758): Start proc com.google.android.GoogleCamera for activity com.google.android.GoogleCamera/com.android.camera.CameraLauncher: pid=1895 uid=10042 gids={50042, 3003, 1028, 1015}
I/UsageStats(  758): Deleting usage file : usage-20140222
D/BackupManagerService(  758): Now staging backup of android
I/ActivityManager(  758): START u0 {act=android.intent.action.MAIN cat=[android.intent.category.HOME] flg=0x10200000 cmp=com.google.android.googlequicksearchbox/com.google.android.launcher.GEL} from pid 758
I/UsageStats(  758): No package stats for pkg:com.google.android.GoogleCamera
I/PowerManagerService(  758): Going to sleep by user request...
W/ActivityManager(  758): Unable to start service Intent { act=com.google.android.gms.analytics.service.START cmp=com.google.android.gms/.analytics.service.AnalyticsService (has extras) } U=0: not found
W/ActivityManager(  758): Unable to start service Intent { act=com.google.android.gms.analytics.service.START cmp=com.google.android.gms/.analytics.service.AnalyticsService (has extras) } U=0: not found
I/ActivityManager(  758): Start proc sh.whisper for broadcast sh.whisper/com.google.android.gcm.GCMBroadcastReceiver: pid=2080 uid=10102 gids={50102, 3003, 1028, 1015}
D/ConnectivityService(  758): handleInetConditionHoldEnd: net=1, condition=100, published condition=100
W/ProcessCpuTracker(  758): Skipping unknown process pid 2143
W/ProcessCpuTracker(  758): Skipping unknown process pid 2144
W/ProcessCpuTracker(  758): Skipping unknown process pid 2147
W/ProcessCpuTracker(  758): Skipping unknown process pid 2149
W/ProcessCpuTracker(  758): Skipping unknown process pid 2151
D/MobileDataStateTracker(  758): default: setPolicyDataEnable(enabled=true)
D/ConnectivityService(  758): Sampling interval elapsed, updating statistics ..
D/ConnectivityService(  758): Done.
D/ConnectivityService(  758): Setting timer for 720seconds
D/ConnectivityService(  758): handleInetConditionHoldEnd: net=1, condition=0, published condition=100
D/ConnectivityService(  758): handleInetConditionHoldEnd: net=1, condition=100, published condition=0
I/PowerManagerService(  758): Waking up from sleep...
I/WindowManager(  758): Lock screen displayed!
W/InputMethodManagerService(  758): Window already focused, ignoring focus gain of: com.android.internal.view.IInputMethodClient$Stub$Proxy@432f45b8 attribute=android.view.inputmethod.EditorInfo@432e5268, token = android.os.BinderProxy@42f31078
W/InputMethodManagerService(  758): Window already focused, ignoring focus gain of: com.android.internal.view.IInputMethodClient$Stub$Proxy@42ee0058 attribute=null, token = android.os.BinderProxy@42f31078
I/PowerManagerService(  758): Going to sleep by user request...
I/PowerManagerService(  758): Waking up from sleep...
I/WindowManager(  758): Lock screen displayed!
W/InputMethodManagerService(  758): Window already focused, ignoring focus gain of: com.android.internal.view.IInputMethodClient$Stub$Proxy@43ca5ed8 attribute=android.view.inputmethod.EditorInfo@43a2b888, token = android.os.BinderProxy@42f31078
W/InputMethodManagerService(  758): Window already focused, ignoring focus gain of: com.android.internal.view.IInputMethodClient$Stub$Proxy@43413e10 attribute=null, token = android.os.BinderProxy@42f31078
I/ActivityManager(  758): START u0 {act=com.google.android.googlequicksearchbox.MY_REMINDERS cmp=com.google.android.googlequicksearchbox/com.google.android.velvet.ui.VelvetIntentDispatcher} from pid 1041
I/ActivityManager(  758): START u0 {cmp=com.google.android.googlequicksearchbox/com.google.android.sidekick.main.RemindersListActivity} from pid 15400
I/ActivityManager(  758): START u0 {act=android.intent.action.MAIN cat=[android.intent.category.HOME] flg=0x10200000 cmp=com.google.android.googlequicksearchbox/com.google.android.launcher.GEL} from pid 758
I/PowerManagerService(  758): Going to sleep due to screen timeout...
D/ConnectivityService(  758): Sampling interval elapsed, updating statistics ..
D/ConnectivityService(  758): Done.
D/ConnectivityService(  758): Setting timer for 720seconds
D/ConnectivityService(  758): handleInetConditionHoldEnd: net=1, condition=100, published condition=100
D/ConnectivityService(  758): Sampling interval elapsed, updating statistics ..
D/ConnectivityService(  758): Done.
D/ConnectivityService(  758): Setting timer for 720seconds
D/MobileDataStateTracker(  758): default: setPolicyDataEnable(enabled=true)
I/PowerManagerService(  758): Waking up from sleep...
I/WindowManager(  758): Lock screen displayed!
W/InputMethodManagerService(  758): Window already focused, ignoring focus gain of: com.android.internal.view.IInputMethodClient$Stub$Proxy@4334f178 attribute=android.view.inputmethod.EditorInfo@43039f88, token = android.os.BinderProxy@42f31078
I/ActivityManager(  758): START u0 {act=android.intent.action.MAIN cat=[android.intent.category.LAUNCHER] flg=0x10200000 cmp=tv.tv9x9.player/.start} from pid 1041
I/ActivityManager(  758): Start proc tv.tv9x9.player for activity tv.tv9x9.player/.main: pid=3706 uid=10130 gids={50130, 3003}
I/ActivityManager(  758): Start proc com.google.android.youtube.player for service com.google.android.youtube/.api.service.YouTubeService: pid=3751 uid=10071 gids={50071, 3003, 1028, 1015}
E/ActivityThread( 3706): Failed to find provider info for com.facebook.katana.provider.AttributionIdProvider
E/ActivityThread( 3706): Failed to find provider info for com.facebook.katana.provider.AttributionIdProvider
I/ActivityManager(  758): START u0 {act=android.intent.action.MAIN cat=[android.intent.category.HOME] flg=0x10200000 cmp=com.google.android.googlequicksearchbox/com.google.android.launcher.GEL} from pid 758
W/ActivityManager(  758): Activity pause timeout for ActivityRecord{42e2d620 u0 tv.tv9x9.player/.main t295 f}
I/ActivityManager(  758): START u0 {act=com.android.systemui.recent.action.TOGGLE_RECENTS flg=0x10800000 cmp=com.android.systemui/.recent.RecentsActivity} from pid 868
I/ActivityManager(  758): Killing 3706:tv.tv9x9.player/u0a130 (adj 9): remove task
I/WindowState(  758): WIN DEATH: Window{43fca288 u0 tv.tv9x9.player/tv.tv9x9.player.main}
I/WindowState(  758): WIN DEATH: Window{43fd0c60 u0 Toast}
E/ActivityThread( 3751): Service com.google.android.youtube.api.service.YouTubeService has leaked IntentReceiver com.google.android.apps.youtube.core.utils.ConnectivityReceiver@4267f0c8 that was originally registered here. Are you missing a call to unregisterReceiver()?
E/ActivityThread( 3751): android.app.IntentReceiverLeaked: Service com.google.android.youtube.api.service.YouTubeService has leaked IntentReceiver com.google.android.apps.youtube.core.utils.ConnectivityReceiver@4267f0c8 that was originally registered here. Are you missing a call to unregisterReceiver()?
E/ActivityThread( 3751): 	at android.app.LoadedApk$ReceiverDispatcher.<init>(LoadedApk.java:805)
E/ActivityThread( 3751): 	at android.app.LoadedApk.getReceiverDispatcher(LoadedApk.java:606)
E/ActivityThread( 3751): 	at android.app.ContextImpl.registerReceiverInternal(ContextImpl.java:1430)
E/ActivityThread( 3751): 	at android.app.ContextImpl.registerReceiver(ContextImpl.java:1410)
E/ActivityThread( 3751): 	at android.app.ContextImpl.registerReceiver(ContextImpl.java:1404)
E/ActivityThread( 3751): 	at android.content.ContextWrapper.registerReceiver(ContextWrapper.java:467)
E/ActivityThread( 3751): 	at com.google.android.apps.youtube.core.utils.ConnectivityReceiver.<init>(SourceFile:53)
E/ActivityThread( 3751): 	at com.google.android.apps.youtube.api.j.<init>(SourceFile:289)
E/ActivityThread( 3751): 	at com.google.android.apps.youtube.api.j.a(SourceFile:123)
E/ActivityThread( 3751): 	at com.google.android.apps.youtube.api.k.run(SourceFile:224)
E/ActivityThread( 3751): 	at android.os.Handler.handleCallback(Handler.java:733)
E/ActivityThread( 3751): 	at android.os.Handler.dispatchMessage(Handler.java:95)
E/ActivityThread( 3751): 	at android.os.Looper.loop(Looper.java:136)
E/ActivityThread( 3751): 	at android.app.ActivityThread.main(ActivityThread.java:5017)
E/ActivityThread( 3751): 	at java.lang.reflect.Method.invokeNative(Native Method)
E/ActivityThread( 3751): 	at java.lang.reflect.Method.invoke(Method.java:515)
E/ActivityThread( 3751): 	at com.android.internal.os.ZygoteInit$MethodAndArgsCaller.run(ZygoteInit.java:779)
E/ActivityThread( 3751): 	at com.android.internal.os.ZygoteInit.main(ZygoteInit.java:595)
E/ActivityThread( 3751): 	at dalvik.system.NativeStart.main(Native Method)
I/ActivityManager(  758): START u0 {act=android.intent.action.MAIN cat=[android.intent.category.HOME] flg=0x10200000 cmp=com.google.android.googlequicksearchbox/com.google.android.launcher.GEL} from pid 758
W/SocketClient(  176): write error (Broken pipe)
W/SocketClient(  176): write error (Broken pipe)
I/ActivityManager(  758): START u0 {act=android.intent.action.MAIN cat=[android.intent.category.HOME] flg=0x10200000 cmp=com.google.android.googlequicksearchbox/com.google.android.launcher.GEL} from pid 758
W/ProcessCpuTracker(  758): Skipping unknown process pid 4025
W/ProcessCpuTracker(  758): Skipping unknown process pid 4026
W/ProcessCpuTracker(  758): Skipping unknown process pid 4028
W/ProcessCpuTracker(  758): Skipping unknown process pid 4029
W/ProcessCpuTracker(  758): Skipping unknown process pid 4030
W/ProcessCpuTracker(  758): Skipping unknown process pid 4034
D/BackupManagerService(  758): Now staging backup of com.google.android.googlequicksearchbox
I/ActivityManager(  758): START u0 {act=android.intent.action.MAIN cat=[android.intent.category.LAUNCHER] flg=0x10200000 cmp=tv.joeygraceffa.fliprtv/tv.tv9x9.player.start bnds=[540,554][804,853]} from pid 1041
I/ActivityManager(  758): START u0 {act=android.intent.action.MAIN cat=[android.intent.category.HOME] flg=0x10200000 cmp=com.google.android.googlequicksearchbox/com.google.android.launcher.GEL} from pid 758
W/ActivityManager(  758): Activity pause timeout for ActivityRecord{435a30d8 u0 tv.joeygraceffa.fliprtv/tv.tv9x9.player.start t414}
W/InputMethodManagerService(  758): Window already focused, ignoring focus gain of: com.android.internal.view.IInputMethodClient$Stub$Proxy@43482808 attribute=null, token = android.os.BinderProxy@42f31078
I/ActivityManager(  758): START u0 {act=com.android.systemui.recent.action.TOGGLE_RECENTS flg=0x10800000 cmp=com.android.systemui/.recent.RecentsActivity} from pid 868
I/ActivityManager(  758): Killing 11507:com.google.android.talk/u0a51 (adj 14): cached #9
I/WindowState(  758): WIN DEATH: Window{43289450 u0 com.google.android.talk/com.google.android.talk.SigningInActivity}
I/ActivityManager(  758): Killing 29083:tv.joeygraceffa.fliprtv/u0a134 (adj 2): remove task
I/WindowState(  758): WIN DEATH: Window{431c0570 u0 tv.joeygraceffa.fliprtv/tv.tv9x9.player.start}
I/WindowState(  758): WIN DEATH: Window{43282b70 u0 tv.joeygraceffa.fliprtv/tv.tv9x9.player.main}
I/ActivityManager(  758): START u0 {act=android.intent.action.MAIN cat=[android.intent.category.HOME] flg=0x10200000 cmp=com.google.android.googlequicksearchbox/com.google.android.launcher.GEL} from pid 868
I/ActivityManager(  758): START u0 {act=android.intent.action.MAIN cat=[android.intent.category.LAUNCHER] flg=0x10200000 cmp=tv.joeygraceffa.fliprtv/tv.tv9x9.player.start bnds=[540,554][804,853]} from pid 1041
I/ActivityManager(  758): Start proc tv.joeygraceffa.fliprtv for activity tv.joeygraceffa.fliprtv/tv.tv9x9.player.start: pid=4217 uid=10134 gids={50134, 3003}
I/ActivityManager(  758): START u0 {cmp=tv.joeygraceffa.fliprtv/tv.tv9x9.player.main} from pid 4217
E/ActivityThread( 4217): Failed to find provider info for com.facebook.katana.provider.AttributionIdProvider
E/ActivityThread( 4217): Failed to find provider info for com.facebook.katana.provider.AttributionIdProvider
W/ActivityManager(  758): Unable to start service Intent { act=com.google.android.gms.analytics.service.START cmp=com.google.android.gms/.analytics.service.AnalyticsService (has extras) } U=0: not found
W/ActivityManager(  758): Unable to start service Intent { act=com.google.android.gms.analytics.service.START cmp=com.google.android.gms/.analytics.service.AnalyticsService (has extras) } U=0: not found
D/BackupManagerService(  758): Now staging backup of com.android.providers.settings
I/ActivityManager(  758): Start proc com.android.systemui:screenshot for service com.android.systemui/.screenshot.TakeScreenshotService: pid=4457 uid=10012 gids={50012, 1028, 1015, 1035, 3002, 3001}
I/EntropyMixer(  758): Writing entropy...
I/ActivityManager(  758): Start proc com.google.android.music:main for broadcast com.google.android.music/.leanback.AutoCacheSchedulingService$ActionReceiver: pid=4637 uid=10058 gids={50058, 3003, 1028, 1015}
I/ActivityManager(  758): Start proc com.google.android.gallery3d for broadcast com.google.android.gallery3d/com.google.android.picasasync.BatteryReceiver: pid=4674 uid=10039 gids={50039, 3003, 1028, 1015}
W/ActivityManager(  758): Unable to start service Intent { act=com.google.android.gms.analytics.service.START cmp=com.google.android.gms/.analytics.service.AnalyticsService (has extras) } U=0: not found
W/ActivityManager(  758): Unable to start service Intent { act=com.google.android.gms.analytics.service.START cmp=com.google.android.gms/.analytics.service.AnalyticsService (has extras) } U=0: not found
D/ConnectivityService(  758): Sampling interval elapsed, updating statistics ..
D/ConnectivityService(  758): Done.
D/ConnectivityService(  758): Setting timer for 720seconds
I/EntropyMixer(  758): Writing entropy...
I/ActivityManager(  758): START u0 {act=android.intent.action.MAIN cat=[android.intent.category.HOME] flg=0x10200000 cmp=com.google.android.googlequicksearchbox/com.google.android.launcher.GEL} from pid 758
W/InputMethodManagerService(  758): Starting input on non-focused client com.android.internal.view.IInputMethodClient$Stub$Proxy@432d98a0 (uid=10134 pid=4217)
I/ActivityManager(  758): START u0 {act=android.intent.action.MAIN cat=[android.intent.category.HOME] flg=0x10200000 cmp=com.google.android.googlequicksearchbox/com.google.android.launcher.GEL} from pid 758
I/ActivityManager(  758): START u0 {act=android.intent.action.MAIN cat=[android.intent.category.LAUNCHER] flg=0x10200000 cmp=com.android.settings/.Settings} from pid 1041
I/ActivityManager(  758): Start proc com.android.settings for activity com.android.settings/.Settings: pid=4954 uid=1000 gids={41000, 1028, 1015, 3002, 3001, 3003}
W/ContextImpl( 4954): Calling a method in the system process without a qualified user: android.app.ContextImpl.bindService:1543 android.content.ContextWrapper.bindService:517 android.bluetooth.BluetoothA2dp.doBind:165 android.bluetooth.BluetoothA2dp.<init>:158 android.bluetooth.BluetoothAdapter.getProfileProxy:1184 
W/ContextImpl( 4954): Calling a method in the system process without a qualified user: android.app.ContextImpl.bindService:1543 android.content.ContextWrapper.bindService:517 android.bluetooth.BluetoothHeadset.doBind:283 android.bluetooth.BluetoothHeadset.<init>:276 android.bluetooth.BluetoothAdapter.getProfileProxy:1181 
W/ContextImpl( 4954): Calling a method in the system process without a qualified user: android.app.ContextImpl.bindService:1543 android.content.ContextWrapper.bindService:517 android.bluetooth.BluetoothInputDevice.doBind:245 android.bluetooth.BluetoothInputDevice.<init>:238 android.bluetooth.BluetoothAdapter.getProfileProxy:1187 
W/ContextImpl( 4954): Calling a method in the system process without a qualified user: android.app.ContextImpl.bindService:1543 android.content.ContextWrapper.bindService:517 android.bluetooth.BluetoothPan.doBind:149 android.bluetooth.BluetoothPan.<init>:141 android.bluetooth.BluetoothAdapter.getProfileProxy:1190 
W/ContextImpl( 4954): Calling a method in the system process without a qualified user: android.app.ContextImpl.bindService:1543 android.content.ContextWrapper.bindService:517 android.bluetooth.BluetoothMap.doBind:109 android.bluetooth.BluetoothMap.<init>:102 android.bluetooth.BluetoothAdapter.getProfileProxy:1196 
W/ContextImpl( 4954): Calling a method in the system process without a qualified user: android.app.ContextImpl.bindService:1543 android.content.ContextWrapper.bindService:517 android.bluetooth.BluetoothPbap.doBind:164 android.bluetooth.BluetoothPbap.<init>:157 com.android.settings.bluetooth.PbapServerProfile.<init>:68 
D/WifiService(  758): setWifiEnabled: true pid=4954, uid=1000
I/ActivityManager(  758): START u0 {act=android.intent.action.MAIN cmp=com.android.settings/.SubSettings (has extras)} from pid 4954
I/NotificationService(  758): cancelToast pkg=com.android.settings callback=android.app.ITransientNotification$Stub$Proxy@43421208
I/NotificationService(  758): cancelToast pkg=com.android.settings callback=android.app.ITransientNotification$Stub$Proxy@4339b480
I/NotificationService(  758): cancelToast pkg=com.android.settings callback=android.app.ITransientNotification$Stub$Proxy@43308f60
I/NotificationService(  758): cancelToast pkg=com.android.settings callback=android.app.ITransientNotification$Stub$Proxy@430c2020
I/ActivityManager(  758): START u0 {act=android.intent.action.MAIN cmp=com.android.settings/.SubSettings (has extras)} from pid 4954
E/Cryptfs (  174): not running with encryption, aborting
E/Cryptfs (  174): not running with encryption, aborting
W/InputMethodManagerService(  758): Window already focused, ignoring focus gain of: com.android.internal.view.IInputMethodClient$Stub$Proxy@42df88d8 attribute=null, token = android.os.BinderProxy@42657938
D/UsbDebuggingManager(  758): Received public key: QAAAADFDeHQvypfHJUgYnMOz5sQvEtF4zDEa6FTst75yRed18r0d2Q+hwQKKAeZZYn2tJEVrVyfmSn6L4GiVC0Qxd3GLdBTofJlc6O9gcogBxbbzgI0XpnQ0DGwFaqo4GehDsJS91Eq9by0ieBgIKSTAazuaSFZlT6obAA6BxVBdYnaEbnatbB82r7R5m31KnIt47bMRxaCbiabk28+uCIywpNT1uS1RBzt9VqWdMEOySleSsPkbfZhwXZ8//UkdT1DZn/0SAs6PrkuLUIecFlWDiPx7qmJl20FXspJupSQX4bFqzkCZEB8gLRfr6nKoO5zPT3Zzy8jvzc0fE1TAhhwW3LwtpLDMHK137aSke5J7olANWq8qJDMxZCq96Q+YTjRwzuagIfYmMzGjicWfc2vIC2yMrA17Qgylr6WNAcJpRHTvFgxRJqtRJLeHyNBv1JVYIjbKIWxt1s0eofIDxFR5YXGXDjgyDFONpQfsiLUlCCxGeeB4HOfpAFy2l2vlOfWCmc/9haFiwqINxam9pF8+L9VaIXicqUSDtA5NBxL5hJtZ6F847qHj++diI8lIMms8XDz34bITA/3aCWn6pN2689KUSY+nS6rmRIc2wzIsvidl9VMpKKi0ZATRylnbcNm6BIO/ytXSeLs7FPCHZgupcOO2eZkNnUrAnv3DQeCHxQrjn0XDTQEAAQA= @ubuntu
W/ContextImpl(  758): Calling a method in the system process without a qualified user: android.app.ContextImpl.startActivity:1020 com.android.server.usb.UsbDebuggingManager.showConfirmationDialog:255 com.android.server.usb.UsbDebuggingManager.access$900:45 com.android.server.usb.UsbDebuggingManager$UsbDebuggingHandler.handleMessage:211 android.os.Handler.dispatchMessage:102 
W/ContextImpl(  758): Calling a method in the system process without a qualified user: android.app.ContextImpl.startActivity:1032 android.app.ContextImpl.startActivity:1021 com.android.server.usb.UsbDebuggingManager.showConfirmationDialog:255 com.android.server.usb.UsbDebuggingManager.access$900:45 com.android.server.usb.UsbDebuggingManager$UsbDebuggingHandler.handleMessage:211 
I/ActivityManager(  758): START u0 {flg=0x10000000 cmp=com.android.systemui/.usb.UsbDebuggingActivity (has extras)} from pid 758
E/Cryptfs (  174): not running with encryption, aborting
W/InputMethodManagerService(  758): Window already focused, ignoring focus gain of: com.android.internal.view.IInputMethodClient$Stub$Proxy@4374a698 attribute=null, token = android.os.BinderProxy@42657938
I/PowerManagerService(  758): Going to sleep due to screen timeout...
D/ConnectivityService(  758): startUsingNetworkFeature reconnecting to 0: enableSUPL
D/ConnectivityService(  758): startUsingNetworkFeature X: return APN_REQUEST_STARTED
D/MobileDataStateTracker(  758): supl: Broadcast received: android.intent.action.ANY_DATA_STATE apnType=supl
D/MobileDataStateTracker(  758): supl: Received state=CONNECTING, old=DISCONNECTED, reason=dataEnabled
D/MobileDataStateTracker(  758): supl: setDetailed state, old =IDLE and new state=CONNECTING
D/MobileDataStateTracker(  758): fota: Broadcast received: android.intent.action.ANY_DATA_STATE apnType=fota
D/MobileDataStateTracker(  758): fota: Received state=DISCONNECTED, old=DISCONNECTED, reason=dataEnabled
D/MobileDataStateTracker(  758): dun: Broadcast received: android.intent.action.ANY_DATA_STATE apnType=dun
D/MobileDataStateTracker(  758): dun: Received state=DISCONNECTED, old=DISCONNECTED, reason=dataEnabled
D/MobileDataStateTracker(  758): ia: Broadcast received: android.intent.action.ANY_DATA_STATE apnType=ia
D/MobileDataStateTracker(  758): ia: Received state=DISCONNECTED, old=DISCONNECTED, reason=dataEnabled
D/MobileDataStateTracker(  758): hipri: Broadcast received: android.intent.action.ANY_DATA_STATE apnType=hipri
D/MobileDataStateTracker(  758): hipri: Received state=DISCONNECTED, old=DISCONNECTED, reason=dataEnabled
D/MobileDataStateTracker(  758): ims: Broadcast received: android.intent.action.ANY_DATA_STATE apnType=ims
D/MobileDataStateTracker(  758): ims: Received state=DISCONNECTED, old=DISCONNECTED, reason=dataEnabled
D/MobileDataStateTracker(  758): default: Broadcast received: android.intent.action.ANY_DATA_STATE apnType=default
D/MobileDataStateTracker(  758): default: Received state=DISCONNECTED, old=DISCONNECTED, reason=dataEnabled
D/MobileDataStateTracker(  758): mms: Broadcast received: android.intent.action.ANY_DATA_STATE apnType=mms
D/MobileDataStateTracker(  758): mms: Received state=DISCONNECTED, old=DISCONNECTED, reason=dataEnabled
D/MobileDataStateTracker(  758): cbs: Broadcast received: android.intent.action.ANY_DATA_STATE apnType=cbs
D/MobileDataStateTracker(  758): cbs: Received state=DISCONNECTED, old=DISCONNECTED, reason=dataEnabled
D/MobileDataStateTracker(  758): supl: Broadcast received: android.intent.action.ANY_DATA_STATE apnType=supl
D/MobileDataStateTracker(  758): supl: Received state=CONNECTING, old=CONNECTING, reason=(unspecified)
D/MobileDataStateTracker(  758): supl: Broadcast received: android.intent.action.ANY_DATA_STATE apnType=supl
D/MobileDataStateTracker(  758): supl: Received state=CONNECTED, old=CONNECTING, reason=connected
D/MobileDataStateTracker(  758): supl: setDetailed state, old =CONNECTING and new state=CONNECTED
D/ConnectivityService(  758): ConnectivityChange for mobile_supl: CONNECTED/CONNECTED
E/ConnectivityService(  758): Exception trying to remove a route: java.lang.IllegalStateException: command '9373 interface route remove rmnet0 default 0.0.0.0 0 100.111.126.1' failed with '400 9373 Failed to remove route from default table (No such process)'
D/Nat464Xlat(  758): requiresClat: netType=3, hasIPv4Address=true
D/MobileDataStateTracker(  758): default: setPolicyDataEnable(enabled=true)
D/MobileDataStateTracker(  758): default: setPolicyDataEnable(enabled=true)
W/ProcessCpuTracker(  758): Skipping unknown process pid 5255
W/ProcessCpuTracker(  758): Skipping unknown process pid 5261
W/ProcessCpuTracker(  758): Skipping unknown process pid 5262
W/ProcessCpuTracker(  758): Skipping unknown process pid 5288
D/MobileDataStateTracker(  758): supl: Broadcast received: android.intent.action.ANY_DATA_STATE apnType=supl
D/MobileDataStateTracker(  758): supl: Received state=CONNECTED, old=CONNECTED, reason=(unspecified)
I/ActivityManager(  758): Start proc com.evernote for service com.evernote/.sync.SystemSyncService: pid=5358 uid=10097 gids={50097, 3003, 1028, 1015}
I/ActivityManager(  758): Start proc com.google.android.apps.walletnfcrel for broadcast com.google.android.apps.walletnfcrel/com.google.android.apps.wallet.util.WalletNetworkAccessReceiver: pid=5379 uid=10021 gids={50021, 3003, 1028, 1015}
I/ActivityManager(  758): Start proc com.google.android.apps.magazines for broadcast com.google.android.apps.magazines/com.google.apps.dots.android.newsstand.appwidget.NewsWidgetProvider: pid=5424 uid=10056 gids={50056, 3003, 1028, 1015}
I/ActivityManager(  758): Process com.google.android.tts (pid 519) has died.
D/ConnectivityService(  758): handleInetConditionHoldEnd: net=1, condition=100, published condition=100
I/ActivityManager(  758): Start proc com.manboker.headportrait:sys for broadcast com.manboker.headportrait/.check.RepeatSendBroadcast: pid=5477 uid=10080 gids={50080, 1028, 1015, 3003}
I/ActivityManager(  758): Process com.android.systemui:screenshot (pid 4457) has died.
I/ActivityManager(  758): Process com.manboker.headportrait:sys (pid 5477) has died.
D/MobileDataStateTracker(  758): supl: Broadcast received: android.intent.action.ANY_DATA_STATE apnType=supl
D/MobileDataStateTracker(  758): supl: Received state=CONNECTED, old=CONNECTED, reason=(unspecified)
D/ConnectivityService(  758): stopUsingNetworkFeature: teardown net 0: enableSUPL
W/ActivityManager(  758): Unable to start service Intent { act=com.google.android.gms.analytics.service.START cmp=com.google.android.gms/.analytics.service.AnalyticsService (has extras) } U=0: not found
D/MobileDataStateTracker(  758): supl: Broadcast received: android.intent.action.ANY_DATA_STATE apnType=supl
D/MobileDataStateTracker(  758): supl: Received state=DISCONNECTED, old=CONNECTED, reason=dataDisabled
D/MobileDataStateTracker(  758): supl: setDetailed state, old =CONNECTED and new state=DISCONNECTED
D/ConnectivityService(  758): ConnectivityChange for mobile_supl: DISCONNECTED/DISCONNECTED
W/FrameworkListener(  176): Handler 'interface' error (No such device)
W/FrameworkListener(  176): Handler 'interface' error (No such device)
D/ConnectivityService(  758): resetConnections(rmnet0, 3)
D/Nat464Xlat(  758): requiresClat: netType=3, hasIPv4Address=true
D/MobileDataStateTracker(  758): default: setPolicyDataEnable(enabled=true)
D/MobileDataStateTracker(  758): default: setPolicyDataEnable(enabled=true)
D/MobileDataStateTracker(  758): default: setPolicyDataEnable(enabled=true)
D/MobileDataStateTracker(  758): default: setPolicyDataEnable(enabled=true)
I/ActivityManager(  758): Start proc com.google.android.apps.books for service com.google.android.apps.books/.service.BooksUserContentService: pid=5660 uid=10025 gids={50025, 3003, 1028, 1015}
I/ActivityManager(  758): Start proc com.google.android.videos for service com.google.android.videos/.store.VideoUserContentService: pid=5706 uid=10070 gids={50070, 3003, 1028, 1015, 3002}
I/ActivityManager(  758): Killing 31317:com.android.providers.partnerbookmarks/u0a61 (adj 15): empty #17
I/ActivityManager(  758): Start proc com.manboker.headportrait:sys for broadcast com.manboker.headportrait/.check.RepeatSendBroadcast: pid=5815 uid=10080 gids={50080, 1028, 1015, 3003}
D/ConnectivityService(  758): handleInetConditionHoldEnd: net=1, condition=100, published condition=100
W/ActivityManager(  758): Unable to start service Intent { act=com.google.android.gms.analytics.service.START cmp=com.google.android.gms/.analytics.service.AnalyticsService (has extras) } U=0: not found
I/ActivityManager(  758): Process com.manboker.headportrait:sys (pid 5815) has died.
W/ActivityManager(  758): Unable to start service Intent { act=com.google.android.gms.analytics.service.START cmp=com.google.android.gms/.analytics.service.AnalyticsService (has extras) } U=0: not found
W/ActivityManager(  758): Unable to start service Intent { act=com.google.android.gms.analytics.service.START cmp=com.google.android.gms/.analytics.service.AnalyticsService (has extras) } U=0: not found
I/PackageManager(  758): Adding preferred activity ComponentInfo{com.google.android.talk/com.google.android.apps.babel.phone.BabelHomeActivity} for user 0 :
I/PackageManager(  758): Adding preferred activity ComponentInfo{com.google.android.talk/com.google.android.apps.babel.phone.BabelHomeActivity} for user 0 :
I/PackageManager(  758): Adding preferred activity ComponentInfo{com.google.android.talk/com.google.android.apps.babel.phone.BabelHomeActivity} for user 0 :
I/PackageManager(  758): Adding preferred activity ComponentInfo{com.google.android.talk/com.google.android.apps.babel.phone.BabelHomeActivity} for user 0 :
I/PackageManager(  758): Adding preferred activity ComponentInfo{com.google.android.talk/com.google.android.apps.babel.phone.BabelHomeActivity} for user 0 :
I/PackageManager(  758): Adding preferred activity ComponentInfo{com.google.android.talk/com.google.android.apps.babel.phone.BabelHomeActivity} for user 0 :
I/PackageManager(  758): Adding preferred activity ComponentInfo{com.google.android.talk/com.google.android.apps.babel.phone.BabelHomeActivity} for user 0 :
I/PackageManager(  758): Adding preferred activity ComponentInfo{com.google.android.talk/com.google.android.apps.babel.phone.BabelHomeActivity} for user 0 :
W/ActivityManager(  758): Activity destroy timeout for ActivityRecord{4307c738 u0 tv.joeygraceffa.fliprtv/tv.tv9x9.player.main t416 f}
E/ActivityThread( 3751): Service com.google.android.youtube.api.service.YouTubeService has leaked IntentReceiver com.google.android.apps.youtube.core.utils.ConnectivityReceiver@426dc240 that was originally registered here. Are you missing a call to unregisterReceiver()?
E/ActivityThread( 3751): android.app.IntentReceiverLeaked: Service com.google.android.youtube.api.service.YouTubeService has leaked IntentReceiver com.google.android.apps.youtube.core.utils.ConnectivityReceiver@426dc240 that was originally registered here. Are you missing a call to unregisterReceiver()?
E/ActivityThread( 3751): 	at android.app.LoadedApk$ReceiverDispatcher.<init>(LoadedApk.java:805)
E/ActivityThread( 3751): 	at android.app.LoadedApk.getReceiverDispatcher(LoadedApk.java:606)
E/ActivityThread( 3751): 	at android.app.ContextImpl.registerReceiverInternal(ContextImpl.java:1430)
E/ActivityThread( 3751): 	at android.app.ContextImpl.registerReceiver(ContextImpl.java:1410)
E/ActivityThread( 3751): 	at android.app.ContextImpl.registerReceiver(ContextImpl.java:1404)
E/ActivityThread( 3751): 	at android.content.ContextWrapper.registerReceiver(ContextWrapper.java:467)
E/ActivityThread( 3751): 	at com.google.android.apps.youtube.core.utils.ConnectivityReceiver.<init>(SourceFile:53)
E/ActivityThread( 3751): 	at com.google.android.apps.youtube.api.j.<init>(SourceFile:289)
E/ActivityThread( 3751): 	at com.google.android.apps.youtube.api.j.a(SourceFile:123)
E/ActivityThread( 3751): 	at com.google.android.apps.youtube.api.k.run(SourceFile:224)
E/ActivityThread( 3751): 	at android.os.Handler.handleCallback(Handler.java:733)
E/ActivityThread( 3751): 	at android.os.Handler.dispatchMessage(Handler.java:95)
E/ActivityThread( 3751): 	at android.os.Looper.loop(Looper.java:136)
E/ActivityThread( 3751): 	at android.app.ActivityThread.main(ActivityThread.java:5017)
E/ActivityThread( 3751): 	at java.lang.reflect.Method.invokeNative(Native Method)
E/ActivityThread( 3751): 	at java.lang.reflect.Method.invoke(Method.java:515)
E/ActivityThread( 3751): 	at com.android.internal.os.ZygoteInit$MethodAndArgsCaller.run(ZygoteInit.java:779)
E/ActivityThread( 3751): 	at com.android.internal.os.ZygoteInit.main(ZygoteInit.java:595)
E/ActivityThread( 3751): 	at dalvik.system.NativeStart.main(Native Method)
D/ConnectivityService(  758): handleInetConditionHoldEnd: net=1, condition=100, published condition=100
I/PowerManagerService(  758): Waking up from sleep...
I/WindowManager(  758): Lock screen displayed!
W/WindowManager(  758): Rebuild removed 19 windows but added 18
W/WindowManager(  758): java.lang.RuntimeException: here
W/WindowManager(  758): 	at com.android.server.wm.WindowManagerService.rebuildAppWindowListLocked(WindowManagerService.java:8011)
W/WindowManager(  758): 	at com.android.server.wm.WindowManagerService.rebuildAppWindowListLocked(WindowManagerService.java:7947)
W/WindowManager(  758): 	at com.android.server.wm.WindowManagerService.handleAppTransitionReadyLocked(WindowManagerService.java:8430)
W/WindowManager(  758): 	at com.android.server.wm.WindowManagerService.performLayoutAndPlaceSurfacesLockedInner(WindowManagerService.java:9193)
W/WindowManager(  758): 	at com.android.server.wm.WindowManagerService.performLayoutAndPlaceSurfacesLockedLoop(WindowManagerService.java:8163)
W/WindowManager(  758): 	at com.android.server.wm.WindowManagerService.performLayoutAndPlaceSurfacesLocked(WindowManagerService.java:8105)
W/WindowManager(  758): 	at com.android.server.wm.WindowManagerService.executeAppTransition(WindowManagerService.java:3918)
W/WindowManager(  758): 	at com.android.server.am.ActivityStackSupervisor.reportResumedActivityLocked(ActivityStackSupervisor.java:2241)
W/WindowManager(  758): 	at com.android.server.am.ActivityStack.completeResumeLocked(ActivityStack.java:968)
W/WindowManager(  758): 	at com.android.server.am.ActivityStack.resumeTopActivityLocked(ActivityStack.java:1631)
W/WindowManager(  758): 	at com.android.server.am.ActivityStackSupervisor.resumeTopActivitiesLocked(ActivityStackSupervisor.java:2022)
W/WindowManager(  758): 	at com.android.server.am.ActivityStackSupervisor.resumeTopActivitiesLocked(ActivityStackSupervisor.java:2009)
W/WindowManager(  758): 	at com.android.server.am.ActivityStackSupervisor.comeOutOfSleepIfNeededLocked(ActivityStackSupervisor.java:2177)
W/WindowManager(  758): 	at com.android.server.am.ActivityManagerService.comeOutOfSleepIfNeededLocked(ActivityManagerService.java:8327)
W/WindowManager(  758): 	at com.android.server.am.ActivityManagerService.setLockScreenShown(ActivityManagerService.java:8362)
W/WindowManager(  758): 	at android.app.ActivityManagerNative.onTransact(ActivityManagerNative.java:1228)
W/WindowManager(  758): 	at com.android.server.am.ActivityManagerService.onTransact(ActivityManagerService.java:2071)
W/WindowManager(  758): 	at android.os.Binder.execTransact(Binder.java:404)
W/WindowManager(  758): 	at dalvik.system.NativeStart.run(Native Method)
W/WindowManager(  758): This window was lost: Window{432eab68 u0 tv.joeygraceffa.fliprtv/tv.tv9x9.player.main}
W/WindowManager(  758): mDisplayId=0 mSession=Session{43a115c0 4217:u0a10134} mClient=android.os.BinderProxy@42fefb60
W/WindowManager(  758): mOwnerUid=10134 mShowToOwnerOnly=true package=tv.joeygraceffa.fliprtv appop=NONE
W/WindowManager(  758): mAttrs=WM.LayoutParams{(0,0)(fillxfill) sim=#20 ty=1 fl=#810180 pfl=0x8 fmt=-3 wanim=0x10302a1}
W/WindowManager(  758): Requested w=1080 h=1776 mLayoutSeq=132847
W/WindowManager(  758): mBaseLayer=21000 mSubLayer=0 mAnimLayer=21075+0=21075 mLastLayer=22080
W/WindowManager(  758): mToken=AppWindowToken{438d0ab0 token=Token{42fb2020 ActivityRecord{4307c738 u0 tv.joeygraceffa.fliprtv/tv.tv9x9.player.main t416}}}
W/WindowManager(  758): mRootToken=AppWindowToken{438d0ab0 token=Token{42fb2020 ActivityRecord{4307c738 u0 tv.joeygraceffa.fliprtv/tv.tv9x9.player.main t416}}}
W/WindowManager(  758): mAppToken=AppWindowToken{438d0ab0 token=Token{42fb2020 ActivityRecord{4307c738 u0 tv.joeygraceffa.fliprtv/tv.tv9x9.player.main t416}}}
W/WindowManager(  758): mViewVisibility=0x8 mHaveFrame=true mObscured=true
W/WindowManager(  758): mSeq=0 mSystemUiVisibility=0x0
W/WindowManager(  758): mGivenContentInsets=[0,0][0,0] mGivenVisibleInsets=[0,0][0,0]
W/WindowManager(  758): mConfiguration={1.0 310mcc260mnc en_US ldltr sw360dp w360dp h567dp 480dpi nrml port finger -keyb/v/h -nav/h s.113}
W/WindowManager(  758): mHasSurface=false mShownFrame=[0.0,0.0][1080.0,1776.0] isReadyForDisplay()=false
W/WindowManager(  758): mFrame=[0,0][1080,1776] last=[0,0][1080,1776]
W/WindowManager(  758): mSystemDecorRect=[0,75][1080,1776] last=[0,75][1080,1776]
W/WindowManager(  758): Frames: containing=[0,0][1080,1776] parent=[0,0][1080,1776]
W/WindowManager(  758):     display=[0,0][1080,1776] overscan=[0,0][1080,1920]
W/WindowManager(  758):     content=[0,75][1080,1776] visible=[0,75][1080,1776]
W/WindowManager(  758):     decor=[0,75][1080,1776]
W/WindowManager(  758): Cur insets: overscan=[0,0][0,0] content=[0,75][0,0] visible=[0,75][0,0]
W/WindowManager(  758): Lst insets: overscan=[0,0][0,0] content=[0,75][0,0] visible=[0,75][0,0]
W/WindowManager(  758): WindowStateAnimator{438cb5b0 tv.joeygraceffa.fliprtv/tv.tv9x9.player.main}:
W/WindowManager(  758):   mShownAlpha=1.0 mAlpha=1.0 mLastAlpha=0.0
W/WindowManager(  758): Current app token list:
V/WindowManager(  758):   Display 0
V/WindowManager(  758):   #45: Token{42642640 ActivityRecord{43067e78 u0 com.android.settings/.SubSettings t417}}
V/WindowManager(  758):   #44: Token{43616838 ActivityRecord{43ef6190 u0 com.android.settings/.Settings t417}}
V/WindowManager(  758):   #43: Token{42f7fc58 ActivityRecord{42f7f9e0 u0 com.google.android.googlequicksearchbox/com.google.android.launcher.GEL t1}}
V/WindowManager(  758):   #42: Token{4339d558 ActivityRecord{43760298 u0 tv.joeygraceffa.fliprtv/tv.tv9x9.player.start t416}}
V/WindowManager(  758):   #41: Token{42d89cf0 ActivityRecord{4341a6d0 u0 com.android.systemui/.recent.RecentsActivity t412}}
V/WindowManager(  758):   #40: Token{43424478 ActivityRecord{4266bc40 u0 com.google.android.GoogleCamera/com.android.camera.CameraLauncher t223}}
V/WindowManager(  758):   #39: Token{42e58878 ActivityRecord{42fbadd8 u0 com.google.android.gm/.ConversationListActivityGmail t396}}
V/WindowManager(  758):   #38: Token{426deaf8 ActivityRecord{43fbc6c0 u0 com.google.android.youtube/com.google.android.apps.youtube.app.WatchWhileActivity t411}}
V/WindowManager(  758):   #37: Token{43639fa0 ActivityRecord{43105ab8 u0 com.tencent.mm/.ui.chatting.ChattingUI t296}}
V/WindowManager(  758):   #36: Token{431ffff0 ActivityRecord{42f16588 u0 com.tencent.mm/.ui.LauncherUI t296}}
V/WindowManager(  758):   #35: Token{42665c10 ActivityRecord{431ef5a0 u0 jp.naver.line.android/.activity.chathistory.ChatHistoryActivity t389}}
V/WindowManager(  758):   #34: Token{4322a7b0 ActivityRecord{42e2e290 u0 jp.naver.line.android/.activity.main.MainActivity t389}}
V/WindowManager(  758):   #33: Token{42ecb3b8 ActivityRecord{42673ba0 u0 com.google.android.talk/.SigningInActivity t171}}
V/WindowManager(  758):   #32: Token{42f8ea60 ActivityRecord{42e53a00 u0 com.costco.app.android/com.bb.apps.costco.activity.LaunchActivity t399}}
V/WindowManager(  758):   #31: Token{430a3098 ActivityRecord{43097460 u0 com.google.android.apps.maps/com.google.android.maps.MapsActivity t398}}
V/WindowManager(  758):   #30: Token{42baaf18 ActivityRecord{426bc0c0 u0 com.google.android.googlequicksearchbox/com.google.android.velvet.ui.VelvetActivity t393}}
V/WindowManager(  758):   #29: Token{43146e50 ActivityRecord{42664a70 u0 com.pinterest/.activity.task.activity.MainActivity t227}}
V/WindowManager(  758):   #28: Token{43353e50 ActivityRecord{42f22040 u0 com.devhd.feedly/.Main t67}}
V/WindowManager(  758):   #27: Token{42de8b70 ActivityRecord{42663c40 u0 com.xiachufang/.activity.SearchResults t5}}
V/WindowManager(  758):   #26: Token{42f17968 ActivityRecord{43297e10 u0 com.xiachufang/.slidemenu.activity.RecipeChildClassifyActivity t5}}
V/WindowManager(  758):   #25: Token{4302c3b0 ActivityRecord{43290258 u0 com.xiachufang/.slidemenu.activity.RecipeClassifyActivity t5}}
V/WindowManager(  758):   #24: Token{42f13160 ActivityRecord{43022ac0 u0 com.xiachufang/.activity.slidingmenu.NewMainActivity t5}}
V/WindowManager(  758):   #23: Token{4341d4c8 ActivityRecord{4322f4e0 u0 com.evernote/.ui.phone.PhoneMainActivity t213}}
