W/PackageManager(  758): Not granting permission android.permission.READ_LOGS to package com.xiachufang (protectionLevel=50 flags=0x90be44)
I/ActivityManager(  758): Start proc com.android.chrome:sandboxed_process2 for service com.android.chrome/org.chromium.content.app.SandboxedProcessService2: pid=22115 uid=99076 gids={}
I/ActivityManager(  758): Force stopping com.smosh.android appid=10082 user=0: pkg removed
I/PackageManager(  758): Adding preferred activity ComponentInfo{com.google.android.talk/com.google.android.apps.babel.phone.BabelHomeActivity} for user 0 :
I/PackageManager(  758): Adding preferred activity ComponentInfo{com.google.android.talk/com.google.android.apps.babel.phone.BabelHomeActivity} for user 0 :
I/ActivityManager(  758): Start proc com.android.musicfx for broadcast com.android.musicfx/.Compatibility$Receiver: pid=22137 uid=10013 gids={50013, 3003, 3002}
D/BackupManagerService(  758): Received broadcast Intent { act=android.intent.action.PACKAGE_REMOVED dat=package:com.smosh.android flg=0x4000010 (has extras) }
I/PackageManager(  758): Adding preferred activity ComponentInfo{com.google.android.talk/com.google.android.apps.babel.phone.BabelHomeActivity} for user 0 :
I/PackageManager(  758): Adding preferred activity ComponentInfo{com.google.android.talk/com.google.android.apps.babel.phone.BabelHomeActivity} for user 0 :
D/BackupManagerService(  758): Received broadcast Intent { act=android.intent.action.PACKAGE_ADDED dat=package:com.smosh.android flg=0x4000010 (has extras) }
V/BackupManagerService(  758): removePackageParticipantsLocked: uid=10082 #1
V/BackupManagerService(  758): addPackageParticipantsLocked: #1
I/PackageManager(  758): Adding preferred activity ComponentInfo{com.google.android.talk/com.google.android.apps.babel.phone.BabelHomeActivity} for user 0 :
I/PackageManager(  758): Adding preferred activity ComponentInfo{com.google.android.talk/com.google.android.apps.babel.phone.BabelHomeActivity} for user 0 :
I/PackageManager(  758): Adding preferred activity ComponentInfo{com.google.android.talk/com.google.android.apps.babel.phone.BabelHomeActivity} for user 0 :
I/ActivityManager(  758): Start proc com.android.keychain for broadcast com.android.keychain/.KeyChainBroadcastReceiver: pid=22159 uid=1000 gids={41000, 1028, 1015, 3002, 3001, 3003}
I/PackageManager(  758): Adding preferred activity ComponentInfo{com.google.android.talk/com.google.android.apps.babel.phone.BabelHomeActivity} for user 0 :
I/PackageManager(  758): Adding preferred activity ComponentInfo{com.google.android.talk/com.google.android.apps.babel.phone.BabelHomeActivity} for user 0 :
I/ActivityManager(  758): Killing 16742:com.google.android.partnersetup/u0a11 (adj 15): empty #17
I/PackageManager(  758): Adding preferred activity ComponentInfo{com.google.android.talk/com.google.android.apps.babel.phone.BabelHomeActivity} for user 0 :
I/PackageManager(  758): Adding preferred activity ComponentInfo{com.google.android.talk/com.google.android.apps.babel.phone.BabelHomeActivity} for user 0 :
I/PackageManager(  758): Adding preferred activity ComponentInfo{com.google.android.talk/com.google.android.apps.babel.phone.BabelHomeActivity} for user 0 :
W/ContextImpl(22159): Calling a method in the system process without a qualified user: android.app.ContextImpl.startService:1479 android.content.ContextWrapper.startService:494 android.content.ContextWrapper.startService:494 com.android.keychain.KeyChainBroadcastReceiver.onReceive:12 android.app.ActivityThread.handleReceiver:2419 
I/PackageManager(  758): Adding preferred activity ComponentInfo{com.google.android.talk/com.google.android.apps.babel.phone.BabelHomeActivity} for user 0 :
I/PackageManager(  758): Adding preferred activity ComponentInfo{com.google.android.talk/com.google.android.apps.babel.phone.BabelHomeActivity} for user 0 :
I/PackageManager(  758): Adding preferred activity ComponentInfo{com.google.android.talk/com.google.android.apps.babel.phone.BabelHomeActivity} for user 0 :
I/PackageManager(  758): Adding preferred activity ComponentInfo{com.google.android.talk/com.google.android.apps.babel.phone.BabelHomeActivity} for user 0 :
I/PackageManager(  758): Adding preferred activity ComponentInfo{com.google.android.talk/com.google.android.apps.babel.phone.BabelHomeActivity} for user 0 :
I/PackageManager(  758): Adding preferred activity ComponentInfo{com.google.android.talk/com.google.android.apps.babel.phone.BabelHomeActivity} for user 0 :
I/PackageManager(  758): Adding preferred activity ComponentInfo{com.google.android.talk/com.google.android.apps.babel.phone.BabelHomeActivity} for user 0 :
I/PackageManager(  758): Adding preferred activity ComponentInfo{com.google.android.talk/com.google.android.apps.babel.phone.BabelHomeActivity} for user 0 :
I/PackageManager(  758): Adding preferred activity ComponentInfo{com.google.android.talk/com.google.android.apps.babel.phone.BabelHomeActivity} for user 0 :
I/ActivityManager(  758): Killing 18700:com.google.android.incallui/u0a8 (adj 15): empty #17
I/PackageManager(  758): Adding preferred activity ComponentInfo{com.google.android.talk/com.google.android.apps.babel.phone.BabelHomeActivity} for user 0 :
I/PackageManager(  758): Adding preferred activity ComponentInfo{com.google.android.talk/com.google.android.apps.babel.phone.BabelHomeActivity} for user 0 :
I/PackageManager(  758): Adding preferred activity ComponentInfo{com.google.android.talk/com.google.android.apps.babel.phone.BabelHomeActivity} for user 0 :
I/ActivityManager(  758): Start proc com.google.android.partnersetup for broadcast com.google.android.partnersetup/.RlzPingBroadcastReceiver: pid=22198 uid=10011 gids={50011, 3003}
I/ActivityManager(  758): Delay finish: com.android.musicfx/.Compatibility$Receiver
I/ActivityManager(  758): Resuming delayed broadcast
I/ActivityManager(  758): Delay finish: com.google.android.googlequicksearchbox/com.google.android.search.core.summons.icing.InternalIcingCorporaProvider$CorporaChangedReceiver
I/ActivityManager(  758): Resuming delayed broadcast
I/ActivityManager(  758): Delay finish: com.android.musicfx/.Compatibility$Receiver
I/ActivityManager(  758): Resuming delayed broadcast
I/ActivityManager(  758): Killing 19749:com.android.providers.calendar/u0a1 (adj 15): empty #17
I/ActivityManager(  758): Delay finish: com.luxtone.tuzi3/.receiver.AppInfoBroadcastReceiver
I/ActivityManager(  758): Start proc com.android.chrome:sandboxed_process3 for service com.android.chrome/org.chromium.content.app.SandboxedProcessService3: pid=22250 uid=99077 gids={}
I/ActivityManager(  758): Process com.android.chrome:sandboxed_process2 (pid 22115) has died.
I/ActivityManager(  758): Resuming delayed broadcast
I/ActivityManager(  758): Start proc com.nike.plusgps for broadcast com.nike.plusgps/com.urbanairship.push.GCMPushReceiver: pid=22279 uid=10091 gids={50091, 1028, 1015, 3003}
D/MobileDataStateTracker(  758): default: setPolicyDataEnable(enabled=true)
I/ActivityManager(  758): Start proc com.nike.plusgps:remote for service com.nike.plusgps/com.fullpower.applications.mxaeservice.ActivityEngineService: pid=22341 uid=10091 gids={50091, 1028, 1015, 3003}
I/ActivityManager(  758): Process com.google.android.tts (pid 13266) has died.
I/ActivityManager(  758): START u0 {act=android.intent.action.MAIN cat=[android.intent.category.HOME] flg=0x10200000 cmp=com.google.android.googlequicksearchbox/com.google.android.launcher.GEL} from pid 758
I/ActivityManager(  758): Process com.evernote (pid 14860) has died.
I/ActivityManager(  758): Delay finish: com.android.chrome/com.google.ipc.invalidation.ticl.android2.AndroidInternalScheduler$AlarmReceiver
I/ActivityManager(  758): Resuming delayed broadcast
D/ActivityThread(22341): Loading provider com.nike.plusgps.urbanairship.provider: com.urbanairship.UrbanAirshipProvider
I/ActivityManager(  758): Delay finish: com.android.chrome/com.google.android.apps.chrome.snapshot.gcm.GcmReceiver$Receiver
I/ActivityManager(  758): Resuming delayed broadcast
D/MobileDataStateTracker(  758): default: setPolicyDataEnable(enabled=true)
D/ConnectivityService(  758): handleInetConditionHoldEnd: net=1, condition=100, published condition=100
I/ActivityManager(  758): START u0 {act=android.intent.action.MAIN cat=[android.intent.category.HOME] flg=0x10200000 cmp=com.google.android.googlequicksearchbox/com.google.android.launcher.GEL} from pid 758
I/ActivityManager(  758): Delay finish: com.android.chrome/com.google.ipc.invalidation.ticl.android2.channel.AndroidMessageReceiverService$Receiver
I/ActivityManager(  758): Resuming delayed broadcast
I/ActivityManager(  758): Delay finish: com.android.chrome/com.google.android.apps.chrome.snapshot.gcm.GcmReceiver$Receiver
I/ActivityManager(  758): Resuming delayed broadcast
D/MobileDataStateTracker(  758): default: setPolicyDataEnable(enabled=true)
I/ActivityManager(  758): Waited long enough for: ServiceRecord{43236ab8 u0 com.luxtone.tuzi3/.service.Tuzi3Service}
I/ActivityManager(  758): Process com.google.android.apps.maps (pid 13231) has died.
D/ConnectivityService(  758): handleInetConditionHoldEnd: net=1, condition=100, published condition=100
I/ActivityManager(  758): Process com.google.android.youtube (pid 13089) has died.
I/ActivityManager(  758): Process sh.whisper (pid 13313) has died.
I/ActivityManager(  758): Process com.google.android.calendar (pid 19771) has died.
D/MobileDataStateTracker(  758): default: setPolicyDataEnable(enabled=true)
D/MobileDataStateTracker(  758): default: setPolicyDataEnable(enabled=true)
D/MobileDataStateTracker(  758): default: setPolicyDataEnable(enabled=true)
W/ProcessCpuTracker(  758): Skipping unknown process pid 22897
W/ProcessCpuTracker(  758): Skipping unknown process pid 22898
W/ProcessCpuTracker(  758): Skipping unknown process pid 22899
W/ProcessCpuTracker(  758): Skipping unknown process pid 22900
W/ProcessCpuTracker(  758): Skipping unknown process pid 22901
W/ProcessCpuTracker(  758): Skipping unknown process pid 22902
W/ProcessCpuTracker(  758): Skipping unknown process pid 22903
W/ProcessCpuTracker(  758): Skipping unknown process pid 22906
D/MobileDataStateTracker(  758): default: setPolicyDataEnable(enabled=true)
I/PowerManagerService(  758): Going to sleep due to screen timeout...
D/MobileDataStateTracker(  758): default: setPolicyDataEnable(enabled=true)
W/InputMethodManagerService(  758): Window already focused, ignoring focus gain of: com.android.internal.view.IInputMethodClient$Stub$Proxy@43f95830 attribute=android.view.inputmethod.EditorInfo@45112bf0, token = android.os.BinderProxy@42f31078
D/MobileDataStateTracker(  758): default: setPolicyDataEnable(enabled=true)
D/MobileDataStateTracker(  758): default: setPolicyDataEnable(enabled=true)
D/MobileDataStateTracker(  758): default: setPolicyDataEnable(enabled=true)
D/MobileDataStateTracker(  758): default: setPolicyDataEnable(enabled=true)
D/MobileDataStateTracker(  758): default: setPolicyDataEnable(enabled=true)
D/MobileDataStateTracker(  758): default: setPolicyDataEnable(enabled=true)
D/ConnectivityService(  758): handleInetConditionHoldEnd: net=1, condition=100, published condition=100
D/MobileDataStateTracker(  758): default: setPolicyDataEnable(enabled=true)
D/MobileDataStateTracker(  758): default: setPolicyDataEnable(enabled=true)
I/PowerManagerService(  758): Waking up from sleep...
I/WindowManager(  758): Lock screen displayed!
W/InputMethodManagerService(  758): Window already focused, ignoring focus gain of: com.android.internal.view.IInputMethodClient$Stub$Proxy@438bcb80 attribute=null, token = android.os.BinderProxy@42f31078
D/MobileDataStateTracker(  758): default: setPolicyDataEnable(enabled=true)
W/InputMethodManagerService(  758): Window already focused, ignoring focus gain of: com.android.internal.view.IInputMethodClient$Stub$Proxy@42e078e8 attribute=null, token = android.os.BinderProxy@42f31078
D/MobileDataStateTracker(  758): default: setPolicyDataEnable(enabled=true)
D/MobileDataStateTracker(  758): default: setPolicyDataEnable(enabled=true)
D/MobileDataStateTracker(  758): default: setPolicyDataEnable(enabled=true)
I/ActivityManager(  758): Process com.google.android.music:main (pid 12972) has died.
D/MobileDataStateTracker(  758): default: setPolicyDataEnable(enabled=true)
D/MobileDataStateTracker(  758): default: setPolicyDataEnable(enabled=true)
D/MobileDataStateTracker(  758): default: setPolicyDataEnable(enabled=true)
W/FileUtils(23745): Failed to chmod(/storage/emulated/0/Download/joeygraceffa-72.apk): libcore.io.ErrnoException: chmod failed: EPERM (Operation not permitted)
D/MobileDataStateTracker(  758): default: setPolicyDataEnable(enabled=true)
W/ActivityManager(  758): No content provider found for permission revoke: file:///data/data/com.android.providers.downloads/cache/downloadfile.apk
W/ActivityManager(  758): No content provider found for permission revoke: file:///data/data/com.android.providers.downloads/cache/downloadfile.apk
I/PackageManager(  758): Copying native libraries to /data/app-lib/vmdl1384880983
I/ActivityManager(  758): Force stopping com.android.chrome appid=10031 user=-1: replace sys pkg
I/ActivityManager(  758): Killing 18187:com.android.chrome/u0a31 (adj 7): stop com.android.chrome
W/PackageManager(  758): Trying to update system app code path from /data/app/com.android.chrome-2.apk to /data/app/com.android.chrome-1.apk
I/ActivityManager(  758): Killing 22250:com.android.chrome:sandboxed_process3/u0a31i77 (adj 0): isolated not needed
I/ActivityManager(  758): Killing 18442:com.android.chrome:sandboxed_process1/u0a31i75 (adj 0): isolated not needed
I/ActivityManager(  758):   Force finishing activity ActivityRecord{43133918 u0 com.android.chrome/com.google.android.apps.chrome.Main t164}
I/WindowState(  758): WIN DEATH: Window{43186d68 u0 SurfaceView}
I/WindowState(  758): WIN DEATH: Window{4312ef50 u0 com.android.chrome/com.google.android.apps.chrome.Main}
W/PackageManager(  758): Code path for pkg : com.android.chrome changing from /data/app/com.android.chrome-2.apk to /data/app/com.android.chrome-1.apk
W/PackageManager(  758): Resource path for pkg : com.android.chrome changing from /data/app/com.android.chrome-2.apk to /data/app/com.android.chrome-1.apk
I/ActivityManager(  758): Force stopping com.android.chrome appid=10031 user=-1: update pkg
W/PackageManager(  758): Unknown permission com.tencent.mm.plugin.permission.SEND in package com.tencent.mm
W/PackageManager(  758): Unknown permission com.android.launcher.permission.READ_SETTINGS in package com.tencent.mm
W/PackageManager(  758): Unknown permission com.tencent.mm.location.permission.SEND_VIEW in package com.tencent.mm
W/PackageManager(  758): Unknown permission com.tencent.mm.gwallet.BILLING in package com.tencent.mm
W/PackageManager(  758): Unknown permission com.tencent.mm.plugin.permission.GOOGLE_AUTH in package com.tencent.mm
W/PackageManager(  758): Not granting permission android.permission.MOUNT_UNMOUNT_FILESYSTEMS to package com.manboker.headportrait (protectionLevel=18 flags=0x88be04)
W/PackageManager(  758): Unknown permission com.android.smspush.WAPPUSH_MANAGER_BIND in package com.android.phone
W/PackageManager(  758): Unknown permission com.skt.aom.permission.AOM_RECEIVE in package jp.naver.line.android
W/PackageManager(  758): Unknown permission com.kddi.market.permission.USE_ALML in package jp.naver.line.android
W/PackageManager(  758): Not granting permission android.permission.MOUNT_UNMOUNT_FILESYSTEMS to package com.myzaker.ZAKER_Phone (protectionLevel=18 flags=0x8be44)
W/PackageManager(  758): Not granting permission android.permission.CHANGE_CONFIGURATION to package com.myzaker.ZAKER_Phone (protectionLevel=50 flags=0x8be44)
W/PackageManager(  758): Unknown permission com.android.launcher.permission.READ_SETTINGS in package com.myzaker.ZAKER_Phone
W/PackageManager(  758): Unknown permission com.android.launcher.permission.WRITE_SETTINGS in package com.myzaker.ZAKER_Phone
W/PackageManager(  758): Unknown permission com.android.nfc.permission.NFCEE_ADMIN in package com.google.android.apps.walletnfcrel
W/PackageManager(  758): Unknown permission com.android.vending.billing.IBillingAccountService.BIND2 in package com.google.android.gsf.login
W/PackageManager(  758): Unknown permission com.android.gallery3d.permission.GALLERY_PROVIDER in package com.android.bluetooth
W/PackageManager(  758): Unknown permission android.permission.MMS_SEND_OUTBOX_MSG in package com.android.bluetooth
W/PackageManager(  758): Unknown permission com.luxtone.shareservice.permission in package com.luxtone.tuzi3
W/PackageManager(  758): Not granting permission android.permission.READ_LOGS to package com.luxtone.tuzi3 (protectionLevel=50 flags=0x88be46)
W/PackageManager(  758): Not granting permission android.permission.DEVICE_POWER to package com.luxtone.tuzi3 (protectionLevel=2 flags=0x88be46)
W/PackageManager(  758): Not granting permission android.permission.INSTALL_PACKAGES to package com.luxtone.tuzi3 (protectionLevel=18 flags=0x88be46)
W/PackageManager(  758): Not granting permission android.permission.WRITE_SECURE_SETTINGS to package com.luxtone.tuzi3 (protectionLevel=50 flags=0x88be46)
W/PackageManager(  758): Not granting permission android.permission.DEVICE_POWER to package com.google.android.deskclock (protectionLevel=2 flags=0xc8be45)
W/PackageManager(  758): Not granting permission android.permission.READ_FRAME_BUFFER to package com.google.android.gms (protectionLevel=18 flags=0xc83ec5)
W/PackageManager(  758): Unknown permission android.permission.READ_OWNER_DATA in package com.google.android.setupwizard
W/PackageManager(  758): Unknown permission android.permission.WRITE_OWNER_DATA in package com.google.android.setupwizard
W/PackageManager(  758): Unknown permission com.dsi.ant.permission.ANT in package com.runtastic.android
W/PackageManager(  758): Unknown permission com.dsi.ant.permission.ANT_ADMIN in package com.runtastic.android
W/PackageManager(  758): Unknown permission com.sonyericsson.extras.liveware.aef.EXTENSION_PERMISSION in package com.runtastic.android
W/PackageManager(  758): Unknown permission com.android.launcher.permission.READ_SETTINGS in package com.android.settings
W/PackageManager(  758): Unknown permission com.android.launcher.permission.WRITE_SETTINGS in package com.android.settings
W/PackageManager(  758): Unknown permission com.sprint.internal.permission.SYSTEMPROPERTIES in package com.redbend.vdmc
W/PackageManager(  758): Unknown permission com.sprint.internal.permission.SYSTEMPROPERTIES_WRITE in package com.redbend.vdmc
W/PackageManager(  758): Unknown permission com.sprint.internal.permission.CONNECTIONMANAGER in package com.redbend.vdmc
W/PackageManager(  758): Unknown permission com.sprint.internal.permission.PLATFORM in package com.redbend.vdmc
W/PackageManager(  758): Unknown permission com.android.launcher.permission.READ_SETTINGS in package com.google.android.googlequicksearchbox
W/PackageManager(  758): Unknown permission com.android.launcher.permission.WRITE_SETTINGS in package com.google.android.googlequicksearchbox
W/PackageManager(  758): Unknown permission com.google.android.voicesearch.SHORTCUTS_ACCESS in package com.google.android.googlequicksearchbox
W/PackageManager(  758): Unknown permission com.google.android.voicesearch.ACCESS_SETTINGS in package com.google.android.googlequicksearchbox
W/PackageManager(  758): Unknown permission com.android.browser.permission.PRELOAD in package com.google.android.googlequicksearchbox
W/PackageManager(  758): Unknown permission com.google.android.apps.googlevoice.permission.AUTO_SEND in package com.google.android.googlequicksearchbox
W/PackageManager(  758): Unknown permission com.sec.android.iap.permission.BILLING in package com.hammermill.premium
W/PackageManager(  758): Unknown permission com.dynamixsoftware.printhand.PAYMENT_BROADCAST_PERMISSION in package com.hammermill.premium
W/PackageManager(  758): Unknown permission android.permission.WRITE_SYNC_STATS in package com.google.android.apps.docs
W/PackageManager(  758): Not granting permission android.permission.SET_ORIENTATION to package com.vimeo.android.videoapp (protectionLevel=2 flags=0x88be44)
W/PackageManager(  758): Not granting permission android.permission.CLEAR_APP_USER_DATA to package com.vimeo.android.videoapp (protectionLevel=2 flags=0x88be44)
W/PackageManager(  758): Unknown permission com.sec.android.permission.PERSONAL_MEDIA in package com.vimeo.android.videoapp
W/PackageManager(  758): Unknown permission com.android.launcher.permission.READ_SETTINGS in package com.google.android.onetimeinitializer
W/PackageManager(  758): Unknown permission com.android.launcher.permission.WRITE_SETTINGS in package com.google.android.onetimeinitializer
W/PackageManager(  758): Unknown permission com.android.launcher.permission.PRELOAD_WORKSPACE in package com.google.android.partnersetup
W/PackageManager(  758): Not granting permission android.permission.CALL_PRIVILEGED to package com.zoiper.android.app (protectionLevel=18 flags=0x80be44)
W/PackageManager(  758): Not granting permission android.permission.READ_LOGS to package com.zoiper.android.app (protectionLevel=50 flags=0x80be44)
W/PackageManager(  758): Unknown permission com.shazam.android.preloadinfo.provider.ACCESS_DATA in package com.shazam.android
W/PackageManager(  758): Unknown permission com.sonymobile.permission.CAMERA_ADDON in package com.evernote
W/PackageManager(  758): Unknown permission android.permission.ACCESS_COARSE_LOCATIO in package org.redidea.voicetube
W/PackageManager(  758): Not granting permission android.permission.SEND_DOWNLOAD_COMPLETED_INTENTS to package com.android.vending (protectionLevel=2 flags=0x8abec5)
W/PackageManager(  758): Unknown permission android.permission.SEND_SMS_NO_CONFIRMATION in package com.android.vending
W/PackageManager(  758): Not granting permission android.permission.BIND_WALLPAPER to package com.google.android.GoogleCamera (protectionLevel=18 flags=0xd8bc45)
W/PackageManager(  758): Unknown permission .permission.C2D_MESSAGE in package com.pinterest
W/PackageManager(  758): Not granting permission android.permission.READ_DREAM_STATE to package com.google.android.gsf (protectionLevel=2 flags=0x40883e45)
W/PackageManager(  758): Unknown permission com.sprint.internal.permission.SYSTEMPROPERTIES in package com.lge.SprintHiddenMenu
W/PackageManager(  758): Unknown permission com.sprint.internal.permission.SYSTEMPROPERTIES_WRITE in package com.lge.SprintHiddenMenu
W/PackageManager(  758): Unknown permission com.sprint.internal.permission.CONNECTIONMANAGER in package com.lge.SprintHiddenMenu
W/PackageManager(  758): Unknown permission com.sprint.internal.permission.PLATFORM in package com.lge.SprintHiddenMenu
W/PackageManager(  758): Unknown permission com.sprint.internal.permission.OMADM in package com.lge.SprintHiddenMenu
W/PackageManager(  758): Unknown permission android.permission.FACTORY in package com.lge.SprintHiddenMenu
W/PackageManager(  758): Unknown permission com.lge.permission.LGHIDDEN in package com.lge.SprintHiddenMenu
W/PackageManager(  758): Unknown permission android.permission.MMS_PUSH in package com.lge.SprintHiddenMenu
W/PackageManager(  758): Not granting permission android.permission.READ_LOGS to package com.xiachufang (protectionLevel=50 flags=0x90be44)
I/ActivityManager(  758): Start proc com.popularapp.periodcalendar for broadcast com.popularapp.periodcalendar/.AlertBroadcastReceiver: pid=23643 uid=10100 gids={50100, 1028, 1015, 3003}
I/ActivityManager(  758): Force stopping com.android.chrome appid=10031 user=0: pkg removed
I/PackageManager(  758): Adding preferred activity ComponentInfo{com.google.android.talk/com.google.android.apps.babel.phone.BabelHomeActivity} for user 0 :
I/PackageManager(  758): Adding preferred activity ComponentInfo{com.google.android.talk/com.google.android.apps.babel.phone.BabelHomeActivity} for user 0 :
I/PackageManager(  758): Adding preferred activity ComponentInfo{com.google.android.talk/com.google.android.apps.babel.phone.BabelHomeActivity} for user 0 :
I/PackageManager(  758): Adding preferred activity ComponentInfo{com.google.android.talk/com.google.android.apps.babel.phone.BabelHomeActivity} for user 0 :
I/PackageManager(  758): Adding preferred activity ComponentInfo{com.google.android.talk/com.google.android.apps.babel.phone.BabelHomeActivity} for user 0 :
I/PackageManager(  758): Adding preferred activity ComponentInfo{com.google.android.talk/com.google.android.apps.babel.phone.BabelHomeActivity} for user 0 :
I/PackageManager(  758): Adding preferred activity ComponentInfo{com.google.android.talk/com.google.android.apps.babel.phone.BabelHomeActivity} for user 0 :
I/PackageManager(  758): Adding preferred activity ComponentInfo{com.google.android.talk/com.google.android.apps.babel.phone.BabelHomeActivity} for user 0 :
D/BackupManagerService(  758): Now staging backup of com.google.android.googlequicksearchbox
I/PackageManager(  758): Adding preferred activity ComponentInfo{com.google.android.talk/com.google.android.apps.babel.phone.BabelHomeActivity} for user 0 :
I/PackageManager(  758): Adding preferred activity ComponentInfo{com.google.android.talk/com.google.android.apps.babel.phone.BabelHomeActivity} for user 0 :
I/PackageManager(  758): Adding preferred activity ComponentInfo{com.google.android.talk/com.google.android.apps.babel.phone.BabelHomeActivity} for user 0 :
I/PackageManager(  758): Adding preferred activity ComponentInfo{com.google.android.talk/com.google.android.apps.babel.phone.BabelHomeActivity} for user 0 :
I/PackageManager(  758): Adding preferred activity ComponentInfo{com.google.android.talk/com.google.android.apps.babel.phone.BabelHomeActivity} for user 0 :
I/PackageManager(  758): Adding preferred activity ComponentInfo{com.google.android.talk/com.google.android.apps.babel.phone.BabelHomeActivity} for user 0 :
I/PackageManager(  758): Adding preferred activity ComponentInfo{com.google.android.talk/com.google.android.apps.babel.phone.BabelHomeActivity} for user 0 :
I/PackageManager(  758): Adding preferred activity ComponentInfo{com.google.android.talk/com.google.android.apps.babel.phone.BabelHomeActivity} for user 0 :
I/PackageManager(  758): Adding preferred activity ComponentInfo{com.google.android.talk/com.google.android.apps.babel.phone.BabelHomeActivity} for user 0 :
D/BackupManagerService(  758): Received broadcast Intent { act=android.intent.action.PACKAGE_REMOVED dat=package:com.android.chrome flg=0x4000010 (has extras) }
I/PackageManager(  758): Adding preferred activity ComponentInfo{com.google.android.talk/com.google.android.apps.babel.phone.BabelHomeActivity} for user 0 :
I/PackageManager(  758): Adding preferred activity ComponentInfo{com.google.android.talk/com.google.android.apps.babel.phone.BabelHomeActivity} for user 0 :
I/PackageManager(  758): Adding preferred activity ComponentInfo{com.google.android.talk/com.google.android.apps.babel.phone.BabelHomeActivity} for user 0 :
W/ContextImpl(22159): Calling a method in the system process without a qualified user: android.app.ContextImpl.startService:1479 android.content.ContextWrapper.startService:494 android.content.ContextWrapper.startService:494 com.android.keychain.KeyChainBroadcastReceiver.onReceive:12 android.app.ActivityThread.handleReceiver:2419 
D/BackupManagerService(  758): Received broadcast Intent { act=android.intent.action.PACKAGE_ADDED dat=package:com.android.chrome flg=0x4000010 (has extras) }
V/BackupManagerService(  758): removePackageParticipantsLocked: uid=10031 #1
V/BackupManagerService(  758): addPackageParticipantsLocked: #1
I/PackageManager(  758): Adding preferred activity ComponentInfo{com.google.android.talk/com.google.android.apps.babel.phone.BabelHomeActivity} for user 0 :
I/PackageManager(  758): Adding preferred activity ComponentInfo{com.google.android.talk/com.google.android.apps.babel.phone.BabelHomeActivity} for user 0 :
I/PackageManager(  758): Adding preferred activity ComponentInfo{com.google.android.talk/com.google.android.apps.babel.phone.BabelHomeActivity} for user 0 :
I/PackageManager(  758): Adding preferred activity ComponentInfo{com.google.android.talk/com.google.android.apps.babel.phone.BabelHomeActivity} for user 0 :
I/ActivityManager(  758): Delay finish: com.android.musicfx/.Compatibility$Receiver
I/ActivityManager(  758): Resuming delayed broadcast
I/ActivityManager(  758): Delay finish: com.google.android.apps.plus/.service.PackagesMediaMonitor
I/ActivityManager(  758): Resuming delayed broadcast
I/ActivityManager(  758): Delay finish: com.google.android.apps.plus/.service.PackageAddedReceiver
I/ActivityManager(  758): Resuming delayed broadcast
I/ActivityManager(  758): Delay finish: com.android.musicfx/.Compatibility$Receiver
I/ActivityManager(  758): Resuming delayed broadcast
D/MobileDataStateTracker(  758): default: setPolicyDataEnable(enabled=true)
D/MobileDataStateTracker(  758): default: setPolicyDataEnable(enabled=true)
I/PowerManagerService(  758): Going to sleep due to screen timeout...
I/ActivityManager(  758): Waited long enough for: ServiceRecord{43211ba0 u0 com.android.providers.downloads/.DownloadService}
D/MobileDataStateTracker(  758): default: setPolicyDataEnable(enabled=true)
I/PowerManagerService(  758): Waking up from sleep...
I/WindowManager(  758): Lock screen displayed!
W/InputMethodManagerService(  758): Window already focused, ignoring focus gain of: com.android.internal.view.IInputMethodClient$Stub$Proxy@42fc7db8 attribute=android.view.inputmethod.EditorInfo@42fc2d18, token = android.os.BinderProxy@42f31078
I/ActivityManager(  758): START u0 {act=android.intent.action.VIEW dat=file:///storage/emulated/0/Download/joeygraceffa-72.apk typ=application/vnd.android.package-archive flg=0x10000000 cmp=com.android.packageinstaller/.PackageInstallerActivity (has extras)} from pid 23745
W/InputMethodManagerService(  758): Window already focused, ignoring focus gain of: com.android.internal.view.IInputMethodClient$Stub$Proxy@431c7770 attribute=null, token = android.os.BinderProxy@42f31078
I/ActivityManager(  758): Start proc com.android.packageinstaller for activity com.android.packageinstaller/.PackageInstallerActivity: pid=23987 uid=10060 gids={50060, 1028}
I/ActivityManager(  758): Start proc com.google.android.apps.maps for service com.google.android.apps.maps/com.google.android.apps.gmm.prefetch.PrefetcherService: pid=24025 uid=10057 gids={50057, 3003, 1028, 1015}
W/ActivityThread(24025): ClassLoader.loadClass: The class loader returned by Thread.getContextClassLoader() may fail for processes that host multiple applications. You should explicitly specify a context class loader. For example: Thread.setContextClassLoader(getClass().getClassLoader());
D/MobileDataStateTracker(  758): default: setPolicyDataEnable(enabled=true)
I/ActivityManager(  758): Start proc com.google.android.tts for service com.google.android.tts/.service.GoogleTTSService: pid=24072 uid=10048 gids={50048, 3003, 1028, 1015}
I/ActivityManager(  758): START u0 {dat=file:///storage/emulated/0/Download/joeygraceffa-72.apk cmp=com.android.packageinstaller/.InstallAppProgress (has extras)} from pid 23987
W/ActivityManager(  758): No content provider found for permission revoke: file:///storage/emulated/0/Download/joeygraceffa-72.apk
W/ActivityManager(  758): No content provider found for permission revoke: file:///storage/emulated/0/Download/joeygraceffa-72.apk
I/PackageManager(  758): Copying native libraries to /data/app-lib/vmdl-920165048
D/MobileDataStateTracker(  758): default: setPolicyDataEnable(enabled=true)
I/ActivityManager(  758): Force stopping tv.joeygraceffa.fliprtv appid=10134 user=-1: update pkg
I/PackageManager(  758): Adding preferred activity ComponentInfo{com.google.android.talk/com.google.android.apps.babel.phone.BabelHomeActivity} for user 0 :
I/PackageManager(  758): Adding preferred activity ComponentInfo{com.google.android.talk/com.google.android.apps.babel.phone.BabelHomeActivity} for user 0 :
I/PackageManager(  758): Adding preferred activity ComponentInfo{com.google.android.talk/com.google.android.apps.babel.phone.BabelHomeActivity} for user 0 :
I/PackageManager(  758): Adding preferred activity ComponentInfo{com.google.android.talk/com.google.android.apps.babel.phone.BabelHomeActivity} for user 0 :
D/BackupManagerService(  758): Received broadcast Intent { act=android.intent.action.PACKAGE_ADDED dat=package:tv.joeygraceffa.fliprtv flg=0x4000010 (has extras) }
V/BackupManagerService(  758): addPackageParticipantsLocked: #1
I/PackageManager(  758): Adding preferred activity ComponentInfo{com.google.android.talk/com.google.android.apps.babel.phone.BabelHomeActivity} for user 0 :
I/PackageManager(  758): Adding preferred activity ComponentInfo{com.google.android.talk/com.google.android.apps.babel.phone.BabelHomeActivity} for user 0 :
I/PackageManager(  758): Adding preferred activity ComponentInfo{com.google.android.talk/com.google.android.apps.babel.phone.BabelHomeActivity} for user 0 :
I/PackageManager(  758): Adding preferred activity ComponentInfo{com.google.android.talk/com.google.android.apps.babel.phone.BabelHomeActivity} for user 0 :
I/ActivityManager(  758): START u0 {act=android.intent.action.MAIN cat=[android.intent.category.LAUNCHER] flg=0x10000000 pkg=tv.joeygraceffa.fliprtv cmp=tv.joeygraceffa.fliprtv/tv.tv9x9.player.start} from pid 23987
I/ActivityManager(  758): Start proc tv.joeygraceffa.fliprtv for activity tv.joeygraceffa.fliprtv/tv.tv9x9.player.start: pid=24215 uid=10134 gids={50134, 3003}
I/ActivityManager(  758): START u0 {cmp=tv.joeygraceffa.fliprtv/tv.tv9x9.player.main} from pid 24215
I/ActivityManager(  758): Start proc com.google.android.youtube.player for service com.google.android.youtube/.api.service.YouTubeService: pid=24293 uid=10071 gids={50071, 3003, 1028, 1015}
I/ActivityManager(  758): Start proc com.google.android.youtube for service com.google.android.youtube/.app.remote.YouTubeTvRouteProviderService: pid=24321 uid=10071 gids={50071, 3003, 1028, 1015}
D/MobileDataStateTracker(  758): default: setPolicyDataEnable(enabled=true)
E/ActivityThread(24215): Failed to find provider info for com.facebook.katana.provider.AttributionIdProvider
E/ActivityThread(24215): Failed to find provider info for com.facebook.katana.provider.AttributionIdProvider
W/ActivityManager(  758): Unable to start service Intent { act=com.google.android.gms.analytics.service.START cmp=com.google.android.gms/.analytics.service.AnalyticsService (has extras) } U=0: not found
D/MobileDataStateTracker(  758): default: setPolicyDataEnable(enabled=true)
W/ActivityManager(  758): No content provider found for permission revoke: file:///data/data/com.android.providers.downloads/cache/downloadfile.apk
W/ActivityManager(  758): No content provider found for permission revoke: file:///data/data/com.android.providers.downloads/cache/downloadfile.apk
I/PackageManager(  758): Copying native libraries to /data/app-lib/vmdl830523219
I/ActivityManager(  758): Force stopping com.google.android.launcher appid=10046 user=-1: replace sys pkg
W/PackageManager(  758): Trying to update system app code path from /system/app/GoogleHome.apk to /data/app/com.google.android.launcher-1.apk
I/ActivityManager(  758): Force stopping com.google.android.launcher appid=10046 user=-1: update pkg
W/PackageManager(  758): Code path for pkg : com.google.android.launcher changing from /system/app/GoogleHome.apk to /data/app/com.google.android.launcher-1.apk
W/PackageManager(  758): Resource path for pkg : com.google.android.launcher changing from /system/app/GoogleHome.apk to /data/app/com.google.android.launcher-1.apk
W/PackageManager(  758): Unknown permission com.android.launcher.permission.READ_SETTINGS in package com.google.android.launcher
W/PackageManager(  758): Unknown permission com.android.launcher.permission.WRITE_SETTINGS in package com.google.android.launcher
I/ActivityManager(  758): Force stopping com.google.android.launcher appid=10046 user=0: pkg removed
I/PackageManager(  758): Adding preferred activity ComponentInfo{com.google.android.talk/com.google.android.apps.babel.phone.BabelHomeActivity} for user 0 :
I/PackageManager(  758): Adding preferred activity ComponentInfo{com.google.android.talk/com.google.android.apps.babel.phone.BabelHomeActivity} for user 0 :
I/PackageManager(  758): Adding preferred activity ComponentInfo{com.google.android.talk/com.google.android.apps.babel.phone.BabelHomeActivity} for user 0 :
I/PackageManager(  758): Adding preferred activity ComponentInfo{com.google.android.talk/com.google.android.apps.babel.phone.BabelHomeActivity} for user 0 :
W/ContextImpl(22159): Calling a method in the system process without a qualified user: android.app.ContextImpl.startService:1479 android.content.ContextWrapper.startService:494 android.content.ContextWrapper.startService:494 com.android.keychain.KeyChainBroadcastReceiver.onReceive:12 android.app.ActivityThread.handleReceiver:2419 
I/PackageManager(  758): Adding preferred activity ComponentInfo{com.google.android.talk/com.google.android.apps.babel.phone.BabelHomeActivity} for user 0 :
D/BackupManagerService(  758): Received broadcast Intent { act=android.intent.action.PACKAGE_REMOVED dat=package:com.google.android.launcher flg=0x4000010 (has extras) }
I/PackageManager(  758): Adding preferred activity ComponentInfo{com.google.android.talk/com.google.android.apps.babel.phone.BabelHomeActivity} for user 0 :
I/PackageManager(  758): Adding preferred activity ComponentInfo{com.google.android.talk/com.google.android.apps.babel.phone.BabelHomeActivity} for user 0 :
D/BackupManagerService(  758): Received broadcast Intent { act=android.intent.action.PACKAGE_ADDED dat=package:com.google.android.launcher flg=0x4000010 (has extras) }
V/BackupManagerService(  758): removePackageParticipantsLocked: uid=10046 #1
I/PackageManager(  758): Adding preferred activity ComponentInfo{com.google.android.talk/com.google.android.apps.babel.phone.BabelHomeActivity} for user 0 :
V/BackupManagerService(  758): addPackageParticipantsLocked: #1
I/PackageManager(  758): Adding preferred activity ComponentInfo{com.google.android.talk/com.google.android.apps.babel.phone.BabelHomeActivity} for user 0 :
I/PackageManager(  758): Adding preferred activity ComponentInfo{com.google.android.talk/com.google.android.apps.babel.phone.BabelHomeActivity} for user 0 :
I/PackageManager(  758): Adding preferred activity ComponentInfo{com.google.android.talk/com.google.android.apps.babel.phone.BabelHomeActivity} for user 0 :
I/PackageManager(  758): Adding preferred activity ComponentInfo{com.google.android.talk/com.google.android.apps.babel.phone.BabelHomeActivity} for user 0 :
I/PackageManager(  758): Adding preferred activity ComponentInfo{com.google.android.talk/com.google.android.apps.babel.phone.BabelHomeActivity} for user 0 :
I/PackageManager(  758): Adding preferred activity ComponentInfo{com.google.android.talk/com.google.android.apps.babel.phone.BabelHomeActivity} for user 0 :
I/PackageManager(  758): Adding preferred activity ComponentInfo{com.google.android.talk/com.google.android.apps.babel.phone.BabelHomeActivity} for user 0 :
I/PackageManager(  758): Adding preferred activity ComponentInfo{com.google.android.talk/com.google.android.apps.babel.phone.BabelHomeActivity} for user 0 :
I/PackageManager(  758): Adding preferred activity ComponentInfo{com.google.android.talk/com.google.android.apps.babel.phone.BabelHomeActivity} for user 0 :
I/PackageManager(  758): Adding preferred activity ComponentInfo{com.google.android.talk/com.google.android.apps.babel.phone.BabelHomeActivity} for user 0 :
I/PackageManager(  758): Adding preferred activity ComponentInfo{com.google.android.talk/com.google.android.apps.babel.phone.BabelHomeActivity} for user 0 :
I/PackageManager(  758): Adding preferred activity ComponentInfo{com.google.android.talk/com.google.android.apps.babel.phone.BabelHomeActivity} for user 0 :
I/PackageManager(  758): Adding preferred activity ComponentInfo{com.google.android.talk/com.google.android.apps.babel.phone.BabelHomeActivity} for user 0 :
I/PackageManager(  758): Adding preferred activity ComponentInfo{com.google.android.talk/com.google.android.apps.babel.phone.BabelHomeActivity} for user 0 :
I/PackageManager(  758): Adding preferred activity ComponentInfo{com.google.android.talk/com.google.android.apps.babel.phone.BabelHomeActivity} for user 0 :
I/PackageManager(  758): Adding preferred activity ComponentInfo{com.google.android.talk/com.google.android.apps.babel.phone.BabelHomeActivity} for user 0 :
I/ActivityManager(  758): Delay finish: com.android.musicfx/.Compatibility$Receiver
I/ActivityManager(  758): Resuming delayed broadcast
W/ActivityManager(  758): Unable to start service Intent { act=com.google.android.gms.analytics.service.START cmp=com.google.android.gms/.analytics.service.AnalyticsService (has extras) } U=0: not found
I/ActivityManager(  758): START u0 {act=android.intent.action.CHOOSER flg=0x1 cmp=android/com.android.internal.app.ChooserActivity (has clip) (has extras)} from pid 24215
W/InputMethodManagerService(  758): Window already focused, ignoring focus gain of: com.android.internal.view.IInputMethodClient$Stub$Proxy@42f4dc40 attribute=null, token = android.os.BinderProxy@430334b8
D/MobileDataStateTracker(  758): default: setPolicyDataEnable(enabled=true)
I/ActivityManager(  758): Start proc com.android.providers.calendar for content provider com.android.providers.calendar/.CalendarProvider2: pid=25049 uid=10001 gids={50001, 3003, 1028, 1015}
I/ActivityManager(  758): Start proc com.google.android.calendar for broadcast com.google.android.calendar/com.android.calendar.alerts.AlertReceiver: pid=25068 uid=10028 gids={50028, 3003}
I/ActivityManager(  758): Killing 9612:com.google.android.deskclock/u0a33 (adj 15): empty #17
D/MobileDataStateTracker(  758): default: setPolicyDataEnable(enabled=true)
I/ActivityManager(  758): Process com.google.android.tts (pid 24072) has died.
I/ActivityManager(  758): Process com.google.android.apps.maps (pid 24025) has died.
W/ViewRootImpl(24215): Dropping event due to root view being removed: MotionEvent { action=ACTION_UP, id[0]=0, x[0]=753.0, y[0]=-152.0, toolType[0]=TOOL_TYPE_FINGER, buttonState=0, metaState=0, flags=0x0, edgeFlags=0x0, pointerCount=1, historySize=0, eventTime=255206929, downTime=255206897, deviceId=4, source=0x1002 }
D/MobileDataStateTracker(  758): default: setPolicyDataEnable(enabled=true)
D/MobileDataStateTracker(  758): default: setPolicyDataEnable(enabled=true)
D/MobileDataStateTracker(  758): default: setPolicyDataEnable(enabled=true)
D/MobileDataStateTracker(  758): default: setPolicyDataEnable(enabled=true)
I/ActivityManager(  758): Start proc com.google.android.deskclock for broadcast com.google.android.deskclock/com.android.alarmclock.DigitalAppWidgetProvider: pid=25521 uid=10033 gids={50033, 1028}
D/MobileDataStateTracker(  758): default: setPolicyDataEnable(enabled=true)
D/MobileDataStateTracker(  758): default: setPolicyDataEnable(enabled=true)
D/MobileDataStateTracker(  758): default: setPolicyDataEnable(enabled=true)
D/MobileDataStateTracker(  758): default: setPolicyDataEnable(enabled=true)
D/MobileDataStateTracker(  758): default: setPolicyDataEnable(enabled=true)
D/MobileDataStateTracker(  758): default: setPolicyDataEnable(enabled=true)
D/MobileDataStateTracker(  758): default: setPolicyDataEnable(enabled=true)
D/MobileDataStateTracker(  758): default: setPolicyDataEnable(enabled=true)
D/MobileDataStateTracker(  758): default: setPolicyDataEnable(enabled=true)
D/MobileDataStateTracker(  758): default: setPolicyDataEnable(enabled=true)
D/MobileDataStateTracker(  758): default: setPolicyDataEnable(enabled=true)
D/MobileDataStateTracker(  758): default: setPolicyDataEnable(enabled=true)
I/ActivityManager(  758): Process com.android.packageinstaller (pid 23987) has died.
D/MobileDataStateTracker(  758): default: setPolicyDataEnable(enabled=true)
D/MobileDataStateTracker(  758): default: setPolicyDataEnable(enabled=true)
D/MobileDataStateTracker(  758): default: setPolicyDataEnable(enabled=true)
D/MobileDataStateTracker(  758): default: setPolicyDataEnable(enabled=true)
D/MobileDataStateTracker(  758): default: setPolicyDataEnable(enabled=true)
D/MobileDataStateTracker(  758): default: setPolicyDataEnable(enabled=true)
D/MobileDataStateTracker(  758): default: setPolicyDataEnable(enabled=true)
D/MobileDataStateTracker(  758): default: setPolicyDataEnable(enabled=true)
D/MobileDataStateTracker(  758): default: setPolicyDataEnable(enabled=true)
D/MobileDataStateTracker(  758): default: setPolicyDataEnable(enabled=true)
D/MobileDataStateTracker(  758): default: setPolicyDataEnable(enabled=true)
D/MobileDataStateTracker(  758): default: setPolicyDataEnable(enabled=true)
D/MobileDataStateTracker(  758): default: setPolicyDataEnable(enabled=true)
D/MobileDataStateTracker(  758): default: setPolicyDataEnable(enabled=true)
D/MobileDataStateTracker(  758): default: setPolicyDataEnable(enabled=true)
D/ConnectivityService(  758): Sampling interval elapsed, updating statistics ..
D/ConnectivityService(  758): Done.
D/ConnectivityService(  758): Setting timer for 720seconds
I/ActivityManager(  758): Process com.google.android.apps.magazines (pid 13194) has died.
I/ActivityManager(  758): Process android.process.media (pid 23745) has died.
I/ActivityManager(  758): START u0 {act=android.intent.action.MAIN cat=[android.intent.category.HOME] flg=0x10200000 cmp=com.google.android.googlequicksearchbox/com.google.android.launcher.GEL} from pid 758
I/ActivityManager(  758): START u0 {act=android.intent.action.MAIN cat=[android.intent.category.HOME] flg=0x10200000 cmp=com.google.android.googlequicksearchbox/com.google.android.launcher.GEL} from pid 758
I/ActivityManager(  758): START u0 {act=android.intent.action.MAIN cat=[android.intent.category.LAUNCHER] flg=0x10200000 cmp=com.google.android.youtube/.app.honeycomb.Shell$HomeActivity bnds=[282,1043][516,1305]} from pid 1041
W/ActivityManager(  758): Activity destroy timeout for ActivityRecord{42fe1ce0 u0 tv.joeygraceffa.fliprtv/tv.tv9x9.player.main t408 f}
E/ActivityThread(24293): Service com.google.android.youtube.api.service.YouTubeService has leaked IntentReceiver com.google.android.apps.youtube.core.utils.ConnectivityReceiver@42640880 that was originally registered here. Are you missing a call to unregisterReceiver()?
E/ActivityThread(24293): android.app.IntentReceiverLeaked: Service com.google.android.youtube.api.service.YouTubeService has leaked IntentReceiver com.google.android.apps.youtube.core.utils.ConnectivityReceiver@42640880 that was originally registered here. Are you missing a call to unregisterReceiver()?
E/ActivityThread(24293): 	at android.app.LoadedApk$ReceiverDispatcher.<init>(LoadedApk.java:805)
E/ActivityThread(24293): 	at android.app.LoadedApk.getReceiverDispatcher(LoadedApk.java:606)
E/ActivityThread(24293): 	at android.app.ContextImpl.registerReceiverInternal(ContextImpl.java:1430)
E/ActivityThread(24293): 	at android.app.ContextImpl.registerReceiver(ContextImpl.java:1410)
E/ActivityThread(24293): 	at android.app.ContextImpl.registerReceiver(ContextImpl.java:1404)
E/ActivityThread(24293): 	at android.content.ContextWrapper.registerReceiver(ContextWrapper.java:467)
E/ActivityThread(24293): 	at com.google.android.apps.youtube.core.utils.ConnectivityReceiver.<init>(SourceFile:53)
E/ActivityThread(24293): 	at com.google.android.apps.youtube.api.j.<init>(SourceFile:289)
E/ActivityThread(24293): 	at com.google.android.apps.youtube.api.j.a(SourceFile:123)
E/ActivityThread(24293): 	at com.google.android.apps.youtube.api.k.run(SourceFile:224)
E/ActivityThread(24293): 	at android.os.Handler.handleCallback(Handler.java:733)
E/ActivityThread(24293): 	at android.os.Handler.dispatchMessage(Handler.java:95)
E/ActivityThread(24293): 	at android.os.Looper.loop(Looper.java:136)
E/ActivityThread(24293): 	at android.app.ActivityThread.main(ActivityThread.java:5017)
E/ActivityThread(24293): 	at java.lang.reflect.Method.invokeNative(Native Method)
E/ActivityThread(24293): 	at java.lang.reflect.Method.invoke(Method.java:515)
E/ActivityThread(24293): 	at com.android.internal.os.ZygoteInit$MethodAndArgsCaller.run(ZygoteInit.java:779)
E/ActivityThread(24293): 	at com.android.internal.os.ZygoteInit.main(ZygoteInit.java:595)
E/ActivityThread(24293): 	at dalvik.system.NativeStart.main(Native Method)
I/PowerManagerService(  758): Going to sleep due to screen timeout...
I/ActivityManager(  758): Process com.google.android.youtube.player (pid 24293) has died.
I/PowerManagerService(  758): Waking up from sleep...
I/WindowManager(  758): No lock screen! windowToken=null
I/ActivityManager(  758): Process com.google.android.apps.walletnfcrel (pid 13150) has died.
I/ActivityManager(  758): Process system:ui (pid 18515) has died.
I/ActivityManager(  758): Process com.popularapp.periodcalendar (pid 23643) has died.
I/ActivityManager(  758): Process com.google.android.partnersetup (pid 22198) has died.
I/ActivityManager(  758): Process com.android.keychain (pid 22159) has died.
I/ActivityManager(  758): Process com.android.defcontainer (pid 22080) has died.
I/ActivityManager(  758): Process com.android.musicfx (pid 22137) has died.
I/PowerManagerService(  758): Going to sleep due to screen timeout...
I/ActivityManager(  758): Start proc com.android.chrome for broadcast com.android.chrome/com.google.ipc.invalidation.external.client.contrib.MultiplexingGcmListener$GCMReceiver: pid=27894 uid=10031 gids={50031, 3003, 1028, 1015}
D/ConnectivityService(  758): handleInetConditionHoldEnd: net=1, condition=100, published condition=100
I/ActivityManager(  758): Start proc android.process.media for content provider com.android.providers.media/.MediaProvider: pid=27969 uid=10005 gids={50005, 1028, 1015, 1023, 1024, 2001, 3003, 3007}
